Archive member included because of file (symbol)

contiki-z1.a(rimeaddr.o)      obj_z1/contiki-z1-main.o (rimeaddr_copy)
contiki-z1.a(csma.o)          obj_z1/contiki-z1-main.o (csma_driver)
contiki-z1.a(contikimac.o)    obj_z1/contiki-z1-main.o (contikimac_driver)
contiki-z1.a(phase.o)         contiki-z1.a(contikimac.o) (phase_update)
contiki-z1.a(process.o)       obj_z1/contiki-z1-main.o (process_init)
contiki-z1.a(autostart.o)     obj_z1/contiki-z1-main.o (autostart_start)
contiki-z1.a(memb.o)          contiki-z1.a(csma.o) (memb_init)
contiki-z1.a(timer.o)         contiki-z1.a(phase.o) (timer_set)
contiki-z1.a(list.o)          contiki-z1.a(csma.o) (list_init)
contiki-z1.a(etimer.o)        obj_z1/contiki-z1-main.o (etimer_process)
contiki-z1.a(ctimer.o)        obj_z1/contiki-z1-main.o (ctimer_init)
contiki-z1.a(energest.o)      obj_z1/contiki-z1-main.o (energest_init)
contiki-z1.a(rtimer.o)        obj_z1/contiki-z1-main.o (rtimer_init)
contiki-z1.a(random.o)        contiki-z1.a(csma.o) (random_rand)
contiki-z1.a(nbr-table.o)     contiki-z1.a(phase.o) (nbr_table_register)
contiki-z1.a(packetbuf.o)     contiki-z1.a(contikimac.o) (packetbuf_hdr_remove)
contiki-z1.a(queuebuf.o)      obj_z1/contiki-z1-main.o (queuebuf_init)
contiki-z1.a(resolv.o)        udp-server.co (resolv_set_hostname)
contiki-z1.a(sicslowpan.o)    obj_z1/contiki-z1-main.o (sicslowpan_driver)
contiki-z1.a(tcpip.o)         contiki-z1.a(sicslowpan.o) (tcpip_set_outputfunc)
contiki-z1.a(uip-debug.o)     udp-server.co (uip_debug_ipaddr_print)
contiki-z1.a(uip-ds6-route.o)
                              contiki-z1.a(tcpip.o) (uip_ds6_route_nexthop)
contiki-z1.a(uip-ds6-nbr.o)   contiki-z1.a(tcpip.o) (uip_ds6_nbr_add)
contiki-z1.a(uip-ds6.o)       contiki-z1.a(tcpip.o) (uip_ds6_is_addr_onlink)
contiki-z1.a(uip-nd6.o)       contiki-z1.a(tcpip.o) (uip_nd6_ns_output)
contiki-z1.a(uip-udp-packet.)
                              udp-server.co (uip_udp_packet_send)
contiki-z1.a(uip6.o)          udp-server.co (uip_aligned_buf)
contiki-z1.a(contiki-z1-plat)
                              obj_z1/contiki-z1-main.o (init_platform)
contiki-z1.a(msp430.o)        obj_z1/contiki-z1-main.o (msp430_cpu_init)
contiki-z1.a(leds.o)          obj_z1/contiki-z1-main.o (leds_init)
contiki-z1.a(watchdog.o)      obj_z1/contiki-z1-main.o (watchdog_start)
contiki-z1.a(xmem.o)          obj_z1/contiki-z1-main.o (xmem_init)
contiki-z1.a(spi.o)           contiki-z1.a(xmem.o) (spi_init)
contiki-z1.a(cc2420.o)        obj_z1/contiki-z1-main.o (cc2420_set_pan_addr)
contiki-z1.a(cc2420-arch.o)   contiki-z1.a(cc2420.o) (cc2420_arch_init)
contiki-z1.a(node-id.o)       obj_z1/contiki-z1-main.o (node_id_restore)
contiki-z1.a(sensors.o)       contiki-z1.a(contiki-z1-plat) (sensors_process)
contiki-z1.a(button-sensor.o)
                              obj_z1/contiki-z1-main.o (button_sensor)
contiki-z1.a(uart0.o)         obj_z1/contiki-z1-main.o (uart0_active)
contiki-z1.a(uart0-putchar.o)
                              udp-server.co (putchar)
contiki-z1.a(adxl345.o)       obj_z1/contiki-z1-main.o (accm_init)
contiki-z1.a(clock.o)         contiki-z1.a(timer.o) (clock_time)
contiki-z1.a(leds-arch.o)     contiki-z1.a(leds.o) (leds_arch_init)
contiki-z1.a(rtimer-arch.o)   contiki-z1.a(rtimer.o) (rtimer_arch_init)
contiki-z1.a(mac.o)           contiki-z1.a(csma.o) (mac_call_sent_callback)
contiki-z1.a(framer-802154.o)
                              contiki-z1.a(contikimac.o) (framer_802154)
contiki-z1.a(rpl.o)           contiki-z1.a(uip-ds6-nbr.o) (rpl_link_neighbor_callback)
contiki-z1.a(rpl-dag.o)       contiki-z1.a(rpl.o) (rpl_dag_init)
contiki-z1.a(rpl-icmp6.o)     contiki-z1.a(rpl.o) (dao_output_target)
contiki-z1.a(rpl-timers.o)    contiki-z1.a(rpl.o) (rpl_reset_periodic_timer)
contiki-z1.a(rpl-mrhof.o)     contiki-z1.a(rpl-dag.o) (rpl_mrhof)
contiki-z1.a(rpl-ext-header.)
                              contiki-z1.a(uip6.o) (rpl_verify_header)
contiki-z1.a(stimer.o)        contiki-z1.a(tcpip.o) (stimer_set)
contiki-z1.a(uip-icmp6.o)     contiki-z1.a(uip6.o) (uip_icmp6_echo_request_input)
contiki-z1.a(i2cmaster.o)     contiki-z1.a(adxl345.o) (i2c_receiveinit)
contiki-z1.a(frame802154.o)   contiki-z1.a(framer-802154.o) (frame802154_hdrlen)
/usr/local/msp430/bin/../lib/gcc/msp430/4.7.0/mcpu-430x/mmpy-16/libgcc.a(_mulsi3.o)
                              contiki-z1.a(csma.o) (__mulsi3)
/usr/local/msp430/bin/../lib/gcc/msp430/4.7.0/mcpu-430x/mmpy-16/libgcc.a(_udivmod16.o)
                              contiki-z1.a(rpl-dag.o) (__udivhi3)
/usr/local/msp430/bin/../lib/gcc/msp430/4.7.0/mcpu-430x/mmpy-16/libgcc.a(_divmod16.o)
                              contiki-z1.a(nbr-table.o) (__divhi3)
/usr/local/msp430/bin/../lib/gcc/msp430/4.7.0/mcpu-430x/mmpy-16/libgcc.a(_udivmod32.o)
                              obj_z1/contiki-z1-main.o (__udivsi3)
/usr/local/msp430/bin/../lib/gcc/msp430/4.7.0/mcpu-430x/mmpy-16/libgcc.a(_addsub_sf.o)
                              contiki-z1.a(rpl-timers.o) (__addsf3)
[...]
Memory Configuration

Name             Origin             Length             Attributes
sfr              0x00000000         0x00000010
peripheral_8bit  0x00000010         0x000000f0
peripheral_16bit 0x00000100         0x00000100
ram_mirror       0x00000200         0x00000800         xw
infomem          0x00001000         0x00000100
infod            0x00001000         0x00000040
infoc            0x00001040         0x00000040
infob            0x00001080         0x00000040
infoa            0x000010c0         0x00000040
ram              0x00001100         0x00002000         xw
rom              0x00003100         0x0000cebe         xr
vectors          0x0000ffc0         0x00000040
far_rom          0x00010000         0x0000a000
bsl              0x00000000         0x00000000
ram2             0x00000000         0x00000000         xw
usbram           0x00000000         0x00000000         xw
*default*        0x00000000         0xffffffff

Linker script and memory map

LOAD /usr/local/msp430/bin/../lib/gcc/msp430/4.7.0/mcpu-430x/mmpy-16/crt0ivtbl32.o
                0x00000041                __P1SEL2 = 0x41
                0x00000045                __P5SEL2 = 0x45
LOAD udp-server.co
LOAD obj_z1/contiki-z1-main.o
LOAD contiki-z1.a
LOAD /usr/local/msp430/bin/../lib/gcc/msp430/4.7.0/mcpu-430x/mmpy-16/libgcc.a
LOAD /usr/local/msp430/bin/../lib/gcc/msp430/4.7.0/../../../../msp430/lib/mcpu-430x/mmpy-16/libc.a
LOAD /usr/local/msp430/bin/../lib/gcc/msp430/4.7.0/mcpu-430x/mmpy-16/libgcc.a
LOAD /usr/local/msp430/bin/../lib/gcc/msp430/4.7.0/mcpu-430x/mmpy-16/libcrt0.a
                0x00000040                PROVIDE (__info_segment_size, 0x40)
                0x00001000                PROVIDE (__infod, 0x1000)
                0x00001040                PROVIDE (__infoc, 0x1040)
                0x00001080                PROVIDE (__infob, 0x1080)
                0x000010c0                PROVIDE (__infoa, 0x10c0)
                0x00000000                __IE1 = 0x0
                0x00000002                __IFG1 = 0x2
                0x00000001                __IE2 = 0x1
                0x00000003                __IFG2 = 0x3
                0x00000006                __UC1IE = 0x6
                0x00000007                __UC1IFG = 0x7
                0x000001a0                __ADC12CTL0 = 0x1a0
                0x000001a2                __ADC12CTL1 = 0x1a2
                0x000001a4                __ADC12IFG = 0x1a4
                0x000001a6                __ADC12IE = 0x1a6
                0x000001a8                __ADC12IV = 0x1a8
                0x00000140                __ADC12MEM0 = 0x140
                0x00000142                __ADC12MEM1 = 0x142
                0x00000144                __ADC12MEM2 = 0x144
                0x00000146                __ADC12MEM3 = 0x146
                0x00000148                __ADC12MEM4 = 0x148
                0x0000014a                __ADC12MEM5 = 0x14a
                0x0000014c                __ADC12MEM6 = 0x14c
                0x0000014e                __ADC12MEM7 = 0x14e
                0x00000150                __ADC12MEM8 = 0x150
                0x00000152                __ADC12MEM9 = 0x152
                0x00000154                __ADC12MEM10 = 0x154
                0x00000156                __ADC12MEM11 = 0x156
                0x00000158                __ADC12MEM12 = 0x158
                0x0000015a                __ADC12MEM13 = 0x15a
                0x0000015c                __ADC12MEM14 = 0x15c
                0x0000015e                __ADC12MEM15 = 0x15e
                0x00000080                __ADC12MCTL0 = 0x80
                0x00000081                __ADC12MCTL1 = 0x81
                0x00000082                __ADC12MCTL2 = 0x82
                0x00000083                __ADC12MCTL3 = 0x83
                0x00000084                __ADC12MCTL4 = 0x84
                0x00000085                __ADC12MCTL5 = 0x85
                0x00000086                __ADC12MCTL6 = 0x86
                0x00000087                __ADC12MCTL7 = 0x87
                0x00000088                __ADC12MCTL8 = 0x88
                0x00000089                __ADC12MCTL9 = 0x89
                0x0000008a                __ADC12MCTL10 = 0x8a
                0x0000008b                __ADC12MCTL11 = 0x8b
                0x0000008c                __ADC12MCTL12 = 0x8c
                0x0000008d                __ADC12MCTL13 = 0x8d
                0x0000008e                __ADC12MCTL14 = 0x8e
                0x0000008f                __ADC12MCTL15 = 0x8f
                0x00000056                __DCOCTL = 0x56
                0x00000057                __BCSCTL1 = 0x57
                0x00000058                __BCSCTL2 = 0x58
                0x00000053                __BCSCTL3 = 0x53
                0x00000059                __CACTL1 = 0x59
                0x0000005a                __CACTL2 = 0x5a
                0x0000005b                __CAPD = 0x5b
                0x000001c0                __DAC12_0CTL = 0x1c0
                0x000001c2                __DAC12_1CTL = 0x1c2
                0x000001c8                __DAC12_0DAT = 0x1c8
                0x000001ca                __DAC12_1DAT = 0x1ca
                0x00000122                __DMACTL0 = 0x122
                0x00000124                __DMACTL1 = 0x124
                0x00000126                __DMAIV = 0x126
                0x000001d0                __DMA0CTL = 0x1d0
                0x000001dc                __DMA1CTL = 0x1dc
                0x000001e8                __DMA2CTL = 0x1e8
                0x000001d2                __DMA0SA = 0x1d2
                0x000001d2                __DMA0SAL = 0x1d2
                0x000001d6                __DMA0DA = 0x1d6
                0x000001d6                __DMA0DAL = 0x1d6
                0x000001da                __DMA0SZ = 0x1da
                0x000001de                __DMA1SA = 0x1de
                0x000001de                __DMA1SAL = 0x1de
                0x000001e2                __DMA1DA = 0x1e2
                0x000001e2                __DMA1DAL = 0x1e2
                0x000001e6                __DMA1SZ = 0x1e6
                0x000001ea                __DMA2SA = 0x1ea
                0x000001ea                __DMA2SAL = 0x1ea
                0x000001ee                __DMA2DA = 0x1ee
                0x000001ee                __DMA2DAL = 0x1ee
                0x000001f2                __DMA2SZ = 0x1f2
                0x00000128                __FCTL1 = 0x128
                0x0000012a                __FCTL2 = 0x12a
                0x0000012c                __FCTL3 = 0x12c
                0x000001be                __FCTL4 = 0x1be
                0x00000130                __MPY = 0x130
                0x00000132                __MPYS = 0x132
                0x00000134                __MAC = 0x134
                0x00000136                __MACS = 0x136
                0x00000138                __OP2 = 0x138
                0x0000013a                __RESLO = 0x13a
                0x0000013c                __RESHI = 0x13c
                0x0000013e                __SUMEXT = 0x13e
                0x00000020                __P1IN = 0x20
                0x00000021                __P1OUT = 0x21
                0x00000022                __P1DIR = 0x22
                0x00000023                __P1IFG = 0x23
                0x00000024                __P1IES = 0x24
                0x00000025                __P1IE = 0x25
                0x00000026                __P1SEL = 0x26
                0x00000027                __P1REN = 0x27
                0x00000028                __P2IN = 0x28
                0x00000029                __P2OUT = 0x29
                0x0000002a                __P2DIR = 0x2a
                0x0000002b                __P2IFG = 0x2b
                0x0000002c                __P2IES = 0x2c
                0x0000002d                __P2IE = 0x2d
                0x0000002e                __P2SEL = 0x2e
                0x0000002f                __P2REN = 0x2f
                0x00000018                __P3IN = 0x18
                0x00000019                __P3OUT = 0x19
                0x0000001a                __P3DIR = 0x1a
                0x0000001b                __P3SEL = 0x1b
                0x00000010                __P3REN = 0x10
                0x0000001c                __P4IN = 0x1c
                0x0000001d                __P4OUT = 0x1d
                0x0000001e                __P4DIR = 0x1e
                0x0000001f                __P4SEL = 0x1f
                0x00000011                __P4REN = 0x11
                0x00000030                __P5IN = 0x30
                0x00000031                __P5OUT = 0x31
                0x00000032                __P5DIR = 0x32
                0x00000033                __P5SEL = 0x33
                0x00000012                __P5REN = 0x12
                0x00000034                __P6IN = 0x34
                0x00000035                __P6OUT = 0x35
                0x00000036                __P6DIR = 0x36
                0x00000037                __P6SEL = 0x37
                0x00000013                __P6REN = 0x13
                0x00000038                __P7IN = 0x38
                0x0000003a                __P7OUT = 0x3a
                0x0000003c                __P7DIR = 0x3c
                0x0000003e                __P7SEL = 0x3e
                0x00000014                __P7REN = 0x14
                0x00000039                __P8IN = 0x39
                0x0000003b                __P8OUT = 0x3b
                0x0000003d                __P8DIR = 0x3d
                0x0000003f                __P8SEL = 0x3f
                0x00000015                __P8REN = 0x15
                0x00000038                __PAIN = 0x38
                0x0000003a                __PAOUT = 0x3a
                0x0000003c                __PADIR = 0x3c
                0x0000003e                __PASEL = 0x3e
                0x00000014                __PAREN = 0x14
                0x00000055                __SVSCTL = 0x55
                0x0000012e                __TAIV = 0x12e
                0x00000160                __TACTL = 0x160
                0x00000162                __TACCTL0 = 0x162
                0x00000164                __TACCTL1 = 0x164
                0x00000166                __TACCTL2 = 0x166
                0x00000170                __TAR = 0x170
                0x00000172                __TACCR0 = 0x172
                0x00000174                __TACCR1 = 0x174
                0x00000176                __TACCR2 = 0x176
                0x0000011e                __TBIV = 0x11e
                0x00000180                __TBCTL = 0x180
                0x00000182                __TBCCTL0 = 0x182
                0x00000184                __TBCCTL1 = 0x184
                0x00000186                __TBCCTL2 = 0x186
                0x00000188                __TBCCTL3 = 0x188
                0x0000018a                __TBCCTL4 = 0x18a
                0x0000018c                __TBCCTL5 = 0x18c
                0x0000018e                __TBCCTL6 = 0x18e
                0x00000190                __TBR = 0x190
                0x00000192                __TBCCR0 = 0x192
                0x00000194                __TBCCR1 = 0x194
                0x00000196                __TBCCR2 = 0x196
                0x00000198                __TBCCR3 = 0x198
                0x0000019a                __TBCCR4 = 0x19a
                0x0000019c                __TBCCR5 = 0x19c
                0x0000019e                __TBCCR6 = 0x19e
                0x00000060                __UCA0CTL0 = 0x60
                0x00000061                __UCA0CTL1 = 0x61
                0x00000062                __UCA0BR0 = 0x62
                0x00000063                __UCA0BR1 = 0x63
                0x00000064                __UCA0MCTL = 0x64
                0x00000065                __UCA0STAT = 0x65
                0x00000066                __UCA0RXBUF = 0x66
                0x00000067                __UCA0TXBUF = 0x67
                0x0000005d                __UCA0ABCTL = 0x5d
                0x0000005e                __UCA0IRTCTL = 0x5e
                0x0000005f                __UCA0IRRCTL = 0x5f
                0x00000068                __UCB0CTL0 = 0x68
                0x00000069                __UCB0CTL1 = 0x69
                0x0000006a                __UCB0BR0 = 0x6a
                0x0000006b                __UCB0BR1 = 0x6b
                0x0000006c                __UCB0I2CIE = 0x6c
                0x0000006d                __UCB0STAT = 0x6d
                0x0000006e                __UCB0RXBUF = 0x6e
                0x0000006f                __UCB0TXBUF = 0x6f
                0x00000118                __UCB0I2COA = 0x118
                0x0000011a                __UCB0I2CSA = 0x11a
                0x000000d0                __UCA1CTL0 = 0xd0
                0x000000d1                __UCA1CTL1 = 0xd1
                0x000000d2                __UCA1BR0 = 0xd2
                0x000000d3                __UCA1BR1 = 0xd3
                0x000000d4                __UCA1MCTL = 0xd4
                0x000000d5                __UCA1STAT = 0xd5
                0x000000d6                __UCA1RXBUF = 0xd6
                0x000000d7                __UCA1TXBUF = 0xd7
                0x000000cd                __UCA1ABCTL = 0xcd
                0x000000ce                __UCA1IRTCTL = 0xce
                0x000000cf                __UCA1IRRCTL = 0xcf
                0x000000d8                __UCB1CTL0 = 0xd8
                0x000000d9                __UCB1CTL1 = 0xd9
                0x000000da                __UCB1BR0 = 0xda
                0x000000db                __UCB1BR1 = 0xdb
                0x000000dc                __UCB1I2CIE = 0xdc
                0x000000dd                __UCB1STAT = 0xdd
                0x000000de                __UCB1RXBUF = 0xde
                0x000000df                __UCB1TXBUF = 0xdf
                0x0000017c                __UCB1I2COA = 0x17c
                0x0000017e                __UCB1I2CSA = 0x17e
                0x00000120                __WDTCTL = 0x120
                0x000010c0                __TLV_CHECKSUM = 0x10c0
                0x000010f6                __TLV_DCO_30_TAG = 0x10f6
                0x000010f7                __TLV_DCO_30_LEN = 0x10f7
                0x000010da                __TLV_ADC12_1_TAG = 0x10da
                0x000010db                __TLV_ADC12_1_LEN = 0x10db
                0x000010f8                __CALDCO_16MHZ = 0x10f8
                0x000010f9                __CALBC1_16MHZ = 0x10f9
                0x000010fa                __CALDCO_12MHZ = 0x10fa
                0x000010fb                __CALBC1_12MHZ = 0x10fb
                0x000010fc                __CALDCO_8MHZ = 0x10fc
                0x000010fd                __CALBC1_8MHZ = 0x10fd
                0x000010fe                __CALDCO_1MHZ = 0x10fe
                0x000010ff                __CALBC1_1MHZ = 0x10ff

.hash
 *(.hash)

.dynsym
 *(.dynsym)

.dynstr
 *(.dynstr)

.gnu.version
 *(.gnu.version)

.gnu.version_d
 *(.gnu.version_d)

.gnu.version_r
 *(.gnu.version_r)

.rel.init
 *(.rel.init)

.rela.init
 *(.rela.init)

.rel.fini
 *(.rel.fini)

.rela.fini
 *(.rela.fini)

.rel.text
 *(.rel.text .rel.text.* .rel.gnu.linkonce.t.*)

.rela.text
 *(.rela.text .rela.text.* .rela.gnu.linkonce.t.*)

.rel.rodata
 *(.rel.rodata .rel.rodata.* .rel.gnu.linkonce.r.*)

.rela.rodata
 *(.rela.rodata .rela.rodata.* .rela.gnu.linkonce.r.*)

.rel.data
 *(.rel.data .rel.data.* .rel.gnu.linkonce.d.*)

.rela.data
 *(.rela.data .rela.data.* .rela.gnu.linkonce.d.*)

.rel.bss
 *(.rel.bss .rel.bss.* .rel.gnu.linkonce.b.*)

.rela.bss
 *(.rela.bss .rela.bss.* .rela.gnu.linkonce.b.*)

.rel.ctors
 *(.rel.ctors)

.rela.ctors
 *(.rela.ctors)

.rel.dtors
 *(.rel.dtors)

.rela.dtors
 *(.rela.dtors)

.rel.got
 *(.rel.got)

.rela.got
 *(.rela.got)

.rel.plt
 *(.rel.plt)

.rela.plt
 *(.rela.plt)

.text           0x00003100     0xcc74
                0x00003100                . = ALIGN (0x2)
 *(.init .init.*)
 *(.init0)
 .init0         0x00003100        0x0 /usr/local/msp430/bin/../lib/gcc/msp430/4.7.0/mcpu-430x/mmpy-16/libcrt0.a(_reset_vector__.o)
                0x00003100                _reset_vector__
 *(.init1)
 .init1         0x00003100        0xc /usr/local/msp430/bin/../lib/gcc/msp430/4.7.0/mcpu-430x/mmpy-16/libcrt0.a(__watchdog_support.o)
                0x00003100                __watchdog_support
 *(.init2)
 .init2         0x0000310c        0x4 /usr/local/msp430/bin/../lib/gcc/msp430/4.7.0/mcpu-430x/mmpy-16/libcrt0.a(__init_stack.o)
                0x0000310c                __init_stack
 *(.init3)
 .init3         0x00003110        0x0 /usr/local/msp430/bin/../lib/gcc/msp430/4.7.0/mcpu-430x/mmpy-16/libcrt0.a(__low_level_init.o)
                0x00003110                __low_level_init
 *(.init4)
 .init4         0x00003110       0x18 /usr/local/msp430/bin/../lib/gcc/msp430/4.7.0/mcpu-430x/mmpy-16/libcrt0.a(_copy_data.o)
                0x00003110                __do_copy_data
 .init4         0x00003128       0x16 /usr/local/msp430/bin/../lib/gcc/msp430/4.7.0/mcpu-430x/mmpy-16/libcrt0.a(_clear_bss.o)
                0x00003128                __do_clear_bss
 *(.init5)
 *(.init6)
 *(.init7)
 *(.init8)
 *(.init9)
 .init9         0x0000313e      0x35c obj_z1/contiki-z1-main.o
                0x0000313e                main
 *(.fini9)
 .fini9         0x0000349a        0x0 /usr/local/msp430/bin/../lib/gcc/msp430/4.7.0/mcpu-430x/mmpy-16/libcrt0.a(__stop_progExec__.o)
                0x0000349a                __stop_progExec__
 *(.fini8)
 *(.fini7)
 *(.fini6)
 *(.fini5)
 *(.fini4)
 *(.fini3)
 *(.fini2)
 *(.fini1)
 *(.fini0)
 .fini0         0x0000349a        0x6 /usr/local/msp430/bin/../lib/gcc/msp430/4.7.0/mcpu-430x/mmpy-16/libcrt0.a(_endless_loop__.o)
                0x0000349a                _endless_loop__
 *(.fini .fini.*)
                0x000034a0                . = ALIGN (0x2)
                0x000034a0                __ctors_start = .
 *(.ctors)
                0x000034a0                __ctors_end = .
                0x000034a0                __dtors_start = .
 *(.dtors)
                0x000034a0                __dtors_end = .
                0x000034a0                . = ALIGN (0x2)
 *(.text .text.* .gnu.linkonce.t.*)
 .text          0x000034a0        0x4 /usr/local/msp430/bin/../lib/gcc/msp430/4.7.0/mcpu-430x/mmpy-16/crt0ivtbl32.o
                0x000034a0                __isr_14
                0x000034a0                __isr_4
                0x000034a0                __isr_29
                0x000034a0                __isr_11
                0x000034a0                __isr_5
                0x000034a0                __isr_2
                0x000034a0                __isr_10
                0x000034a0                __isr_7
                0x000034a0                __isr_0
                0x000034a0                __isr_28
                0x000034a0                __isr_8
                0x000034a0                __isr_20
                0x000034a0                __isr_3
                0x000034a0                __isr_12
                0x000034a0                __isr_13
                0x000034a0                __isr_27
                0x000034a0                __isr_9
                0x000034a0                __isr_30
                0x000034a0                __isr_6
                0x000034a0                __isr_22
                0x000034a0                __isr_1
                0x000034a0                __isr_15
                0x000034a0                __isr_21
 .text.crt0     0x000034a4        0x0 /usr/local/msp430/bin/../lib/gcc/msp430/4.7.0/mcpu-430x/mmpy-16/crt0ivtbl32.o
 .text          0x000034a4      0x196 udp-server.co
 .text          0x0000363a        0x6 obj_z1/contiki-z1-main.o
                0x0000363a                uip_log
 .text          0x00003640       0x26 contiki-z1.a(rimeaddr.o)
                0x00003640                rimeaddr_copy
                0x00003648                rimeaddr_cmp
                0x0000365a                rimeaddr_set_node_addr
 .text          0x00003666      0x360 contiki-z1.a(csma.o)
 .text          0x000039c6      0x6f6 contiki-z1.a(contikimac.o)
                0x000040b8                contikimac_debug_print
 .text          0x000040bc      0x1b8 contiki-z1.a(phase.o)
                0x00004100                phase_update
                0x00004186                phase_wait
                0x00004260                phase_init
 .text          0x00004274      0x2a0 contiki-z1.a(process.o)
                0x00004370                process_alloc_event
                0x0000437e                process_exit
                0x00004388                process_init
                0x000043a4                process_run
                0x00004448                process_nevents
                0x00004456                process_post
                0x000044a6                process_post_synch
                0x000044b8                process_start
                0x000044ee                process_poll
                0x00004506                process_is_running
 .text          0x00004514       0x2a contiki-z1.a(autostart.o)
                0x00004514                autostart_start
                0x0000452a                autostart_exit
 .text          0x0000453e       0xd8 contiki-z1.a(memb.o)
                0x0000453e                memb_init
                0x00004574                memb_alloc
                0x000045b2                memb_free
                0x000045ec                memb_inmemb
 .text          0x00004616       0x8c contiki-z1.a(timer.o)
                0x00004616                timer_set
                0x00004632                timer_reset
                0x00004640                timer_restart
                0x00004654                timer_expired
                0x0000467e                timer_remaining
 .text          0x000046a2       0xec contiki-z1.a(list.o)
                0x000046a2                list_init
                0x000046a8                list_head
                0x000046ac                list_copy
                0x000046b2                list_tail
                0x000046c4                list_chop
                0x000046de                list_pop
                0x000046ec                list_remove
                0x00004720                list_push
                0x00004736                list_add
                0x0000475c                list_length
                0x0000476c                list_insert
                0x00004782                list_item_next
 .text          0x0000478e      0x258 contiki-z1.a(etimer.o)
                0x000047fe                etimer_request_poll
                0x0000490c                etimer_set
                0x0000491e                etimer_reset
                0x00004930                etimer_restart
                0x00004942                etimer_adjust
                0x0000495c                etimer_expired
                0x0000496a                etimer_expiration_time
                0x0000497e                etimer_start_time
                0x00004986                etimer_pending
                0x00004992                etimer_next_expiration_time
                0x000049a8                etimer_stop
 .text          0x000049e6      0x1ce contiki-z1.a(ctimer.o)
                0x00004a86                ctimer_init
                0x00004a9e                ctimer_set
                0x00004af0                ctimer_reset
                0x00004b26                ctimer_restart
                0x00004b5c                ctimer_stop
                0x00004b84                ctimer_expired
 .text          0x00004bb4       0xaa contiki-z1.a(energest.o)
                0x00004bb4                energest_init
                0x00004bd8                energest_type_time
                0x00004c14                energest_leveldevice_leveltime
                0x00004c1a                energest_type_set
                0x00004c26                energest_flush
 .text          0x00004c5e       0x50 contiki-z1.a(rtimer.o)
                0x00004c5e                rtimer_init
                0x00004c64                rtimer_set
                0x00004c88                rtimer_run_next
 .text          0x00004cae        0xc contiki-z1.a(random.o)
                0x00004cae                random_init
                0x00004cb4                random_rand
 .text          0x00004cba      0x372 contiki-z1.a(nbr-table.o)
                0x00004de2                nbr_table_register
                0x00004e08                nbr_table_next
                0x00004e54                nbr_table_head
                0x00004e8a                nbr_table_add_lladdr
                0x00004f9a                nbr_table_get_from_lladdr
                0x00004fc2                nbr_table_remove
                0x00004fec                nbr_table_lock
                0x00004ffc                nbr_table_unlock
                0x0000500c                nbr_table_get_lladdr
 .text          0x0000502c      0x21a contiki-z1.a(packetbuf.o)
                0x0000502c                packetbuf_clear_hdr
                0x00005034                packetbuf_copyto_hdr
                0x00005050                packetbuf_copyto
                0x00005096                packetbuf_hdr_remove
                0x0000509c                packetbuf_hdrreduce
                0x000050b6                packetbuf_set_datalen
                0x000050bc                packetbuf_dataptr
                0x000050ca                packetbuf_hdrptr
                0x000050d4                packetbuf_is_reference
                0x000050e2                packetbuf_compact
                0x0000512a                packetbuf_reference_ptr
                0x00005130                packetbuf_datalen
                0x00005136                packetbuf_hdrlen
                0x00005140                packetbuf_totlen
                0x00005150                packetbuf_hdralloc
                0x0000517a                packetbuf_attr_clear
                0x000051a6                packetbuf_clear
                0x000051c0                packetbuf_reference
                0x000051d6                packetbuf_copyfrom
                0x00005200                packetbuf_attr_copyto
                0x00005222                packetbuf_attr_copyfrom
 .text          0x00005246      0x1a6 contiki-z1.a(queuebuf.o)
                0x00005246                queuebuf_init
                0x00005260                queuebuf_new_from_packetbuf
                0x000052da                queuebuf_update_attr_from_packetbuf
                0x000052ec                queuebuf_free
                0x0000532c                queuebuf_to_packetbuf
                0x00005396                queuebuf_dataptr
                0x000053c8                queuebuf_datalen
                0x000053ce                queuebuf_addr
                0x000053dc                queuebuf_attr
                0x000053ea                queuebuf_debug_print
 .text          0x000053ec      0xc8c contiki-z1.a(resolv.o)
                0x00005752                resolv_set_hostname
                0x00005d9e                resolv_get_hostname
                0x00005da4                resolv_query
                0x00005fc6                resolv_lookup
                0x00006062                resolv_getserver
                0x00006068                resolv_conf
 .text          0x00006078      0xebc contiki-z1.a(sicslowpan.o)
                0x000067d6                sicslowpan_init
                0x00006f28                rime_sniffer_add
                0x00006f2e                rime_sniffer_remove
 .text          0x00006f34      0x4dc contiki-z1.a(tcpip.o)
                0x00006f4a                tcpip_output
                0x00006f5a                tcpip_set_outputfunc
                0x00006f60                tcp_unlisten
                0x00006f92                tcp_listen
                0x00006fcc                tcp_attach
                0x00006fd8                udp_attach
                0x00006fe4                udp_new
                0x00006ffe                udp_broadcast_new
                0x00007044                tcpip_input
                0x0000705a                tcpip_ipv6_output
                0x00007362                tcpip_poll_udp
                0x00007370                tcpip_poll_tcp
                0x0000737e                tcp_connect
                0x000073a0                tcpip_uipcall
 .text          0x00007410       0x9e contiki-z1.a(uip-debug.o)
                0x00007410                uip_debug_ipaddr_print
                0x00007482                uip_debug_lladdr_print
 .text          0x000074ae      0x3e0 contiki-z1.a(uip-ds6-route.o)
                0x000074ee                uip_ds6_notification_add
                0x00007506                uip_ds6_notification_rm
                0x00007512                uip_ds6_route_init
                0x00007540                uip_ds6_route_nexthop
                0x0000755a                uip_ds6_route_head
                0x00007582                uip_ds6_route_next
                0x000075b2                uip_ds6_route_num_routes
                0x000075b8                uip_ds6_route_lookup
                0x000075f8                uip_ds6_route_add
                0x00007698                uip_ds6_route_rm
                0x0000772e                uip_ds6_route_rm_by_nexthop
                0x00007742                uip_ds6_defrt_rm
                0x00007786                uip_ds6_defrt_lookup
                0x000077b8                uip_ds6_defrt_add
                0x00007820                uip_ds6_defrt_choose
                0x00007856                uip_ds6_defrt_periodic
 .text          0x0000788e      0x27e contiki-z1.a(uip-ds6-nbr.o)
                0x0000788e                uip_ds6_nbr_rm
                0x000078a8                uip_ds6_neighbors_init
                0x000078b6                uip_ds6_nbr_add
                0x0000790a                uip_ds6_nbr_get_ipaddr
                0x0000790c                uip_ds6_nbr_get_ll
                0x00007918                uip_ds6_nbr_num
                0x0000793c                uip_ds6_nbr_lookup
                0x0000797a                uip_ds6_nbr_ll_lookup
                0x00007986                uip_ds6_nbr_ipaddr_from_lladdr
                0x0000798c                uip_ds6_nbr_lladdr_from_ipaddr
                0x0000799e                uip_ds6_link_neighbor_callback
                0x000079c4                uip_ds6_neighbor_periodic
                0x00007abe                uip_ds6_get_least_lifetime_neighbor
 .text          0x00007b0c      0x68e contiki-z1.a(uip-ds6.o)
                0x00007b0c                uip_ds6_list_loop
                0x00007b72                uip_ds6_prefix_add
                0x00007be2                uip_ds6_prefix_rm
                0x00007bec                uip_ds6_prefix_lookup
                0x00007c14                uip_ds6_is_addr_onlink
                0x00007c56                uip_ds6_addr_lookup
                0x00007c80                uip_ds6_get_link_local
                0x00007cbe                uip_ds6_get_global
                0x00007cfc                uip_ds6_maddr_add
                0x00007d44                uip_ds6_addr_add
                0x00007df8                uip_ds6_maddr_rm
                0x00007e02                uip_ds6_maddr_lookup
                0x00007e2c                uip_ds6_addr_rm
                0x00007e80                uip_ds6_periodic
                0x00007eca                uip_ds6_aaddr_add
                0x00007f10                uip_ds6_aaddr_rm
                0x00007f1a                uip_ds6_aaddr_lookup
                0x00007f42                uip_ds6_set_addr_iid
                0x00007f56                get_match_length
                0x00007f92                uip_ds6_select_src
                0x0000802c                uip_ds6_compute_reachable_time
                0x00008062                uip_ds6_init
 .text          0x0000819a      0x55c contiki-z1.a(uip-nd6.o)
                0x0000819a                uip_nd6_ns_input
                0x000083e0                uip_nd6_ns_output
                0x00008556                uip_nd6_na_input
 .text          0x000086f6       0x84 contiki-z1.a(uip-udp-packet.)
                0x000086f6                uip_udp_packet_send
                0x00008724                uip_udp_packet_sendto
 .text          0x0000877a     0x135e contiki-z1.a(uip6.o)
                0x000088c4                uip_add32
                0x00008952                uip_chksum
                0x0000896a                uip_icmp6chksum
                0x00008974                uip_tcpchksum
                0x0000897e                uip_udpchksum
                0x00008988                uip_init
                0x000089e2                uip_connect
                0x00008afc                remove_ext_hdr
                0x00008b50                uip_udp_new
                0x00008c08                uip_unlisten
                0x00008c32                uip_listen
                0x00008c5e                uip_process
                0x00009a76                uip_htons
                0x00009a82                uip_htonl
                0x00009aac                uip_send
 .text          0x00009ad8        0xc contiki-z1.a(contiki-z1-plat)
                0x00009ad8                init_platform
 .text          0x00009ae4       0xd2 contiki-z1.a(msp430.o)
                0x00009ae4                msp430_init_dco
                0x00009b0c                msp430_quick_synch_dco
                0x00009b88                msp430_cpu_init
                0x00009bae                splhigh_
 .text          0x00009bb6      0x168 contiki-z1.a(leds.o)
                0x00009cae                leds_init
                0x00009cbc                leds_get
                0x00009cc2                leds_on
                0x00009cd6                leds_off
                0x00009cea                leds_invert
                0x00009cf4                leds_toggle
                0x00009cfa                leds_blink
 .text          0x00009d1e       0x54 contiki-z1.a(watchdog.o)
                0x00009d1e                watchdog_start
                0x00009d32                watchdog_periodic
                0x00009d44                watchdog_stop
                0x00009d5a                watchdog_init
                0x00009d6c                watchdog_reboot
 .text          0x00009d72      0x30a contiki-z1.a(xmem.o)
                0x00009dde                xmem_init
                0x00009dfc                xmem_pread
                0x00009ebe                xmem_pwrite
                0x00009fd2                xmem_erase
 .text          0x0000a07c       0x32 contiki-z1.a(spi.o)
                0x0000a07c                spi_init
 .text          0x0000a0ae      0x9d8 contiki-z1.a(cc2420.o)
                0x0000a3aa                cc2420_on
                0x0000a3cc                cc2420_off
                0x0000a58c                cc2420_get_channel
                0x0000a592                cc2420_set_channel
                0x0000a60a                cc2420_set_pan_addr
                0x0000a72a                cc2420_interrupt
                0x0000a748                cc2420_set_txpower
                0x0000a756                cc2420_get_txpower
                0x0000a91c                cc2420_rssi
                0x0000a97a                cc2420_cca_valid
                0x0000a99e                cc2420_set_cca_threshold
                0x0000a9b4                cc2420_init
 .text          0x0000aa86       0x1a contiki-z1.a(cc2420-arch.o)
                0x0000aa86                cc2420_arch_init
 .text          0x0000aaa0       0x96 contiki-z1.a(node-id.o)
                0x0000aaa0                node_id_restore
                0x0000aaec                node_id_burn
 .text          0x0000ab36      0x156 contiki-z1.a(sensors.o)
                0x0000abf8                sensors_first
                0x0000abfe                sensors_next
                0x0000ac22                sensors_changed
                0x0000ac4c                sensors_find
 .text          0x0000ac8c       0x86 contiki-z1.a(button-sensor.o)
 .text          0x0000ad12       0x6a contiki-z1.a(uart0.o)
                0x0000ad12                uart0_active
                0x0000ad20                uart0_set_input
                0x0000ad26                uart0_writeb
                0x0000ad3c                uart0_init
 .text          0x0000ad7c       0x10 contiki-z1.a(uart0-putchar.o)
                0x0000ad7c                putchar
 .text          0x0000ad8c      0x254 contiki-z1.a(adxl345.o)
                0x0000ad8c                accm_write_reg
                0x0000adba                accm_write_stream
                0x0000ade4                accm_read_reg
                0x0000ae8e                accm_read_stream
                0x0000aee0                accm_read_axis
                0x0000af06                accm_set_grange
                0x0000af2a                accm_init
                0x0000afb4                accm_set_irq
 .text          0x0000afe0       0xda contiki-z1.a(clock.o)
                0x0000afe0                clock_time
                0x0000affa                clock_set
                0x0000b010                clock_fine_max
                0x0000b016                clock_fine
                0x0000b022                clock_init
                0x0000b04a                clock_delay
                0x0000b056                clock_wait
                0x0000b07a                clock_set_seconds
                0x0000b092                clock_seconds
                0x0000b0ac                clock_counter
 .text          0x0000b0ba       0x74 contiki-z1.a(leds-arch.o)
                0x0000b0ba                leds_arch_init
                0x0000b0c8                leds_arch_get
                0x0000b0f6                leds_arch_set
 .text          0x0000b12e       0x22 contiki-z1.a(rtimer-arch.o)
                0x0000b12e                rtimer_arch_init
                0x0000b13c                rtimer_arch_now
                0x0000b14a                rtimer_arch_schedule
 .text          0x0000b150       0x14 contiki-z1.a(mac.o)
                0x0000b150                mac_call_sent_callback
 .text          0x0000b164      0x1b6 contiki-z1.a(framer-802154.o)
 .text          0x0000b31a      0x202 contiki-z1.a(rpl.o)
                0x0000b31a                rpl_purge_routes
                0x0000b3b0                rpl_remove_routes
                0x0000b3d2                rpl_remove_routes_by_nexthop
                0x0000b410                rpl_add_route
                0x0000b458                rpl_link_neighbor_callback
                0x0000b4be                rpl_ipv6_neighbor_callback
                0x0000b4dc                rpl_init
 .text          0x0000b51c      0xe08 contiki-z1.a(rpl-dag.o)
                0x0000b638                rpl_dag_init
                0x0000b646                rpl_get_parent_rank
                0x0000b65e                rpl_get_parent_link_metric
                0x0000b676                rpl_get_parent_ipaddr
                0x0000b686                rpl_set_prefix
                0x0000b6fa                rpl_set_default_route
                0x0000b75a                rpl_alloc_instance
                0x0000b786                rpl_set_default_instance
                0x0000b78c                rpl_add_parent
                0x0000b7c4                rpl_find_parent
                0x0000b7e0                rpl_find_parent_any_dag
                0x0000b804                rpl_select_parent
                0x0000b868                rpl_select_dag
                0x0000b9fe                rpl_nullify_parent
                0x0000ba48                rpl_remove_parent
                0x0000ba8c                rpl_free_dag
                0x0000bac0                rpl_free_instance
                0x0000bb14                rpl_move_parent
                0x0000bb7a                rpl_get_any_dag
                0x0000bb90                rpl_get_instance
                0x0000bbf6                rpl_alloc_dag
                0x0000bc58                rpl_set_root
                0x0000bd30                rpl_repair_root
                0x0000bd7c                rpl_find_of
                0x0000bd8c                rpl_join_instance
                0x0000beb4                rpl_local_repair
                0x0000bf18                rpl_process_parent_event
                0x0000bf84                rpl_recalculate_ranks
                0x0000bfc6                rpl_add_dag
                0x0000c0c8                rpl_process_dio
 .text          0x0000c324      0x97a contiki-z1.a(rpl-icmp6.o)
                0x0000c3aa                dis_output
                0x0000c3fa                dio_output
                0x0000c638                dao_output_target
                0x0000c700                dao_output
                0x0000c768                dao_ack_output
                0x0000c79a                uip_rpl_input
 .text          0x0000cc9e      0x510 contiki-z1.a(rpl-timers.o)
                0x0000d0dc                rpl_reset_periodic_timer
                0x0000d130                rpl_reset_dio_timer
                0x0000d168                rpl_schedule_dao
 .text          0x0000d1ae      0x120 contiki-z1.a(rpl-mrhof.o)
 .text          0x0000d2ce      0x2de contiki-z1.a(rpl-ext-header.)
                0x0000d2ce                rpl_verify_header
                0x0000d37e                rpl_update_header_empty
                0x0000d46e                rpl_update_header_final
                0x0000d4f6                rpl_remove_header
                0x0000d542                rpl_invert_header
                0x0000d590                rpl_insert_header
 .text          0x0000d5ac       0xa4 contiki-z1.a(stimer.o)
                0x0000d5ac                stimer_set
                0x0000d5c8                stimer_reset
                0x0000d5d6                stimer_restart
                0x0000d5ea                stimer_expired
                0x0000d61a                stimer_remaining
                0x0000d63e                stimer_elapsed
 .text          0x0000d650      0x318 contiki-z1.a(uip-icmp6.o)
                0x0000d650                uip_icmp6_echo_request_input
                0x0000d778                uip_icmp6_error_output
                0x0000d8e4                uip_icmp6_send
 .text          0x0000d968       0xfa contiki-z1.a(i2cmaster.o)
                0x0000d968                i2c_receiveinit
                0x0000d99c                i2c_transmitinit
                0x0000d9ca                i2c_receive_n
                0x0000da08                i2c_busy
                0x0000da12                i2c_enable
                0x0000da34                i2c_disable
                0x0000da4e                i2c_transmit_n
 .text          0x0000da62      0x366 contiki-z1.a(frame802154.o)
                0x0000daee                frame802154_hdrlen
                0x0000db1c                frame802154_create
                0x0000dc52                frame802154_parse
 .text          0x0000ddc8        0x0 /usr/local/msp430/bin/../lib/gcc/msp430/4.7.0/mcpu-430x/mmpy-16/libgcc.a(_mulsi3.o)
 .text.libgcc   0x0000ddc8       0x26 /usr/local/msp430/bin/../lib/gcc/msp430/4.7.0/mcpu-430x/mmpy-16/libgcc.a(_mulsi3.o)
                0x0000ddc8                __mulsi3
 .text          0x0000ddee        0x0 /usr/local/msp430/bin/../lib/gcc/msp430/4.7.0/mcpu-430x/mmpy-16/libgcc.a(_udivmod16.o)
 .text.libgcc   0x0000ddee       0x22 /usr/local/msp430/bin/../lib/gcc/msp430/4.7.0/mcpu-430x/mmpy-16/libgcc.a(_udivmod16.o)
                0x0000ddee                __udivhi3
                0x0000ddee                __ext_udivmod16
                0x0000de08                __umodhi3
 .text          0x0000de10        0x0 /usr/local/msp430/bin/../lib/gcc/msp430/4.7.0/mcpu-430x/mmpy-16/libgcc.a(_divmod16.o)
 .text.libgcc   0x0000de10       0x3a /usr/local/msp430/bin/../lib/gcc/msp430/4.7.0/mcpu-430x/mmpy-16/libgcc.a(_divmod16.o)
                0x0000de10                __ext_divmod16
                0x0000de10                __divhi3
                0x0000de42                __modhi3
 .text          0x0000de4a        0x0 /usr/local/msp430/bin/../lib/gcc/msp430/4.7.0/mcpu-430x/mmpy-16/libgcc.a(_udivmod32.o)
 .text.libgcc   0x0000de4a       0x38 /usr/local/msp430/bin/../lib/gcc/msp430/4.7.0/mcpu-430x/mmpy-16/libgcc.a(_udivmod32.o)
                0x0000de4a                __udivsi3
                0x0000de4a                __ext_udivmod32
                0x0000de78                __umodsi3
 .text          0x0000de82      0x2f0 /usr/local/msp430/bin/../lib/gcc/msp430/4.7.0/mcpu-430x/mmpy-16/libgcc.a(_addsub_sf.o)
                0x0000e0d6                __addsf3
                0x0000e122                __subsf3
 .text          0x0000e172      0x1f2 /usr/local/msp430/bin/../lib/gcc/msp430/4.7.0/mcpu-430x/mmpy-16/libgcc.a(_mul_sf.o)
                0x0000e172                __mulsf3
 .text          0x0000e364      0x142 /usr/local/msp430/bin/../lib/gcc/msp430/4.7.0/mcpu-430x/mmpy-16/libgcc.a(_div_sf.o)
                0x0000e364                __divsf3
 .text          0x0000e4a6       0x4e /usr/local/msp430/bin/../lib/gcc/msp430/4.7.0/mcpu-430x/mmpy-16/libgcc.a(_eq_sf.o)
                0x0000e4a6                __eqsf2
 .text          0x0000e4f4       0x4e /usr/local/msp430/bin/../lib/gcc/msp430/4.7.0/mcpu-430x/mmpy-16/libgcc.a(_lt_sf.o)
                0x0000e4f4                __ltsf2
 .text          0x0000e542       0xa4 /usr/local/msp430/bin/../lib/gcc/msp430/4.7.0/mcpu-430x/mmpy-16/libgcc.a(_si_to_sf.o)
                0x0000e542                __floatsisf
 .text          0x0000e5e6       0x8c /usr/local/msp430/bin/../lib/gcc/msp430/4.7.0/mcpu-430x/mmpy-16/libgcc.a(_sf_to_si.o)
                0x0000e5e6                __fixsfsi
 .text          0x0000e672        0x0 /usr/local/msp430/bin/../lib/gcc/msp430/4.7.0/mcpu-430x/mmpy-16/libgcc.a(_thenan_sf.o)
 .text          0x0000e672       0xe4 /usr/local/msp430/bin/../lib/gcc/msp430/4.7.0/mcpu-430x/mmpy-16/libgcc.a(_usi_to_sf.o)
                0x0000e672                __floatunsisf
 .text          0x0000e756       0x6a /usr/local/msp430/bin/../lib/gcc/msp430/4.7.0/mcpu-430x/mmpy-16/libgcc.a(_clzsi2.o)
                0x0000e756                __clzsi2
 .text          0x0000e7c0      0x1c8 /usr/local/msp430/bin/../lib/gcc/msp430/4.7.0/mcpu-430x/mmpy-16/libgcc.a(_pack_sf.o)
                0x0000e7c0                __pack_f
 .text          0x0000e988      0x10c /usr/local/msp430/bin/../lib/gcc/msp430/4.7.0/mcpu-430x/mmpy-16/libgcc.a(_unpack_sf.o)
                0x0000e988                __unpack_f
 .text          0x0000ea94       0xa4 /usr/local/msp430/bin/../lib/gcc/msp430/4.7.0/mcpu-430x/mmpy-16/libgcc.a(_fpcmp_parts_sf.o)
                0x0000ea94                __fpcmp_parts_f
 .text          0x0000eb38        0x0 /usr/local/msp430/bin/../lib/gcc/msp430/4.7.0/mcpu-430x/mmpy-16/libgcc.a(_clz.o)
 .text          0x0000eb38        0x0 /usr/local/msp430/bin/../lib/gcc/msp430/4.7.0/../../../../msp430/lib/mcpu-430x/mmpy-16/libc.a(printf.o)
 .text.printf   0x0000eb38       0x10 /usr/local/msp430/bin/../lib/gcc/msp430/4.7.0/../../../../msp430/lib/mcpu-430x/mmpy-16/libc.a(printf.o)
                0x0000eb38                printf
 .text.vprintf  0x0000eb48        0xe /usr/local/msp430/bin/../lib/gcc/msp430/4.7.0/../../../../msp430/lib/mcpu-430x/mmpy-16/libc.a(printf.o)
                0x0000eb48                vprintf
 .text          0x0000eb56        0x0 /usr/local/msp430/bin/../lib/gcc/msp430/4.7.0/../../../../msp430/lib/mcpu-430x/mmpy-16/libc.a(sprintf.o)
 .text.append   0x0000eb56       0x22 /usr/local/msp430/bin/../lib/gcc/msp430/4.7.0/../../../../msp430/lib/mcpu-430x/mmpy-16/libc.a(sprintf.o)
 .text.call_vuprintf
                0x0000eb78       0x36 /usr/local/msp430/bin/../lib/gcc/msp430/4.7.0/../../../../msp430/lib/mcpu-430x/mmpy-16/libc.a(sprintf.o)
 .text.sprintf  0x0000ebae       0x1c /usr/local/msp430/bin/../lib/gcc/msp430/4.7.0/../../../../msp430/lib/mcpu-430x/mmpy-16/libc.a(sprintf.o)
                0x0000ebae                sprintf
 .text.snprintf
                0x0000ebca       0x1a /usr/local/msp430/bin/../lib/gcc/msp430/4.7.0/../../../../msp430/lib/mcpu-430x/mmpy-16/libc.a(sprintf.o)
                0x0000ebca                snprintf
 .text.vsprintf
                0x0000ebe4       0x16 /usr/local/msp430/bin/../lib/gcc/msp430/4.7.0/../../../../msp430/lib/mcpu-430x/mmpy-16/libc.a(sprintf.o)
                0x0000ebe4                vsprintf
 .text.vsnprintf
                0x0000ebfa       0x12 /usr/local/msp430/bin/../lib/gcc/msp430/4.7.0/../../../../msp430/lib/mcpu-430x/mmpy-16/libc.a(sprintf.o)
                0x0000ebfa                vsnprintf
 .text          0x0000ec0c        0x0 /usr/local/msp430/bin/../lib/gcc/msp430/4.7.0/../../../../msp430/lib/mcpu-430x/mmpy-16/libc.a(vuprintf.o)
 .text.print_field
                0x0000ec0c      0x176 /usr/local/msp430/bin/../lib/gcc/msp430/4.7.0/../../../../msp430/lib/mcpu-430x/mmpy-16/libc.a(vuprintf.o)
 .text.vuprintf
                0x0000ed82      0x740 /usr/local/msp430/bin/../lib/gcc/msp430/4.7.0/../../../../msp430/lib/mcpu-430x/mmpy-16/libc.a(vuprintf.o)
                0x0000ed82                vuprintf
 .text          0x0000f4c2        0x0 /usr/local/msp430/bin/../lib/gcc/msp430/4.7.0/../../../../msp430/lib/mcpu-430x/mmpy-16/libc.a(puts.o)
 .text.puts     0x0000f4c2       0x2c /usr/local/msp430/bin/../lib/gcc/msp430/4.7.0/../../../../msp430/lib/mcpu-430x/mmpy-16/libc.a(puts.o)
                0x0000f4c2                puts
 .text          0x0000f4ee        0x0 /usr/local/msp430/bin/../lib/gcc/msp430/4.7.0/../../../../msp430/lib/mcpu-430x/mmpy-16/libc.a(rand.o)
 .text.rand_r   0x0000f4ee       0x24 /usr/local/msp430/bin/../lib/gcc/msp430/4.7.0/../../../../msp430/lib/mcpu-430x/mmpy-16/libc.a(rand.o)
                0x0000f4ee                rand_r
 .text.rand     0x0000f512       0x26 /usr/local/msp430/bin/../lib/gcc/msp430/4.7.0/../../../../msp430/lib/mcpu-430x/mmpy-16/libc.a(rand.o)
                0x0000f512                rand
 .text.srand    0x0000f538        0xa /usr/local/msp430/bin/../lib/gcc/msp430/4.7.0/../../../../msp430/lib/mcpu-430x/mmpy-16/libc.a(rand.o)
                0x0000f538                srand
 .text          0x0000f542        0x0 /usr/local/msp430/bin/../lib/gcc/msp430/4.7.0/../../../../msp430/lib/mcpu-430x/mmpy-16/libc.a(strncat.o)
 .text.strncat  0x0000f542       0x2c /usr/local/msp430/bin/../lib/gcc/msp430/4.7.0/../../../../msp430/lib/mcpu-430x/mmpy-16/libc.a(strncat.o)
                0x0000f542                strncat
 .text          0x0000f56e        0x0 /usr/local/msp430/bin/../lib/gcc/msp430/4.7.0/../../../../msp430/lib/mcpu-430x/mmpy-16/libc.a(strcmp.o)
 .text.strcmp   0x0000f56e       0x1e /usr/local/msp430/bin/../lib/gcc/msp430/4.7.0/../../../../msp430/lib/mcpu-430x/mmpy-16/libc.a(strcmp.o)
                0x0000f56e                strcmp
 .text          0x0000f58c        0x0 /usr/local/msp430/bin/../lib/gcc/msp430/4.7.0/../../../../msp430/lib/mcpu-430x/mmpy-16/libc.a(strncmp.o)
 .text.strncmp  0x0000f58c       0x2a /usr/local/msp430/bin/../lib/gcc/msp430/4.7.0/../../../../msp430/lib/mcpu-430x/mmpy-16/libc.a(strncmp.o)
                0x0000f58c                strncmp
 .text          0x0000f5b6        0x0 /usr/local/msp430/bin/../lib/gcc/msp430/4.7.0/../../../../msp430/lib/mcpu-430x/mmpy-16/libc.a(memcmp.o)
 .text.memcmp   0x0000f5b6       0x2c /usr/local/msp430/bin/../lib/gcc/msp430/4.7.0/../../../../msp430/lib/mcpu-430x/mmpy-16/libc.a(memcmp.o)
                0x0000f5b6                memcmp
 .text          0x0000f5e2        0x0 /usr/local/msp430/bin/../lib/gcc/msp430/4.7.0/../../../../msp430/lib/mcpu-430x/mmpy-16/libc.a(strncpy.o)
 .text.strncpy  0x0000f5e2       0x2a /usr/local/msp430/bin/../lib/gcc/msp430/4.7.0/../../../../msp430/lib/mcpu-430x/mmpy-16/libc.a(strncpy.o)
                0x0000f5e2                strncpy
 .text          0x0000f60c        0x0 /usr/local/msp430/bin/../lib/gcc/msp430/4.7.0/../../../../msp430/lib/mcpu-430x/mmpy-16/libc.a(memcpy.o)
 .text.memcpy   0x0000f60c       0xe8 /usr/local/msp430/bin/../lib/gcc/msp430/4.7.0/../../../../msp430/lib/mcpu-430x/mmpy-16/libc.a(memcpy.o)
                0x0000f60c                memcpy
 .text          0x0000f6f4        0x0 /usr/local/msp430/bin/../lib/gcc/msp430/4.7.0/../../../../msp430/lib/mcpu-430x/mmpy-16/libc.a(memmove.o)
 .text.memmove  0x0000f6f4       0xe8 /usr/local/msp430/bin/../lib/gcc/msp430/4.7.0/../../../../msp430/lib/mcpu-430x/mmpy-16/libc.a(memmove.o)
                0x0000f6f4                memmove
 .text          0x0000f7dc        0x0 /usr/local/msp430/bin/../lib/gcc/msp430/4.7.0/../../../../msp430/lib/mcpu-430x/mmpy-16/libc.a(memset.o)
 .text.memset   0x0000f7dc       0x5c /usr/local/msp430/bin/../lib/gcc/msp430/4.7.0/../../../../msp430/lib/mcpu-430x/mmpy-16/libc.a(memset.o)
                0x0000f7dc                memset
 .text          0x0000f838        0x0 /usr/local/msp430/bin/../lib/gcc/msp430/4.7.0/../../../../msp430/lib/mcpu-430x/mmpy-16/libc.a(strcasecmp.o)
 .text.strcasecmp
                0x0000f838       0x6c /usr/local/msp430/bin/../lib/gcc/msp430/4.7.0/../../../../msp430/lib/mcpu-430x/mmpy-16/libc.a(strcasecmp.o)
                0x0000f838                strcasecmp
 .text          0x0000f8a4        0x0 /usr/local/msp430/bin/../lib/gcc/msp430/4.7.0/../../../../msp430/lib/mcpu-430x/mmpy-16/libc.a(strcat.o)
 .text.strcat   0x0000f8a4       0x1a /usr/local/msp430/bin/../lib/gcc/msp430/4.7.0/../../../../msp430/lib/mcpu-430x/mmpy-16/libc.a(strcat.o)
                0x0000f8a4                strcat
 .text          0x0000f8be        0x0 /usr/local/msp430/bin/../lib/gcc/msp430/4.7.0/../../../../msp430/lib/mcpu-430x/mmpy-16/libc.a(strncasecmp.o)
 .text.strncasecmp
                0x0000f8be       0x7c /usr/local/msp430/bin/../lib/gcc/msp430/4.7.0/../../../../msp430/lib/mcpu-430x/mmpy-16/libc.a(strncasecmp.o)
                0x0000f8be                strncasecmp
 .text          0x0000f93a        0x0 /usr/local/msp430/bin/../lib/gcc/msp430/4.7.0/mcpu-430x/mmpy-16/libgcc.a(_udivmod64.o)
 .text.libgcc   0x0000f93a       0xbc /usr/local/msp430/bin/../lib/gcc/msp430/4.7.0/mcpu-430x/mmpy-16/libgcc.a(_udivmod64.o)
                0x0000f93a                __xabi_udivmod64
                0x0000f98c                __udivdi3
                0x0000f9a6                __umoddi3
                0x0000f9c8                __udivmoddi4
 .text          0x0000f9f6        0x0 /usr/local/msp430/bin/../lib/gcc/msp430/4.7.0/mcpu-430x/mmpy-16/libcrt0.a(_reset_vector__.o)
 .text          0x0000f9f6        0x0 /usr/local/msp430/bin/../lib/gcc/msp430/4.7.0/mcpu-430x/mmpy-16/libcrt0.a(__watchdog_support.o)
 .text          0x0000f9f6        0x0 /usr/local/msp430/bin/../lib/gcc/msp430/4.7.0/mcpu-430x/mmpy-16/libcrt0.a(__init_stack.o)
 .text          0x0000f9f6        0x0 /usr/local/msp430/bin/../lib/gcc/msp430/4.7.0/mcpu-430x/mmpy-16/libcrt0.a(__low_level_init.o)
 .text          0x0000f9f6        0x0 /usr/local/msp430/bin/../lib/gcc/msp430/4.7.0/mcpu-430x/mmpy-16/libcrt0.a(_copy_data.o)
 .text          0x0000f9f6        0x0 /usr/local/msp430/bin/../lib/gcc/msp430/4.7.0/mcpu-430x/mmpy-16/libcrt0.a(_clear_bss.o)
 .text          0x0000f9f6        0x0 /usr/local/msp430/bin/../lib/gcc/msp430/4.7.0/mcpu-430x/mmpy-16/libcrt0.a(__stop_progExec__.o)
 .text          0x0000f9f6        0x0 /usr/local/msp430/bin/../lib/gcc/msp430/4.7.0/mcpu-430x/mmpy-16/libcrt0.a(_endless_loop__.o)
 .text          0x0000f9f6        0x0 /usr/local/msp430/bin/../lib/gcc/msp430/4.7.0/mcpu-430x/mmpy-16/libcrt0.a(_unexpected_.o)
 .text.crt0     0x0000f9f6        0x2 /usr/local/msp430/bin/../lib/gcc/msp430/4.7.0/mcpu-430x/mmpy-16/libcrt0.a(_unexpected_.o)
                0x0000f9f6                _unexpected_
 *(.near.text .near.text.*)
 .near.text     0x0000f9f8        0x6 contiki-z1.a(watchdog.o)
                0x0000f9f8                __isr_26
                0x0000f9f8                watchdog_interrupt
 .near.text     0x0000f9fe       0x76 contiki-z1.a(button-sensor.o)
                0x0000f9fe                irq_p2
                0x0000f9fe                __isr_19
 .near.text     0x0000fa74       0x64 contiki-z1.a(uart0.o)
                0x0000fa74                __isr_23
                0x0000fa74                uart0_rx_interrupt
 .near.text     0x0000fad8       0xbe contiki-z1.a(adxl345.o)
                0x0000fad8                port1_isr
                0x0000fad8                __isr_18
 .near.text     0x0000fb96       0xea contiki-z1.a(clock.o)
                0x0000fb96                __isr_24
                0x0000fb96                timera1
 .near.text     0x0000fc80       0x5c contiki-z1.a(rtimer-arch.o)
                0x0000fc80                __isr_25
                0x0000fc80                timera0
 .near.text     0x0000fcdc       0x98 contiki-z1.a(i2cmaster.o)
                0x0000fcdc                __isr_16
                0x0000fcdc                i2c_tx_interrupt
                0x0000fd60                i2c_rx_interrupt
                0x0000fd60                __isr_17

.rodata         0x0000fd74      0x5ab
                0x0000fd74                . = ALIGN (0x2)
 *(.rodata .rodata.* .gnu.linkonce.r.*)
 .rodata        0x0000fd74       0xaa udp-server.co
                0x0000fe04                autostart_processes
 .rodata        0x0000fe1e      0x118 obj_z1/contiki-z1-main.o
 .rodata        0x0000ff36        0x8 contiki-z1.a(rimeaddr.o)
                0x0000ff36                rimeaddr_null
 .rodata        0x0000ff3e       0x14 contiki-z1.a(csma.o)
                0x0000ff44                csma_driver
 .rodata        0x0000ff52       0x1c contiki-z1.a(contikimac.o)
                0x0000ff5e                contikimac_driver
 .rodata        0x0000ff6e        0xc contiki-z1.a(etimer.o)
 .rodata        0x0000ff7a        0xf contiki-z1.a(ctimer.o)
 *fill*         0x0000ff89        0x1 00
 .rodata        0x0000ff8a       0x50 contiki-z1.a(resolv.o)
 .rodata        0x0000ffda       0x24 contiki-z1.a(sicslowpan.o)
                0x0000ffe6                sicslowpan_driver
                0x0000ffec                llprefix
                0x0000ffee                unc_mxconf
                0x0000fff2                unc_ctxconf
                0x0000fff6                unc_llconf
 .rodata        0x0000fffe        0xd contiki-z1.a(tcpip.o)
 .rodata        0x0001000b       0x1a contiki-z1.a(uip-debug.o)
 *fill*         0x00010025        0x3 00
 .rodata        0x00010028       0x20 contiki-z1.a(uip6.o)
 .rodata        0x00010048       0x2c contiki-z1.a(xmem.o)
 .rodata        0x00010074       0x22 contiki-z1.a(cc2420.o)
                0x00010074                cc2420_driver
 .rodata        0x00010096        0x8 contiki-z1.a(sensors.o)
 .rodata        0x0001009e       0x10 contiki-z1.a(button-sensor.o)
                0x000100a6                button_sensor
 .rodata        0x000100ae       0x16 contiki-z1.a(adxl345.o)
 .rodata        0x000100c4        0x4 contiki-z1.a(framer-802154.o)
                0x000100c4                framer_802154
 .rodata        0x000100c8       0x2c contiki-z1.a(rpl-icmp6.o)
 .rodata        0x000100f4      0x119 contiki-z1.a(rpl-timers.o)
 .rodata        0x0001020d        0x2 contiki-z1.a(frame802154.o)
 *fill*         0x0001020f        0x1 00
 .rodata        0x00010210        0x8 /usr/local/msp430/bin/../lib/gcc/msp430/4.7.0/mcpu-430x/mmpy-16/libgcc.a(_thenan_sf.o)
                0x00010210                __thenan_sf
 .rodata        0x00010218      0x100 /usr/local/msp430/bin/../lib/gcc/msp430/4.7.0/mcpu-430x/mmpy-16/libgcc.a(_clz.o)
                0x00010218                __clz_tab
 .rodata.vuprintf
                0x00010318        0x7 /usr/local/msp430/bin/../lib/gcc/msp430/4.7.0/../../../../msp430/lib/mcpu-430x/mmpy-16/libc.a(vuprintf.o)
 *(.near.rodata .near.rodata.*)
                0x00010320                . = ALIGN (0x2)
                0x00010320                _etext = .

.data           0x00001100      0x10e load address 0x00010320
                0x00001100                . = ALIGN (0x2)
                0x00001100                __data_start = .
 *(.data .data.* .gnu.linkonce.d.*)
 .data          0x00001100        0x0 /usr/local/msp430/bin/../lib/gcc/msp430/4.7.0/mcpu-430x/mmpy-16/crt0ivtbl32.o
 .data          0x00001100        0xa udp-server.co
                0x00001100                udp_server_process
 .data          0x0000110a        0x4 obj_z1/contiki-z1-main.o
                0x0000110a                sensors
 .data          0x0000110e        0x0 contiki-z1.a(rimeaddr.o)
 .data          0x0000110e       0x18 contiki-z1.a(csma.o)
 .data          0x00001126        0x0 contiki-z1.a(contikimac.o)
 .data          0x00001126       0x10 contiki-z1.a(phase.o)
 .data          0x00001136        0x0 contiki-z1.a(process.o)
 .data          0x00001136        0x0 contiki-z1.a(autostart.o)
 .data          0x00001136        0x0 contiki-z1.a(memb.o)
 .data          0x00001136        0x0 contiki-z1.a(timer.o)
 .data          0x00001136        0x0 contiki-z1.a(list.o)
 .data          0x00001136        0xa contiki-z1.a(etimer.o)
                0x00001136                etimer_process
 .data          0x00001140        0xa contiki-z1.a(ctimer.o)
                0x00001140                ctimer_process
 .data          0x0000114a        0x0 contiki-z1.a(energest.o)
 .data          0x0000114a        0x0 contiki-z1.a(rtimer.o)
 .data          0x0000114a        0x0 contiki-z1.a(random.o)
 .data          0x0000114a        0x8 contiki-z1.a(nbr-table.o)
 .data          0x00001152        0x0 contiki-z1.a(packetbuf.o)
 .data          0x00001152       0x18 contiki-z1.a(queuebuf.o)
 .data          0x0000116a       0x24 contiki-z1.a(resolv.o)
                0x0000116a                mdns_probe_process
                0x00001174                resolv_process
 .data          0x0000118e        0x0 contiki-z1.a(sicslowpan.o)
 .data          0x0000118e        0xa contiki-z1.a(tcpip.o)
                0x0000118e                tcpip_process
 .data          0x00001198        0x0 contiki-z1.a(uip-debug.o)
 .data          0x00001198       0x18 contiki-z1.a(uip-ds6-route.o)
 .data          0x000011b0        0xa contiki-z1.a(uip-ds6-nbr.o)
                0x000011b0                ds6_neighbors
 .data          0x000011ba        0x0 contiki-z1.a(uip-ds6.o)
 .data          0x000011ba        0x0 contiki-z1.a(uip-nd6.o)
 .data          0x000011ba        0x0 contiki-z1.a(uip-udp-packet.)
 .data          0x000011ba        0x0 contiki-z1.a(uip6.o)
 .data          0x000011ba        0x0 contiki-z1.a(contiki-z1-plat)
 .data          0x000011ba        0x2 contiki-z1.a(msp430.o)
 .data          0x000011bc        0x0 contiki-z1.a(leds.o)
 .data          0x000011bc        0x0 contiki-z1.a(watchdog.o)
 .data          0x000011bc        0x0 contiki-z1.a(xmem.o)
 .data          0x000011bc        0x0 contiki-z1.a(spi.o)
 .data          0x000011bc        0xa contiki-z1.a(cc2420.o)
                0x000011bc                cc2420_process
 .data          0x000011c6        0x0 contiki-z1.a(cc2420-arch.o)
 .data          0x000011c6        0x0 contiki-z1.a(node-id.o)
 .data          0x000011c6        0xa contiki-z1.a(sensors.o)
                0x000011c6                sensors_process
 .data          0x000011d0        0x0 contiki-z1.a(button-sensor.o)
 .data          0x000011d0        0x0 contiki-z1.a(uart0.o)
 .data          0x000011d0        0x0 contiki-z1.a(uart0-putchar.o)
 .data          0x000011d0       0x20 contiki-z1.a(adxl345.o)
                0x000011d0                accmeter_process
 .data          0x000011f0        0x0 contiki-z1.a(clock.o)
 .data          0x000011f0        0x0 contiki-z1.a(leds-arch.o)
 .data          0x000011f0        0x0 contiki-z1.a(rtimer-arch.o)
 .data          0x000011f0        0x0 contiki-z1.a(mac.o)
 .data          0x000011f0        0x0 contiki-z1.a(framer-802154.o)
 .data          0x000011f0        0x0 contiki-z1.a(rpl.o)
 .data          0x000011f0        0xa contiki-z1.a(rpl-dag.o)
 .data          0x000011fa        0x1 contiki-z1.a(rpl-icmp6.o)
 .data          0x000011fb        0x0 contiki-z1.a(rpl-timers.o)
 *fill*         0x000011fb        0x1 00
 .data          0x000011fc        0xe contiki-z1.a(rpl-mrhof.o)
                0x000011fc                rpl_mrhof
 .data          0x0000120a        0x0 contiki-z1.a(rpl-ext-header.)
 .data          0x0000120a        0x0 contiki-z1.a(stimer.o)
 .data          0x0000120a        0x0 contiki-z1.a(uip-icmp6.o)
 .data          0x0000120a        0x0 contiki-z1.a(i2cmaster.o)
 .data          0x0000120a        0x0 contiki-z1.a(frame802154.o)
 .data          0x0000120a        0x0 /usr/local/msp430/bin/../lib/gcc/msp430/4.7.0/mcpu-430x/mmpy-16/libgcc.a(_mulsi3.o)
 .data          0x0000120a        0x0 /usr/local/msp430/bin/../lib/gcc/msp430/4.7.0/mcpu-430x/mmpy-16/libgcc.a(_udivmod16.o)
 .data          0x0000120a        0x0 /usr/local/msp430/bin/../lib/gcc/msp430/4.7.0/mcpu-430x/mmpy-16/libgcc.a(_divmod16.o)
 .data          0x0000120a        0x0 /usr/local/msp430/bin/../lib/gcc/msp430/4.7.0/mcpu-430x/mmpy-16/libgcc.a(_udivmod32.o)
 .data          0x0000120a        0x0 /usr/local/msp430/bin/../lib/gcc/msp430/4.7.0/mcpu-430x/mmpy-16/libgcc.a(_addsub_sf.o)
 .data          0x0000120a        0x0 /usr/local/msp430/bin/../lib/gcc/msp430/4.7.0/mcpu-430x/mmpy-16/libgcc.a(_mul_sf.o)
 .data          0x0000120a        0x0 /usr/local/msp430/bin/../lib/gcc/msp430/4.7.0/mcpu-430x/mmpy-16/libgcc.a(_div_sf.o)
 .data          0x0000120a        0x0 /usr/local/msp430/bin/../lib/gcc/msp430/4.7.0/mcpu-430x/mmpy-16/libgcc.a(_eq_sf.o)
 .data          0x0000120a        0x0 /usr/local/msp430/bin/../lib/gcc/msp430/4.7.0/mcpu-430x/mmpy-16/libgcc.a(_lt_sf.o)
 .data          0x0000120a        0x0 /usr/local/msp430/bin/../lib/gcc/msp430/4.7.0/mcpu-430x/mmpy-16/libgcc.a(_si_to_sf.o)
 .data          0x0000120a        0x0 /usr/local/msp430/bin/../lib/gcc/msp430/4.7.0/mcpu-430x/mmpy-16/libgcc.a(_sf_to_si.o)
 .data          0x0000120a        0x0 /usr/local/msp430/bin/../lib/gcc/msp430/4.7.0/mcpu-430x/mmpy-16/libgcc.a(_thenan_sf.o)
 .data          0x0000120a        0x0 /usr/local/msp430/bin/../lib/gcc/msp430/4.7.0/mcpu-430x/mmpy-16/libgcc.a(_usi_to_sf.o)
 .data          0x0000120a        0x0 /usr/local/msp430/bin/../lib/gcc/msp430/4.7.0/mcpu-430x/mmpy-16/libgcc.a(_clzsi2.o)
 .data          0x0000120a        0x0 /usr/local/msp430/bin/../lib/gcc/msp430/4.7.0/mcpu-430x/mmpy-16/libgcc.a(_pack_sf.o)
 .data          0x0000120a        0x0 /usr/local/msp430/bin/../lib/gcc/msp430/4.7.0/mcpu-430x/mmpy-16/libgcc.a(_unpack_sf.o)
 .data          0x0000120a        0x0 /usr/local/msp430/bin/../lib/gcc/msp430/4.7.0/mcpu-430x/mmpy-16/libgcc.a(_fpcmp_parts_sf.o)
 .data          0x0000120a        0x0 /usr/local/msp430/bin/../lib/gcc/msp430/4.7.0/mcpu-430x/mmpy-16/libgcc.a(_clz.o)
 .data          0x0000120a        0x0 /usr/local/msp430/bin/../lib/gcc/msp430/4.7.0/../../../../msp430/lib/mcpu-430x/mmpy-16/libc.a(printf.o)
 .data          0x0000120a        0x0 /usr/local/msp430/bin/../lib/gcc/msp430/4.7.0/../../../../msp430/lib/mcpu-430x/mmpy-16/libc.a(sprintf.o)
 .data          0x0000120a        0x0 /usr/local/msp430/bin/../lib/gcc/msp430/4.7.0/../../../../msp430/lib/mcpu-430x/mmpy-16/libc.a(vuprintf.o)
 .data          0x0000120a        0x0 /usr/local/msp430/bin/../lib/gcc/msp430/4.7.0/../../../../msp430/lib/mcpu-430x/mmpy-16/libc.a(puts.o)
 .data          0x0000120a        0x0 /usr/local/msp430/bin/../lib/gcc/msp430/4.7.0/../../../../msp430/lib/mcpu-430x/mmpy-16/libc.a(rand.o)
 .data.next     0x0000120a        0x4 /usr/local/msp430/bin/../lib/gcc/msp430/4.7.0/../../../../msp430/lib/mcpu-430x/mmpy-16/libc.a(rand.o)
 .data          0x0000120e        0x0 /usr/local/msp430/bin/../lib/gcc/msp430/4.7.0/../../../../msp430/lib/mcpu-430x/mmpy-16/libc.a(strncat.o)
 .data          0x0000120e        0x0 /usr/local/msp430/bin/../lib/gcc/msp430/4.7.0/../../../../msp430/lib/mcpu-430x/mmpy-16/libc.a(strcmp.o)
 .data          0x0000120e        0x0 /usr/local/msp430/bin/../lib/gcc/msp430/4.7.0/../../../../msp430/lib/mcpu-430x/mmpy-16/libc.a(strncmp.o)
 .data          0x0000120e        0x0 /usr/local/msp430/bin/../lib/gcc/msp430/4.7.0/../../../../msp430/lib/mcpu-430x/mmpy-16/libc.a(memcmp.o)
 .data          0x0000120e        0x0 /usr/local/msp430/bin/../lib/gcc/msp430/4.7.0/../../../../msp430/lib/mcpu-430x/mmpy-16/libc.a(strncpy.o)
 .data          0x0000120e        0x0 /usr/local/msp430/bin/../lib/gcc/msp430/4.7.0/../../../../msp430/lib/mcpu-430x/mmpy-16/libc.a(memcpy.o)
 .data          0x0000120e        0x0 /usr/local/msp430/bin/../lib/gcc/msp430/4.7.0/../../../../msp430/lib/mcpu-430x/mmpy-16/libc.a(memmove.o)
 .data          0x0000120e        0x0 /usr/local/msp430/bin/../lib/gcc/msp430/4.7.0/../../../../msp430/lib/mcpu-430x/mmpy-16/libc.a(memset.o)
 .data          0x0000120e        0x0 /usr/local/msp430/bin/../lib/gcc/msp430/4.7.0/../../../../msp430/lib/mcpu-430x/mmpy-16/libc.a(strcasecmp.o)
 .data          0x0000120e        0x0 /usr/local/msp430/bin/../lib/gcc/msp430/4.7.0/../../../../msp430/lib/mcpu-430x/mmpy-16/libc.a(strcat.o)
 .data          0x0000120e        0x0 /usr/local/msp430/bin/../lib/gcc/msp430/4.7.0/../../../../msp430/lib/mcpu-430x/mmpy-16/libc.a(strncasecmp.o)
 .data          0x0000120e        0x0 /usr/local/msp430/bin/../lib/gcc/msp430/4.7.0/mcpu-430x/mmpy-16/libgcc.a(_udivmod64.o)
 .data          0x0000120e        0x0 /usr/local/msp430/bin/../lib/gcc/msp430/4.7.0/mcpu-430x/mmpy-16/libcrt0.a(_reset_vector__.o)
 .data          0x0000120e        0x0 /usr/local/msp430/bin/../lib/gcc/msp430/4.7.0/mcpu-430x/mmpy-16/libcrt0.a(__watchdog_support.o)
 .data          0x0000120e        0x0 /usr/local/msp430/bin/../lib/gcc/msp430/4.7.0/mcpu-430x/mmpy-16/libcrt0.a(__init_stack.o)
 .data          0x0000120e        0x0 /usr/local/msp430/bin/../lib/gcc/msp430/4.7.0/mcpu-430x/mmpy-16/libcrt0.a(__low_level_init.o)
 .data          0x0000120e        0x0 /usr/local/msp430/bin/../lib/gcc/msp430/4.7.0/mcpu-430x/mmpy-16/libcrt0.a(_copy_data.o)
 .data          0x0000120e        0x0 /usr/local/msp430/bin/../lib/gcc/msp430/4.7.0/mcpu-430x/mmpy-16/libcrt0.a(_clear_bss.o)
 .data          0x0000120e        0x0 /usr/local/msp430/bin/../lib/gcc/msp430/4.7.0/mcpu-430x/mmpy-16/libcrt0.a(__stop_progExec__.o)
 .data          0x0000120e        0x0 /usr/local/msp430/bin/../lib/gcc/msp430/4.7.0/mcpu-430x/mmpy-16/libcrt0.a(_endless_loop__.o)
 .data          0x0000120e        0x0 /usr/local/msp430/bin/../lib/gcc/msp430/4.7.0/mcpu-430x/mmpy-16/libcrt0.a(_unexpected_.o)
 *(.near.data .near.data.*)
                0x0000120e                . = ALIGN (0x2)
                0x0000120e                _edata = .
                0x00010320                __data_load_start = LOADADDR (.data)
                0x0000010e                __data_size = SIZEOF (.data)

.bss            0x0000120e     0x165e load address 0x0001042e
                0x0000120e                __bss_start = .
 *(.bss .bss.*)
 .bss           0x0000120e        0x0 /usr/local/msp430/bin/../lib/gcc/msp430/4.7.0/mcpu-430x/mmpy-16/crt0ivtbl32.o
 .bss           0x0000120e        0x4 udp-server.co
 .bss           0x00001212        0x4 obj_z1/contiki-z1-main.o
 .bss           0x00001216        0x0 contiki-z1.a(rimeaddr.o)
 .bss           0x00001216       0x8a contiki-z1.a(csma.o)
 .bss           0x000012a0       0xcc contiki-z1.a(contikimac.o)
 .bss           0x0000136c      0x19c contiki-z1.a(phase.o)
 .bss           0x00001508       0x42 contiki-z1.a(process.o)
                0x00001508                process_current
                0x0000150a                process_list
 .bss           0x0000154a        0x0 contiki-z1.a(autostart.o)
 .bss           0x0000154a        0x0 contiki-z1.a(memb.o)
 .bss           0x0000154a        0x0 contiki-z1.a(timer.o)
 .bss           0x0000154a        0x0 contiki-z1.a(list.o)
 .bss           0x0000154a        0x6 contiki-z1.a(etimer.o)
 .bss           0x00001550        0x4 contiki-z1.a(ctimer.o)
 .bss           0x00001554        0x0 contiki-z1.a(energest.o)
 .bss           0x00001554        0x2 contiki-z1.a(rtimer.o)
 .bss           0x00001556        0x0 contiki-z1.a(random.o)
 .bss           0x00001556       0xd8 contiki-z1.a(nbr-table.o)
 .bss           0x0000162e       0xba contiki-z1.a(packetbuf.o)
 .bss           0x000016e8      0x3c6 contiki-z1.a(queuebuf.o)
 .bss           0x00001aae      0x178 contiki-z1.a(resolv.o)
 .bss           0x00001c26       0xbe contiki-z1.a(sicslowpan.o)
 .bss           0x00001ce4       0x36 contiki-z1.a(tcpip.o)
 .bss           0x00001d1a        0x0 contiki-z1.a(uip-debug.o)
 .bss           0x00001d1a      0x24e contiki-z1.a(uip-ds6-route.o)
 .bss           0x00001f68      0x21c contiki-z1.a(uip-ds6-nbr.o)
 .bss           0x00002184       0x18 contiki-z1.a(uip-ds6.o)
 .bss           0x0000219c        0xa contiki-z1.a(uip-nd6.o)
 .bss           0x000021a6        0x0 contiki-z1.a(uip-udp-packet.)
 .bss           0x000021a6        0xe contiki-z1.a(uip6.o)
                0x000021a6                uip_ext_opt_offset
                0x000021a7                uip_ext_len
                0x000021a8                uip_ext_bitmap
 .bss           0x000021b4        0x0 contiki-z1.a(contiki-z1-plat)
 .bss           0x000021b4        0x0 contiki-z1.a(msp430.o)
 .bss           0x000021b4        0x2 contiki-z1.a(leds.o)
 .bss           0x000021b6        0x2 contiki-z1.a(watchdog.o)
 .bss           0x000021b8        0x0 contiki-z1.a(xmem.o)
 .bss           0x000021b8        0x1 contiki-z1.a(spi.o)
                0x000021b8                spi_busy
 *fill*         0x000021b9        0x1 00
 .bss           0x000021ba        0xa contiki-z1.a(cc2420.o)
 .bss           0x000021c4        0x0 contiki-z1.a(cc2420-arch.o)
 .bss           0x000021c4        0x2 contiki-z1.a(node-id.o)
                0x000021c4                node_id
 .bss           0x000021c6        0x6 contiki-z1.a(sensors.o)
 .bss           0x000021cc        0x8 contiki-z1.a(button-sensor.o)
 .bss           0x000021d4        0x4 contiki-z1.a(uart0.o)
 .bss           0x000021d8        0x0 contiki-z1.a(uart0-putchar.o)
 .bss           0x000021d8       0x16 contiki-z1.a(adxl345.o)
 .bss           0x000021ee        0xa contiki-z1.a(clock.o)
 .bss           0x000021f8        0x0 contiki-z1.a(leds-arch.o)
 .bss           0x000021f8        0x0 contiki-z1.a(rtimer-arch.o)
 .bss           0x000021f8        0x0 contiki-z1.a(mac.o)
 .bss           0x000021f8        0x2 contiki-z1.a(framer-802154.o)
 .bss           0x000021fa        0x0 contiki-z1.a(rpl.o)
 .bss           0x000021fa       0x96 contiki-z1.a(rpl-dag.o)
 .bss           0x00002290        0x0 contiki-z1.a(rpl-icmp6.o)
 .bss           0x00002290       0x1a contiki-z1.a(rpl-timers.o)
 .bss           0x000022aa        0x0 contiki-z1.a(rpl-mrhof.o)
 .bss           0x000022aa        0x0 contiki-z1.a(rpl-ext-header.)
 .bss           0x000022aa        0x0 contiki-z1.a(stimer.o)
 .bss           0x000022aa       0x10 contiki-z1.a(uip-icmp6.o)
 .bss           0x000022ba        0x2 contiki-z1.a(i2cmaster.o)
 .bss           0x000022bc        0x0 contiki-z1.a(frame802154.o)
 .bss           0x000022bc        0x0 /usr/local/msp430/bin/../lib/gcc/msp430/4.7.0/mcpu-430x/mmpy-16/libgcc.a(_mulsi3.o)
 .bss           0x000022bc        0x0 /usr/local/msp430/bin/../lib/gcc/msp430/4.7.0/mcpu-430x/mmpy-16/libgcc.a(_udivmod16.o)
 .bss           0x000022bc        0x0 /usr/local/msp430/bin/../lib/gcc/msp430/4.7.0/mcpu-430x/mmpy-16/libgcc.a(_divmod16.o)
 .bss           0x000022bc        0x0 /usr/local/msp430/bin/../lib/gcc/msp430/4.7.0/mcpu-430x/mmpy-16/libgcc.a(_udivmod32.o)
 .bss           0x000022bc        0x0 /usr/local/msp430/bin/../lib/gcc/msp430/4.7.0/mcpu-430x/mmpy-16/libgcc.a(_addsub_sf.o)
 .bss           0x000022bc        0x0 /usr/local/msp430/bin/../lib/gcc/msp430/4.7.0/mcpu-430x/mmpy-16/libgcc.a(_mul_sf.o)
 .bss           0x000022bc        0x0 /usr/local/msp430/bin/../lib/gcc/msp430/4.7.0/mcpu-430x/mmpy-16/libgcc.a(_div_sf.o)
 .bss           0x000022bc        0x0 /usr/local/msp430/bin/../lib/gcc/msp430/4.7.0/mcpu-430x/mmpy-16/libgcc.a(_eq_sf.o)
 .bss           0x000022bc        0x0 /usr/local/msp430/bin/../lib/gcc/msp430/4.7.0/mcpu-430x/mmpy-16/libgcc.a(_lt_sf.o)
 .bss           0x000022bc        0x0 /usr/local/msp430/bin/../lib/gcc/msp430/4.7.0/mcpu-430x/mmpy-16/libgcc.a(_si_to_sf.o)
 .bss           0x000022bc        0x0 /usr/local/msp430/bin/../lib/gcc/msp430/4.7.0/mcpu-430x/mmpy-16/libgcc.a(_sf_to_si.o)
 .bss           0x000022bc        0x0 /usr/local/msp430/bin/../lib/gcc/msp430/4.7.0/mcpu-430x/mmpy-16/libgcc.a(_thenan_sf.o)
 .bss           0x000022bc        0x0 /usr/local/msp430/bin/../lib/gcc/msp430/4.7.0/mcpu-430x/mmpy-16/libgcc.a(_usi_to_sf.o)
 .bss           0x000022bc        0x0 /usr/local/msp430/bin/../lib/gcc/msp430/4.7.0/mcpu-430x/mmpy-16/libgcc.a(_clzsi2.o)
 .bss           0x000022bc        0x0 /usr/local/msp430/bin/../lib/gcc/msp430/4.7.0/mcpu-430x/mmpy-16/libgcc.a(_pack_sf.o)
 .bss           0x000022bc        0x0 /usr/local/msp430/bin/../lib/gcc/msp430/4.7.0/mcpu-430x/mmpy-16/libgcc.a(_unpack_sf.o)
 .bss           0x000022bc        0x0 /usr/local/msp430/bin/../lib/gcc/msp430/4.7.0/mcpu-430x/mmpy-16/libgcc.a(_fpcmp_parts_sf.o)
 .bss           0x000022bc        0x0 /usr/local/msp430/bin/../lib/gcc/msp430/4.7.0/mcpu-430x/mmpy-16/libgcc.a(_clz.o)
 .bss           0x000022bc        0x0 /usr/local/msp430/bin/../lib/gcc/msp430/4.7.0/../../../../msp430/lib/mcpu-430x/mmpy-16/libc.a(printf.o)
 .bss           0x000022bc        0x0 /usr/local/msp430/bin/../lib/gcc/msp430/4.7.0/../../../../msp430/lib/mcpu-430x/mmpy-16/libc.a(sprintf.o)
 .bss.destination_
                0x000022bc        0x2 /usr/local/msp430/bin/../lib/gcc/msp430/4.7.0/../../../../msp430/lib/mcpu-430x/mmpy-16/libc.a(sprintf.o)
 .bss.available_
                0x000022be        0x2 /usr/local/msp430/bin/../lib/gcc/msp430/4.7.0/../../../../msp430/lib/mcpu-430x/mmpy-16/libc.a(sprintf.o)
 .bss           0x000022c0        0x0 /usr/local/msp430/bin/../lib/gcc/msp430/4.7.0/../../../../msp430/lib/mcpu-430x/mmpy-16/libc.a(vuprintf.o)
 .bss           0x000022c0        0x0 /usr/local/msp430/bin/../lib/gcc/msp430/4.7.0/../../../../msp430/lib/mcpu-430x/mmpy-16/libc.a(puts.o)
 .bss           0x000022c0        0x0 /usr/local/msp430/bin/../lib/gcc/msp430/4.7.0/../../../../msp430/lib/mcpu-430x/mmpy-16/libc.a(rand.o)
 .bss           0x000022c0        0x0 /usr/local/msp430/bin/../lib/gcc/msp430/4.7.0/../../../../msp430/lib/mcpu-430x/mmpy-16/libc.a(strncat.o)
 .bss           0x000022c0        0x0 /usr/local/msp430/bin/../lib/gcc/msp430/4.7.0/../../../../msp430/lib/mcpu-430x/mmpy-16/libc.a(strcmp.o)
 .bss           0x000022c0        0x0 /usr/local/msp430/bin/../lib/gcc/msp430/4.7.0/../../../../msp430/lib/mcpu-430x/mmpy-16/libc.a(strncmp.o)
 .bss           0x000022c0        0x0 /usr/local/msp430/bin/../lib/gcc/msp430/4.7.0/../../../../msp430/lib/mcpu-430x/mmpy-16/libc.a(memcmp.o)
 .bss           0x000022c0        0x0 /usr/local/msp430/bin/../lib/gcc/msp430/4.7.0/../../../../msp430/lib/mcpu-430x/mmpy-16/libc.a(strncpy.o)
 .bss           0x000022c0        0x0 /usr/local/msp430/bin/../lib/gcc/msp430/4.7.0/../../../../msp430/lib/mcpu-430x/mmpy-16/libc.a(memcpy.o)
 .bss           0x000022c0        0x0 /usr/local/msp430/bin/../lib/gcc/msp430/4.7.0/../../../../msp430/lib/mcpu-430x/mmpy-16/libc.a(memmove.o)
 .bss           0x000022c0        0x0 /usr/local/msp430/bin/../lib/gcc/msp430/4.7.0/../../../../msp430/lib/mcpu-430x/mmpy-16/libc.a(memset.o)
 .bss           0x000022c0        0x0 /usr/local/msp430/bin/../lib/gcc/msp430/4.7.0/../../../../msp430/lib/mcpu-430x/mmpy-16/libc.a(strcasecmp.o)
 .bss           0x000022c0        0x0 /usr/local/msp430/bin/../lib/gcc/msp430/4.7.0/../../../../msp430/lib/mcpu-430x/mmpy-16/libc.a(strcat.o)
 .bss           0x000022c0        0x0 /usr/local/msp430/bin/../lib/gcc/msp430/4.7.0/../../../../msp430/lib/mcpu-430x/mmpy-16/libc.a(strncasecmp.o)
 .bss           0x000022c0        0x0 /usr/local/msp430/bin/../lib/gcc/msp430/4.7.0/mcpu-430x/mmpy-16/libgcc.a(_udivmod64.o)
 .bss           0x000022c0        0x0 /usr/local/msp430/bin/../lib/gcc/msp430/4.7.0/mcpu-430x/mmpy-16/libcrt0.a(_reset_vector__.o)
 .bss           0x000022c0        0x0 /usr/local/msp430/bin/../lib/gcc/msp430/4.7.0/mcpu-430x/mmpy-16/libcrt0.a(__watchdog_support.o)
 .bss           0x000022c0        0x0 /usr/local/msp430/bin/../lib/gcc/msp430/4.7.0/mcpu-430x/mmpy-16/libcrt0.a(__init_stack.o)
 .bss           0x000022c0        0x0 /usr/local/msp430/bin/../lib/gcc/msp430/4.7.0/mcpu-430x/mmpy-16/libcrt0.a(__low_level_init.o)
 .bss           0x000022c0        0x0 /usr/local/msp430/bin/../lib/gcc/msp430/4.7.0/mcpu-430x/mmpy-16/libcrt0.a(_copy_data.o)
 .bss           0x000022c0        0x0 /usr/local/msp430/bin/../lib/gcc/msp430/4.7.0/mcpu-430x/mmpy-16/libcrt0.a(_clear_bss.o)
 .bss           0x000022c0        0x0 /usr/local/msp430/bin/../lib/gcc/msp430/4.7.0/mcpu-430x/mmpy-16/libcrt0.a(__stop_progExec__.o)
 .bss           0x000022c0        0x0 /usr/local/msp430/bin/../lib/gcc/msp430/4.7.0/mcpu-430x/mmpy-16/libcrt0.a(_endless_loop__.o)
 .bss           0x000022c0        0x0 /usr/local/msp430/bin/../lib/gcc/msp430/4.7.0/mcpu-430x/mmpy-16/libcrt0.a(_unexpected_.o)
 *(.near.bss .near.bss.*)
 *(COMMON)
 COMMON         0x000022c0        0x2 obj_z1/contiki-z1-main.o
                0x000022c0                sensors_flags
 COMMON         0x000022c2        0x8 contiki-z1.a(rimeaddr.o)
                0x000022c2                rimeaddr_node_addr
 COMMON         0x000022ca        0x1 contiki-z1.a(process.o)
                0x000022ca                process_maxevents
 *fill*         0x000022cb        0x1 00
 COMMON         0x000022cc       0x56 contiki-z1.a(energest.o)
                0x000022cc                energest_total_time
                0x000022fc                energest_total_count
                0x000022fe                energest_current_mode
                0x0000230a                energest_current_time
 COMMON         0x00002322       0x50 contiki-z1.a(packetbuf.o)
                0x00002322                packetbuf_addrs
                0x00002342                packetbuf_attrs
 COMMON         0x00002372        0x1 contiki-z1.a(resolv.o)
                0x00002372                resolv_event_found
 *fill*         0x00002373        0x1 00
 COMMON         0x00002374        0x8 contiki-z1.a(sicslowpan.o)
                0x00002374                frag_sender
 COMMON         0x0000237c        0x1 contiki-z1.a(tcpip.o)
                0x0000237c                tcpip_event
 *fill*         0x0000237d        0x1 00
 COMMON         0x0000237e      0x15c contiki-z1.a(uip-ds6.o)
                0x0000237e                uip_ds6_timer_ra
                0x00002386                uip_ds6_if
                0x00002472                uip_ds6_netif_addr_list_offset
                0x00002473                uip_ds6_addr_size
                0x00002474                uip_ds6_prefix_list
                0x000024ce                uip_ds6_timer_periodic
 COMMON         0x000024da      0x2a0 contiki-z1.a(uip6.o)
                0x000024da                uip_len
                0x000024dc                uip_sappdata
                0x000024de                uip_acc32
                0x000024e2                uip_lladdr
                0x000024ea                uip_aligned_buf
                0x00002576                uip_flags
                0x00002578                uip_next_hdr
                0x0000257a                uip_udp_conn
                0x0000257c                uip_appdata
                0x0000257e                uip_conn
                0x00002580                uip_conns
                0x00002630                uip_listenports
                0x00002640                uip_slen
                0x00002642                uip_udp_conns
 COMMON         0x0000277a       0x14 contiki-z1.a(cc2420.o)
                0x0000277a                cc2420_last_rssi
                0x0000277c                cc2420_packets_read
                0x0000277e                cc2420_packets_seen
                0x00002780                cc2420_sfd_start_time
                0x00002782                cc2420_time_of_departure
                0x00002784                cc2420_time_of_arrival
                0x00002786                cc2420_last_correlation
                0x00002788                cc2420_authority_level_of_sender
                0x0000278a                cc2420_sfd_counter
                0x0000278c                cc2420_sfd_end_time
 COMMON         0x0000278e        0x8 contiki-z1.a(node-id.o)
                0x0000278e                node_mac
 COMMON         0x00002796        0x1 contiki-z1.a(sensors.o)
                0x00002796                sensors_event
 *fill*         0x00002797        0x1 00
 COMMON         0x00002798        0x7 contiki-z1.a(adxl345.o)
                0x00002798                accm_int2_cb
                0x0000279a                int2_event
                0x0000279c                accm_int1_cb
                0x0000279e                int1_event
 *fill*         0x0000279f        0x1 00
 COMMON         0x000027a0       0xbe contiki-z1.a(rpl-dag.o)
                0x000027a0                default_instance
                0x000027a2                instance_table
 COMMON         0x0000285e        0xe contiki-z1.a(i2cmaster.o)
                0x0000285e                transmit_data1
                0x0000285f                rx_byte_ctr
                0x00002860                tx_buf_ptr
                0x00002862                tx_byte_ctr
                0x00002864                i
                0x00002866                receive_data
                0x00002867                rx_buf
                0x00002869                transmit_data2
                0x0000286a                rx_buf_ptr
                0x0000286c                . = ALIGN (0x2)
                0x0000286c                __bss_end = .
                0x0000165e                __bss_size = SIZEOF (.bss)

.noinit         0x0000286c        0x2 load address 0x0001042e
                0x0000286c                . = ALIGN (0x2)
                0x0000286c                __noinit_start = .
 *(.noinit .noinit.*)
 .noinit.crt0   0x0000286c        0x2 /usr/local/msp430/bin/../lib/gcc/msp430/4.7.0/mcpu-430x/mmpy-16/libcrt0.a(__watchdog_support.o)
                0x0000286c                __wdt_clear_value
                0x0000286e                . = ALIGN (0x2)
                0x0000286e                __noinit_end = .
                0x0000286e                . = ALIGN (0x2)
                0x0000286e                _end = .

.infomem        0x00001000        0x0
                0x00001000                . = ALIGN (0x2)
 *(.infomem .infomem.*)

.infomemnobits  0x00001000        0x0
                0x00001000                . = ALIGN (0x2)
 *(.infomemnobits .infomemnobits.*)

.infoa          0x000010c0        0x0
                0x000010c0                . = ALIGN (0x2)
 *(.infoa .infoa.*)

.infob          0x00001080        0x0
                0x00001080                . = ALIGN (0x2)
 *(.infob .infob.*)

.infoc          0x00001040        0x0
                0x00001040                . = ALIGN (0x2)
 *(.infoc .infoc.*)

.infod          0x00001000        0x0
                0x00001000                . = ALIGN (0x2)
 *(.infod .infod.*)

.vectors        0x0000ffc0       0x40
                0x0000ffc0                __vectors_start = .
 *(.vectors*)
 .vectors       0x0000ffc0       0x40 /usr/local/msp430/bin/../lib/gcc/msp430/4.7.0/mcpu-430x/mmpy-16/crt0ivtbl32.o
                0x0000ffc0                __ivtbl_32
                0x00010000                _vectors_end = .

.fartext        0x00010000        0x0
                0x00010000                . = ALIGN (0x2)
 *(.fartext .fartext.*)

.far.text       0x00010000        0x0
                0x00010000                . = ALIGN (0x2)
 *(.far.text .far.text.*)

.far.rodata     0x00010000        0x0
                0x00010000                . = ALIGN (0x2)
 *(.far.rodata .far.rodata.*)
                0x00010000                . = ALIGN (0x2)
                0x00010000                _efartext = .

.far.data       0x00000000        0x0 load address 0x00010000
                0x00000000                . = ALIGN (0x2)
                0x00000000                __far_data_start = .
 *(.far.data .far.data.*)
                0x00000000                . = ALIGN (0x2)
                0x00000000                _efardata = .
                0x00010000                __far_data_load_start = LOADADDR (.far.data)
                0x00000000                __far_data_size = SIZEOF (.far.data)

.far.bss        0x00000000        0x0 load address 0x00010000
                0x00000000                . = ALIGN (0x2)
                0x00000000                __far_bss_start = .
 *(.far.bss .far.bss.*)
                0x00000000                . = ALIGN (0x2)
                0x00000000                __far_bss_end = .
                0x00000000                __far_bss_size = SIZEOF (.far.bss)
                0x00000000                . = ALIGN (0x2)
                0x00000000                _far_end = .

.profiler
 *(.profiler)

.stab
 *(.stab)

.stabstr
 *(.stabstr)

.stab.excl
 *(.stab.excl)

.stab.exclstr
 *(.stab.exclstr)

.stab.index
 *(.stab.index)

.stab.indexstr
 *(.stab.indexstr)

.comment        0x00000000       0x30
 *(.comment)
 .comment       0x00000000       0x30 udp-server.co
                                 0x31 (size before relaxing)
 .comment       0x00000000       0x31 obj_z1/contiki-z1-main.o
 .comment       0x00000000       0x31 contiki-z1.a(rimeaddr.o)
 .comment       0x00000000       0x31 contiki-z1.a(csma.o)
 .comment       0x00000000       0x31 contiki-z1.a(contikimac.o)
 .comment       0x00000000       0x31 contiki-z1.a(phase.o)
 .comment       0x00000000       0x31 contiki-z1.a(process.o)
 .comment       0x00000000       0x31 contiki-z1.a(autostart.o)
 .comment       0x00000000       0x31 contiki-z1.a(memb.o)
 .comment       0x00000000       0x31 contiki-z1.a(timer.o)
 .comment       0x00000000       0x31 contiki-z1.a(list.o)
 .comment       0x00000000       0x31 contiki-z1.a(etimer.o)
 .comment       0x00000000       0x31 contiki-z1.a(ctimer.o)
 .comment       0x00000000       0x31 contiki-z1.a(energest.o)
 .comment       0x00000000       0x31 contiki-z1.a(rtimer.o)
 .comment       0x00000000       0x31 contiki-z1.a(random.o)
 .comment       0x00000000       0x31 contiki-z1.a(nbr-table.o)
 .comment       0x00000000       0x31 contiki-z1.a(packetbuf.o)
 .comment       0x00000000       0x31 contiki-z1.a(queuebuf.o)
 .comment       0x00000000       0x31 contiki-z1.a(resolv.o)
 .comment       0x00000000       0x31 contiki-z1.a(sicslowpan.o)
 .comment       0x00000000       0x31 contiki-z1.a(tcpip.o)
 .comment       0x00000000       0x31 contiki-z1.a(uip-debug.o)
 .comment       0x00000000       0x31 contiki-z1.a(uip-ds6-route.o)
 .comment       0x00000000       0x31 contiki-z1.a(uip-ds6-nbr.o)
 .comment       0x00000000       0x31 contiki-z1.a(uip-ds6.o)
 .comment       0x00000000       0x31 contiki-z1.a(uip-nd6.o)
 .comment       0x00000000       0x31 contiki-z1.a(uip-udp-packet.)
 .comment       0x00000000       0x31 contiki-z1.a(uip6.o)
 .comment       0x00000000       0x31 contiki-z1.a(contiki-z1-plat)
 .comment       0x00000000       0x31 contiki-z1.a(msp430.o)
 .comment       0x00000000       0x31 contiki-z1.a(leds.o)
 .comment       0x00000000       0x31 contiki-z1.a(watchdog.o)
 .comment       0x00000000       0x31 contiki-z1.a(xmem.o)
 .comment       0x00000000       0x31 contiki-z1.a(spi.o)
 .comment       0x00000000       0x31 contiki-z1.a(cc2420.o)
 .comment       0x00000000       0x31 contiki-z1.a(cc2420-arch.o)
 .comment       0x00000000       0x31 contiki-z1.a(node-id.o)
 .comment       0x00000000       0x31 contiki-z1.a(sensors.o)
 .comment       0x00000000       0x31 contiki-z1.a(button-sensor.o)
 .comment       0x00000000       0x31 contiki-z1.a(uart0.o)
 .comment       0x00000000       0x31 contiki-z1.a(uart0-putchar.o)
 .comment       0x00000000       0x31 contiki-z1.a(adxl345.o)
 .comment       0x00000000       0x31 contiki-z1.a(clock.o)
 .comment       0x00000000       0x31 contiki-z1.a(leds-arch.o)
 .comment       0x00000000       0x31 contiki-z1.a(rtimer-arch.o)
 .comment       0x00000000       0x31 contiki-z1.a(mac.o)
 .comment       0x00000000       0x31 contiki-z1.a(framer-802154.o)
 .comment       0x00000000       0x31 contiki-z1.a(rpl.o)
 .comment       0x00000000       0x31 contiki-z1.a(rpl-dag.o)
 .comment       0x00000000       0x31 contiki-z1.a(rpl-icmp6.o)
 .comment       0x00000000       0x31 contiki-z1.a(rpl-timers.o)
 .comment       0x00000000       0x31 contiki-z1.a(rpl-mrhof.o)
 .comment       0x00000000       0x31 contiki-z1.a(rpl-ext-header.)
 .comment       0x00000000       0x31 contiki-z1.a(stimer.o)
 .comment       0x00000000       0x31 contiki-z1.a(uip-icmp6.o)
 .comment       0x00000000       0x31 contiki-z1.a(i2cmaster.o)
 .comment       0x00000000       0x31 contiki-z1.a(frame802154.o)
 .comment       0x00000000       0x31 /usr/local/msp430/bin/../lib/gcc/msp430/4.7.0/mcpu-430x/mmpy-16/libgcc.a(_addsub_sf.o)
 .comment       0x00000000       0x31 /usr/local/msp430/bin/../lib/gcc/msp430/4.7.0/mcpu-430x/mmpy-16/libgcc.a(_mul_sf.o)
 .comment       0x00000000       0x31 /usr/local/msp430/bin/../lib/gcc/msp430/4.7.0/mcpu-430x/mmpy-16/libgcc.a(_div_sf.o)
 .comment       0x00000000       0x31 /usr/local/msp430/bin/../lib/gcc/msp430/4.7.0/mcpu-430x/mmpy-16/libgcc.a(_eq_sf.o)
 .comment       0x00000000       0x31 /usr/local/msp430/bin/../lib/gcc/msp430/4.7.0/mcpu-430x/mmpy-16/libgcc.a(_lt_sf.o)
 .comment       0x00000000       0x31 /usr/local/msp430/bin/../lib/gcc/msp430/4.7.0/mcpu-430x/mmpy-16/libgcc.a(_si_to_sf.o)
 .comment       0x00000000       0x31 /usr/local/msp430/bin/../lib/gcc/msp430/4.7.0/mcpu-430x/mmpy-16/libgcc.a(_sf_to_si.o)