Archive member included because of file (symbol)

contiki-z1.a(rimeaddr.o)      obj_z1/contiki-z1-main.o (rimeaddr_copy)
contiki-z1.a(csma.o)          obj_z1/contiki-z1-main.o (csma_driver)
contiki-z1.a(contikimac.o)    udp-sink.co (contikimac_driver)
contiki-z1.a(phase.o)         contiki-z1.a(contikimac.o) (phase_update)
contiki-z1.a(rpl-dag.o)       udp-sink.co (rpl_set_prefix)
contiki-z1.a(rpl-icmp6.o)     contiki-z1.a(rpl-dag.o) (dao_output)
contiki-z1.a(rpl-timers.o)    contiki-z1.a(rpl-dag.o) (rpl_reset_dio_timer)
contiki-z1.a(rpl-mrhof.o)     contiki-z1.a(rpl-dag.o) (rpl_mrhof)
contiki-z1.a(process.o)       udp-sink.co (process_current)
contiki-z1.a(autostart.o)     obj_z1/contiki-z1-main.o (autostart_start)
contiki-z1.a(serial-line.o)   obj_z1/collect-common.o (serial_line_event_message)
contiki-z1.a(memb.o)          contiki-z1.a(csma.o) (memb_init)
contiki-z1.a(timer.o)         contiki-z1.a(phase.o) (timer_set)
contiki-z1.a(list.o)          contiki-z1.a(csma.o) (list_init)
contiki-z1.a(etimer.o)        obj_z1/contiki-z1-main.o (etimer_process)
contiki-z1.a(ctimer.o)        obj_z1/contiki-z1-main.o (ctimer_init)
contiki-z1.a(energest.o)      obj_z1/contiki-z1-main.o (energest_init)
contiki-z1.a(rtimer.o)        obj_z1/contiki-z1-main.o (rtimer_init)
contiki-z1.a(stimer.o)        contiki-z1.a(rpl-icmp6.o) (stimer_set)
contiki-z1.a(random.o)        obj_z1/collect-common.o (random_rand)
contiki-z1.a(ringbuf.o)       contiki-z1.a(serial-line.o) (ringbuf_init)
contiki-z1.a(nbr-table.o)     contiki-z1.a(phase.o) (nbr_table_register)
contiki-z1.a(packetbuf.o)     contiki-z1.a(contikimac.o) (packetbuf_hdr_remove)
contiki-z1.a(queuebuf.o)      obj_z1/contiki-z1-main.o (queuebuf_init)
contiki-z1.a(sicslowpan.o)    obj_z1/contiki-z1-main.o (sicslowpan_driver)
contiki-z1.a(tcpip.o)         contiki-z1.a(sicslowpan.o) (tcpip_set_outputfunc)
contiki-z1.a(uip-debug.o)     udp-sink.co (uip_debug_ipaddr_print)
contiki-z1.a(uip-ds6-route.o)
                              contiki-z1.a(rpl-icmp6.o) (uip_ds6_route_nexthop)
contiki-z1.a(uip-ds6-nbr.o)   contiki-z1.a(rpl-icmp6.o) (uip_ds6_nbr_add)
contiki-z1.a(uip-ds6.o)       contiki-z1.a(tcpip.o) (uip_ds6_is_addr_onlink)
contiki-z1.a(uip-icmp6.o)     contiki-z1.a(rpl-icmp6.o) (uip_icmp6_send)
contiki-z1.a(uip-nd6.o)       contiki-z1.a(tcpip.o) (uip_nd6_ns_output)
contiki-z1.a(uip6.o)          udp-sink.co (uip_aligned_buf)
contiki-z1.a(contiki-z1-plat)
                              obj_z1/contiki-z1-main.o (init_platform)
contiki-z1.a(msp430.o)        obj_z1/contiki-z1-main.o (msp430_cpu_init)
contiki-z1.a(leds.o)          obj_z1/contiki-z1-main.o (leds_init)
contiki-z1.a(watchdog.o)      obj_z1/contiki-z1-main.o (watchdog_start)
contiki-z1.a(xmem.o)          obj_z1/contiki-z1-main.o (xmem_init)
contiki-z1.a(spi.o)           contiki-z1.a(xmem.o) (spi_init)
contiki-z1.a(cc2420.o)        obj_z1/contiki-z1-main.o (cc2420_set_pan_addr)
contiki-z1.a(cc2420-arch.o)   contiki-z1.a(cc2420.o) (cc2420_arch_init)
contiki-z1.a(node-id.o)       obj_z1/contiki-z1-main.o (node_id_restore)
contiki-z1.a(sensors.o)       udp-sink.co (sensors_event)
contiki-z1.a(button-sensor.o)
                              udp-sink.co (button_sensor)
contiki-z1.a(uart0.o)         obj_z1/contiki-z1-main.o (uart0_active)
contiki-z1.a(uart0-putchar.o)
                              udp-sink.co (putchar)
contiki-z1.a(adxl345.o)       obj_z1/contiki-z1-main.o (accm_init)
contiki-z1.a(clock.o)         contiki-z1.a(timer.o) (clock_time)
contiki-z1.a(leds-arch.o)     contiki-z1.a(leds.o) (leds_arch_init)
contiki-z1.a(rtimer-arch.o)   contiki-z1.a(rtimer.o) (rtimer_arch_init)
contiki-z1.a(mac.o)           contiki-z1.a(csma.o) (mac_call_sent_callback)
contiki-z1.a(framer-802154.o)
                              contiki-z1.a(contikimac.o) (framer_802154)
contiki-z1.a(rpl.o)           contiki-z1.a(rpl-timers.o) (rpl_purge_routes)
contiki-z1.a(rpl-ext-header.)
                              contiki-z1.a(uip6.o) (rpl_verify_header)
contiki-z1.a(i2cmaster.o)     contiki-z1.a(adxl345.o) (i2c_receiveinit)
contiki-z1.a(frame802154.o)   contiki-z1.a(framer-802154.o) (frame802154_hdrlen)
/usr/local/msp430/bin/../lib/gcc/msp430/4.7.0/mcpu-430x/mmpy-16/libgcc.a(_mulsi3.o)
                              contiki-z1.a(csma.o) (__mulsi3)
/usr/local/msp430/bin/../lib/gcc/msp430/4.7.0/mcpu-430x/mmpy-16/libgcc.a(_udivmod16.o)
                              contiki-z1.a(rpl-dag.o) (__udivhi3)
/usr/local/msp430/bin/../lib/gcc/msp430/4.7.0/mcpu-430x/mmpy-16/libgcc.a(_divmod16.o)
                              contiki-z1.a(nbr-table.o) (__divhi3)
/usr/local/msp430/bin/../lib/gcc/msp430/4.7.0/mcpu-430x/mmpy-16/libgcc.a(_udivmod32.o)
                              obj_z1/contiki-z1-main.o (__udivsi3)
/usr/local/msp430/bin/../lib/gcc/msp430/4.7.0/../../../../msp430/lib/mcpu-430x/mmpy-16/libc.a(printf.o)
                              udp-sink.co (printf)
[...]
Memory Configuration

Name             Origin             Length             Attributes
sfr              0x00000000         0x00000010
peripheral_8bit  0x00000010         0x000000f0
peripheral_16bit 0x00000100         0x00000100
ram_mirror       0x00000200         0x00000800         xw
infomem          0x00001000         0x00000100
infod            0x00001000         0x00000040
infoc            0x00001040         0x00000040
infob            0x00001080         0x00000040
infoa            0x000010c0         0x00000040
ram              0x00001100         0x00002000         xw
rom              0x00003100         0x0000cebe         xr
vectors          0x0000ffc0         0x00000040
far_rom          0x00010000         0x0000a000
bsl              0x00000000         0x00000000
ram2             0x00000000         0x00000000         xw
usbram           0x00000000         0x00000000         xw
*default*        0x00000000         0xffffffff

Linker script and memory map

LOAD /usr/local/msp430/bin/../lib/gcc/msp430/4.7.0/mcpu-430x/mmpy-16/crt0ivtbl32.o
                0x00000041                __P1SEL2 = 0x41
                0x00000045                __P5SEL2 = 0x45
LOAD udp-sink.co
LOAD obj_z1/collect-common.o
LOAD obj_z1/contiki-z1-main.o
LOAD contiki-z1.a
LOAD /usr/local/msp430/bin/../lib/gcc/msp430/4.7.0/mcpu-430x/mmpy-16/libgcc.a
LOAD /usr/local/msp430/bin/../lib/gcc/msp430/4.7.0/../../../../msp430/lib/mcpu-430x/mmpy-16/libc.a
LOAD /usr/local/msp430/bin/../lib/gcc/msp430/4.7.0/mcpu-430x/mmpy-16/libgcc.a
LOAD /usr/local/msp430/bin/../lib/gcc/msp430/4.7.0/mcpu-430x/mmpy-16/libcrt0.a
                0x00000040                PROVIDE (__info_segment_size, 0x40)
                0x00001000                PROVIDE (__infod, 0x1000)
                0x00001040                PROVIDE (__infoc, 0x1040)
                0x00001080                PROVIDE (__infob, 0x1080)
                0x000010c0                PROVIDE (__infoa, 0x10c0)
                0x00000000                __IE1 = 0x0
                0x00000002                __IFG1 = 0x2
                0x00000001                __IE2 = 0x1
                0x00000003                __IFG2 = 0x3
                0x00000006                __UC1IE = 0x6
                0x00000007                __UC1IFG = 0x7
                0x000001a0                __ADC12CTL0 = 0x1a0
                0x000001a2                __ADC12CTL1 = 0x1a2
                0x000001a4                __ADC12IFG = 0x1a4
                0x000001a6                __ADC12IE = 0x1a6
                0x000001a8                __ADC12IV = 0x1a8
                0x00000140                __ADC12MEM0 = 0x140
                0x00000142                __ADC12MEM1 = 0x142
                0x00000144                __ADC12MEM2 = 0x144
                0x00000146                __ADC12MEM3 = 0x146
                0x00000148                __ADC12MEM4 = 0x148
                0x0000014a                __ADC12MEM5 = 0x14a
                0x0000014c                __ADC12MEM6 = 0x14c
                0x0000014e                __ADC12MEM7 = 0x14e
                0x00000150                __ADC12MEM8 = 0x150
                0x00000152                __ADC12MEM9 = 0x152
                0x00000154                __ADC12MEM10 = 0x154
                0x00000156                __ADC12MEM11 = 0x156
                0x00000158                __ADC12MEM12 = 0x158
                0x0000015a                __ADC12MEM13 = 0x15a
                0x0000015c                __ADC12MEM14 = 0x15c
                0x0000015e                __ADC12MEM15 = 0x15e
                0x00000080                __ADC12MCTL0 = 0x80
                0x00000081                __ADC12MCTL1 = 0x81
                0x00000082                __ADC12MCTL2 = 0x82
                0x00000083                __ADC12MCTL3 = 0x83
                0x00000084                __ADC12MCTL4 = 0x84
                0x00000085                __ADC12MCTL5 = 0x85
                0x00000086                __ADC12MCTL6 = 0x86
                0x00000087                __ADC12MCTL7 = 0x87
                0x00000088                __ADC12MCTL8 = 0x88
                0x00000089                __ADC12MCTL9 = 0x89
                0x0000008a                __ADC12MCTL10 = 0x8a
                0x0000008b                __ADC12MCTL11 = 0x8b
                0x0000008c                __ADC12MCTL12 = 0x8c
                0x0000008d                __ADC12MCTL13 = 0x8d
                0x0000008e                __ADC12MCTL14 = 0x8e
                0x0000008f                __ADC12MCTL15 = 0x8f
                0x00000056                __DCOCTL = 0x56
                0x00000057                __BCSCTL1 = 0x57
                0x00000058                __BCSCTL2 = 0x58
                0x00000053                __BCSCTL3 = 0x53
                0x00000059                __CACTL1 = 0x59
                0x0000005a                __CACTL2 = 0x5a
                0x0000005b                __CAPD = 0x5b
                0x000001c0                __DAC12_0CTL = 0x1c0
                0x000001c2                __DAC12_1CTL = 0x1c2
                0x000001c8                __DAC12_0DAT = 0x1c8
                0x000001ca                __DAC12_1DAT = 0x1ca
                0x00000122                __DMACTL0 = 0x122
                0x00000124                __DMACTL1 = 0x124
                0x00000126                __DMAIV = 0x126
                0x000001d0                __DMA0CTL = 0x1d0
                0x000001dc                __DMA1CTL = 0x1dc
                0x000001e8                __DMA2CTL = 0x1e8
                0x000001d2                __DMA0SA = 0x1d2
                0x000001d2                __DMA0SAL = 0x1d2
                0x000001d6                __DMA0DA = 0x1d6
                0x000001d6                __DMA0DAL = 0x1d6
                0x000001da                __DMA0SZ = 0x1da
                0x000001de                __DMA1SA = 0x1de
                0x000001de                __DMA1SAL = 0x1de
                0x000001e2                __DMA1DA = 0x1e2
                0x000001e2                __DMA1DAL = 0x1e2
                0x000001e6                __DMA1SZ = 0x1e6
                0x000001ea                __DMA2SA = 0x1ea
                0x000001ea                __DMA2SAL = 0x1ea
                0x000001ee                __DMA2DA = 0x1ee
                0x000001ee                __DMA2DAL = 0x1ee
                0x000001f2                __DMA2SZ = 0x1f2
                0x00000128                __FCTL1 = 0x128
                0x0000012a                __FCTL2 = 0x12a
                0x0000012c                __FCTL3 = 0x12c
                0x000001be                __FCTL4 = 0x1be
                0x00000130                __MPY = 0x130
                0x00000132                __MPYS = 0x132
                0x00000134                __MAC = 0x134
                0x00000136                __MACS = 0x136
                0x00000138                __OP2 = 0x138
                0x0000013a                __RESLO = 0x13a
                0x0000013c                __RESHI = 0x13c
                0x0000013e                __SUMEXT = 0x13e
                0x00000020                __P1IN = 0x20
                0x00000021                __P1OUT = 0x21
                0x00000022                __P1DIR = 0x22
                0x00000023                __P1IFG = 0x23
                0x00000024                __P1IES = 0x24
                0x00000025                __P1IE = 0x25
                0x00000026                __P1SEL = 0x26
                0x00000027                __P1REN = 0x27
                0x00000028                __P2IN = 0x28
                0x00000029                __P2OUT = 0x29
                0x0000002a                __P2DIR = 0x2a
                0x0000002b                __P2IFG = 0x2b
                0x0000002c                __P2IES = 0x2c
                0x0000002d                __P2IE = 0x2d
                0x0000002e                __P2SEL = 0x2e
                0x0000002f                __P2REN = 0x2f
                0x00000018                __P3IN = 0x18
                0x00000019                __P3OUT = 0x19
                0x0000001a                __P3DIR = 0x1a
                0x0000001b                __P3SEL = 0x1b
                0x00000010                __P3REN = 0x10
                0x0000001c                __P4IN = 0x1c
                0x0000001d                __P4OUT = 0x1d
                0x0000001e                __P4DIR = 0x1e
                0x0000001f                __P4SEL = 0x1f
                0x00000011                __P4REN = 0x11
                0x00000030                __P5IN = 0x30
                0x00000031                __P5OUT = 0x31
                0x00000032                __P5DIR = 0x32
                0x00000033                __P5SEL = 0x33
                0x00000012                __P5REN = 0x12
                0x00000034                __P6IN = 0x34
                0x00000035                __P6OUT = 0x35
                0x00000036                __P6DIR = 0x36
                0x00000037                __P6SEL = 0x37
                0x00000013                __P6REN = 0x13
                0x00000038                __P7IN = 0x38
                0x0000003a                __P7OUT = 0x3a
                0x0000003c                __P7DIR = 0x3c
                0x0000003e                __P7SEL = 0x3e
                0x00000014                __P7REN = 0x14
                0x00000039                __P8IN = 0x39
                0x0000003b                __P8OUT = 0x3b
                0x0000003d                __P8DIR = 0x3d
                0x0000003f                __P8SEL = 0x3f
                0x00000015                __P8REN = 0x15
                0x00000038                __PAIN = 0x38
                0x0000003a                __PAOUT = 0x3a
                0x0000003c                __PADIR = 0x3c
                0x0000003e                __PASEL = 0x3e
                0x00000014                __PAREN = 0x14
                0x00000055                __SVSCTL = 0x55
                0x0000012e                __TAIV = 0x12e
                0x00000160                __TACTL = 0x160
                0x00000162                __TACCTL0 = 0x162
                0x00000164                __TACCTL1 = 0x164
                0x00000166                __TACCTL2 = 0x166
                0x00000170                __TAR = 0x170
                0x00000172                __TACCR0 = 0x172
                0x00000174                __TACCR1 = 0x174
                0x00000176                __TACCR2 = 0x176
                0x0000011e                __TBIV = 0x11e
                0x00000180                __TBCTL = 0x180
                0x00000182                __TBCCTL0 = 0x182
                0x00000184                __TBCCTL1 = 0x184
                0x00000186                __TBCCTL2 = 0x186
                0x00000188                __TBCCTL3 = 0x188
                0x0000018a                __TBCCTL4 = 0x18a
                0x0000018c                __TBCCTL5 = 0x18c
                0x0000018e                __TBCCTL6 = 0x18e
                0x00000190                __TBR = 0x190
                0x00000192                __TBCCR0 = 0x192
                0x00000194                __TBCCR1 = 0x194
                0x00000196                __TBCCR2 = 0x196
                0x00000198                __TBCCR3 = 0x198
                0x0000019a                __TBCCR4 = 0x19a
                0x0000019c                __TBCCR5 = 0x19c
                0x0000019e                __TBCCR6 = 0x19e
                0x00000060                __UCA0CTL0 = 0x60
                0x00000061                __UCA0CTL1 = 0x61
                0x00000062                __UCA0BR0 = 0x62
                0x00000063                __UCA0BR1 = 0x63
                0x00000064                __UCA0MCTL = 0x64
                0x00000065                __UCA0STAT = 0x65
                0x00000066                __UCA0RXBUF = 0x66
                0x00000067                __UCA0TXBUF = 0x67
                0x0000005d                __UCA0ABCTL = 0x5d
                0x0000005e                __UCA0IRTCTL = 0x5e
                0x0000005f                __UCA0IRRCTL = 0x5f
                0x00000068                __UCB0CTL0 = 0x68
                0x00000069                __UCB0CTL1 = 0x69
                0x0000006a                __UCB0BR0 = 0x6a
                0x0000006b                __UCB0BR1 = 0x6b
                0x0000006c                __UCB0I2CIE = 0x6c
                0x0000006d                __UCB0STAT = 0x6d
                0x0000006e                __UCB0RXBUF = 0x6e
                0x0000006f                __UCB0TXBUF = 0x6f
                0x00000118                __UCB0I2COA = 0x118
                0x0000011a                __UCB0I2CSA = 0x11a
                0x000000d0                __UCA1CTL0 = 0xd0
                0x000000d1                __UCA1CTL1 = 0xd1
                0x000000d2                __UCA1BR0 = 0xd2
                0x000000d3                __UCA1BR1 = 0xd3
                0x000000d4                __UCA1MCTL = 0xd4
                0x000000d5                __UCA1STAT = 0xd5
                0x000000d6                __UCA1RXBUF = 0xd6
                0x000000d7                __UCA1TXBUF = 0xd7
                0x000000cd                __UCA1ABCTL = 0xcd
                0x000000ce                __UCA1IRTCTL = 0xce
                0x000000cf                __UCA1IRRCTL = 0xcf
                0x000000d8                __UCB1CTL0 = 0xd8
                0x000000d9                __UCB1CTL1 = 0xd9
                0x000000da                __UCB1BR0 = 0xda
                0x000000db                __UCB1BR1 = 0xdb
                0x000000dc                __UCB1I2CIE = 0xdc
                0x000000dd                __UCB1STAT = 0xdd
                0x000000de                __UCB1RXBUF = 0xde
                0x000000df                __UCB1TXBUF = 0xdf
                0x0000017c                __UCB1I2COA = 0x17c
                0x0000017e                __UCB1I2CSA = 0x17e
                0x00000120                __WDTCTL = 0x120
                0x000010c0                __TLV_CHECKSUM = 0x10c0
                0x000010f6                __TLV_DCO_30_TAG = 0x10f6
                0x000010f7                __TLV_DCO_30_LEN = 0x10f7
                0x000010da                __TLV_ADC12_1_TAG = 0x10da
                0x000010db                __TLV_ADC12_1_LEN = 0x10db
                0x000010f8                __CALDCO_16MHZ = 0x10f8
                0x000010f9                __CALBC1_16MHZ = 0x10f9
                0x000010fa                __CALDCO_12MHZ = 0x10fa
                0x000010fb                __CALBC1_12MHZ = 0x10fb
                0x000010fc                __CALDCO_8MHZ = 0x10fc
                0x000010fd                __CALBC1_8MHZ = 0x10fd
                0x000010fe                __CALDCO_1MHZ = 0x10fe
                0x000010ff                __CALBC1_1MHZ = 0x10ff

.hash
 *(.hash)

.dynsym
 *(.dynsym)

.dynstr
 *(.dynstr)

.gnu.version
 *(.gnu.version)

.gnu.version_d
 *(.gnu.version_d)

.gnu.version_r
 *(.gnu.version_r)

.rel.init
 *(.rel.init)

.rela.init
 *(.rela.init)

.rel.fini
 *(.rel.fini)

.rela.fini
 *(.rela.fini)

.rel.text
 *(.rel.text .rel.text.* .rel.gnu.linkonce.t.*)

.rela.text
 *(.rela.text .rela.text.* .rela.gnu.linkonce.t.*)

.rel.rodata
 *(.rel.rodata .rel.rodata.* .rel.gnu.linkonce.r.*)

.rela.rodata
 *(.rela.rodata .rela.rodata.* .rela.gnu.linkonce.r.*)

.rel.data
 *(.rel.data .rel.data.* .rel.gnu.linkonce.d.*)

.rela.data
 *(.rela.data .rela.data.* .rela.gnu.linkonce.d.*)

.rel.bss
 *(.rel.bss .rel.bss.* .rel.gnu.linkonce.b.*)

.rela.bss
 *(.rela.bss .rela.bss.* .rela.gnu.linkonce.b.*)

.rel.ctors
 *(.rel.ctors)

.rela.ctors
 *(.rela.ctors)

.rel.dtors
 *(.rel.dtors)

.rela.dtors
 *(.rela.dtors)

.rel.got
 *(.rel.got)

.rela.got
 *(.rela.got)

.rel.plt
 *(.rel.plt)

.rela.plt
 *(.rela.plt)

.text           0x00003100     0xb640
                0x00003100                . = ALIGN (0x2)
 *(.init .init.*)
 *(.init0)
 .init0         0x00003100        0x0 /usr/local/msp430/bin/../lib/gcc/msp430/4.7.0/mcpu-430x/mmpy-16/libcrt0.a(_reset_vector__.o)
                0x00003100                _reset_vector__
 *(.init1)
 .init1         0x00003100        0xc /usr/local/msp430/bin/../lib/gcc/msp430/4.7.0/mcpu-430x/mmpy-16/libcrt0.a(__watchdog_support.o)
                0x00003100                __watchdog_support
 *(.init2)
 .init2         0x0000310c        0x4 /usr/local/msp430/bin/../lib/gcc/msp430/4.7.0/mcpu-430x/mmpy-16/libcrt0.a(__init_stack.o)
                0x0000310c                __init_stack
 *(.init3)
 .init3         0x00003110        0x0 /usr/local/msp430/bin/../lib/gcc/msp430/4.7.0/mcpu-430x/mmpy-16/libcrt0.a(__low_level_init.o)
                0x00003110                __low_level_init
 *(.init4)
 .init4         0x00003110       0x18 /usr/local/msp430/bin/../lib/gcc/msp430/4.7.0/mcpu-430x/mmpy-16/libcrt0.a(_copy_data.o)
                0x00003110                __do_copy_data
 .init4         0x00003128       0x16 /usr/local/msp430/bin/../lib/gcc/msp430/4.7.0/mcpu-430x/mmpy-16/libcrt0.a(_clear_bss.o)
                0x00003128                __do_clear_bss
 *(.init5)
 *(.init6)
 *(.init7)
 *(.init8)
 *(.init9)
 .init9         0x0000313e      0x35c obj_z1/contiki-z1-main.o
                0x0000313e                main
 *(.fini9)
 .fini9         0x0000349a        0x0 /usr/local/msp430/bin/../lib/gcc/msp430/4.7.0/mcpu-430x/mmpy-16/libcrt0.a(__stop_progExec__.o)
                0x0000349a                __stop_progExec__
 *(.fini8)
 *(.fini7)
 *(.fini6)
 *(.fini5)
 *(.fini4)
 *(.fini3)
 *(.fini2)
 *(.fini1)
 *(.fini0)
 .fini0         0x0000349a        0x6 /usr/local/msp430/bin/../lib/gcc/msp430/4.7.0/mcpu-430x/mmpy-16/libcrt0.a(_endless_loop__.o)
                0x0000349a                _endless_loop__
 *(.fini .fini.*)
                0x000034a0                . = ALIGN (0x2)
                0x000034a0                __ctors_start = .
 *(.ctors)
                0x000034a0                __ctors_end = .
                0x000034a0                __dtors_start = .
 *(.dtors)
                0x000034a0                __dtors_end = .
                0x000034a0                . = ALIGN (0x2)
 *(.text .text.* .gnu.linkonce.t.*)
 .text          0x000034a0        0x4 /usr/local/msp430/bin/../lib/gcc/msp430/4.7.0/mcpu-430x/mmpy-16/crt0ivtbl32.o
                0x000034a0                __isr_14
                0x000034a0                __isr_4
                0x000034a0                __isr_29
                0x000034a0                __isr_11
                0x000034a0                __isr_5
                0x000034a0                __isr_2
                0x000034a0                __isr_10
                0x000034a0                __isr_7
                0x000034a0                __isr_0
                0x000034a0                __isr_28
                0x000034a0                __isr_8
                0x000034a0                __isr_20
                0x000034a0                __isr_3
                0x000034a0                __isr_12
                0x000034a0                __isr_13
                0x000034a0                __isr_27
                0x000034a0                __isr_9
                0x000034a0                __isr_30
                0x000034a0                __isr_6
                0x000034a0                __isr_22
                0x000034a0                __isr_1
                0x000034a0                __isr_15
                0x000034a0                __isr_21
 .text.crt0     0x000034a4        0x0 /usr/local/msp430/bin/../lib/gcc/msp430/4.7.0/mcpu-430x/mmpy-16/crt0ivtbl32.o
 .text          0x000034a4      0x216 udp-sink.co
                0x00003696                collect_common_set_sink
                0x00003698                collect_common_net_print
                0x000036a2                collect_common_send
                0x000036a4                collect_common_net_init
 .text          0x000036ba      0x27c obj_z1/collect-common.o
                0x00003886                collect_common_set_send_active
                0x0000388c                collect_common_recv
 .text          0x00003936        0x6 obj_z1/contiki-z1-main.o
                0x00003936                uip_log
 .text          0x0000393c       0x26 contiki-z1.a(rimeaddr.o)
                0x0000393c                rimeaddr_copy
                0x00003944                rimeaddr_cmp
                0x00003956                rimeaddr_set_node_addr
 .text          0x00003962      0x360 contiki-z1.a(csma.o)
 .text          0x00003cc2      0x6f6 contiki-z1.a(contikimac.o)
                0x000043b4                contikimac_debug_print
 .text          0x000043b8      0x1b8 contiki-z1.a(phase.o)
                0x000043fc                phase_update
                0x00004482                phase_wait
                0x0000455c                phase_init
 .text          0x00004570      0xdfc contiki-z1.a(rpl-dag.o)
                0x0000468c                rpl_dag_init
                0x0000469a                rpl_get_parent_rank
                0x000046b2                rpl_get_parent_link_metric
                0x000046ca                rpl_get_parent_ipaddr
                0x000046da                rpl_set_prefix
                0x0000474e                rpl_set_default_route
                0x000047ae                rpl_alloc_instance
                0x000047da                rpl_set_default_instance
                0x000047e0                rpl_add_parent
                0x00004818                rpl_find_parent
                0x00004834                rpl_find_parent_any_dag
                0x00004858                rpl_select_parent
                0x000048ac                rpl_select_dag
                0x00004a42                rpl_nullify_parent
                0x00004a8c                rpl_remove_parent
                0x00004ad0                rpl_free_dag
                0x00004b04                rpl_free_instance
                0x00004b58                rpl_move_parent
                0x00004bbe                rpl_get_any_dag
                0x00004bd4                rpl_get_instance
                0x00004c3a                rpl_alloc_dag
                0x00004c9c                rpl_set_root
                0x00004d78                rpl_repair_root
                0x00004dc4                rpl_find_of
                0x00004dd4                rpl_join_instance
                0x00004efc                rpl_local_repair
                0x00004f60                rpl_process_parent_event
                0x00004fcc                rpl_recalculate_ranks
                0x0000500e                rpl_add_dag
                0x00005110                rpl_process_dio
 .text          0x0000536c      0xd84 contiki-z1.a(rpl-icmp6.o)
                0x000053f2                dis_output
                0x00005462                dio_output
                0x0000573c                dao_output_target
                0x0000584c                dao_output
                0x000058bc                dao_ack_output
                0x0000590e                uip_rpl_input
 .text          0x000060f0      0x23c contiki-z1.a(rpl-timers.o)
                0x0000627a                rpl_reset_periodic_timer
                0x000062ce                rpl_reset_dio_timer
                0x000062e6                rpl_schedule_dao
 .text          0x0000632c      0x120 contiki-z1.a(rpl-mrhof.o)
 .text          0x0000644c      0x2a0 contiki-z1.a(process.o)
                0x00006548                process_alloc_event
                0x00006556                process_exit
                0x00006560                process_init
                0x0000657c                process_run
                0x00006620                process_nevents
                0x0000662e                process_post
                0x0000667e                process_post_synch
                0x00006690                process_start
                0x000066c6                process_poll
                0x000066de                process_is_running
 .text          0x000066ec       0x2a contiki-z1.a(autostart.o)
                0x000066ec                autostart_start
                0x00006702                autostart_exit
 .text          0x00006716      0x104 contiki-z1.a(serial-line.o)
                0x000067b4                serial_line_input_byte
                0x000067fe                serial_line_init
 .text          0x0000681a       0xd8 contiki-z1.a(memb.o)
                0x0000681a                memb_init
                0x00006850                memb_alloc
                0x0000688e                memb_free
                0x000068c8                memb_inmemb
 .text          0x000068f2       0x8c contiki-z1.a(timer.o)
                0x000068f2                timer_set
                0x0000690e                timer_reset
                0x0000691c                timer_restart
                0x00006930                timer_expired
                0x0000695a                timer_remaining
 .text          0x0000697e       0xec contiki-z1.a(list.o)
                0x0000697e                list_init
                0x00006984                list_head
                0x00006988                list_copy
                0x0000698e                list_tail
                0x000069a0                list_chop
                0x000069ba                list_pop
                0x000069c8                list_remove
                0x000069fc                list_push
                0x00006a12                list_add
                0x00006a38                list_length
                0x00006a48                list_insert
                0x00006a5e                list_item_next
 .text          0x00006a6a      0x258 contiki-z1.a(etimer.o)
                0x00006ada                etimer_request_poll
                0x00006be8                etimer_set
                0x00006bfa                etimer_reset
                0x00006c0c                etimer_restart
                0x00006c1e                etimer_adjust
                0x00006c38                etimer_expired
                0x00006c46                etimer_expiration_time
                0x00006c5a                etimer_start_time
                0x00006c62                etimer_pending
                0x00006c6e                etimer_next_expiration_time
                0x00006c84                etimer_stop
 .text          0x00006cc2      0x1ce contiki-z1.a(ctimer.o)
                0x00006d62                ctimer_init
                0x00006d7a                ctimer_set
                0x00006dcc                ctimer_reset
                0x00006e02                ctimer_restart
                0x00006e38                ctimer_stop
                0x00006e60                ctimer_expired
 .text          0x00006e90       0xaa contiki-z1.a(energest.o)
                0x00006e90                energest_init
                0x00006eb4                energest_type_time
                0x00006ef0                energest_leveldevice_leveltime
                0x00006ef6                energest_type_set
                0x00006f02                energest_flush
 .text          0x00006f3a       0x50 contiki-z1.a(rtimer.o)
                0x00006f3a                rtimer_init
                0x00006f40                rtimer_set
                0x00006f64                rtimer_run_next
 .text          0x00006f8a       0xa4 contiki-z1.a(stimer.o)
                0x00006f8a                stimer_set
                0x00006fa6                stimer_reset
                0x00006fb4                stimer_restart
                0x00006fc8                stimer_expired
                0x00006ff8                stimer_remaining
                0x0000701c                stimer_elapsed
 .text          0x0000702e        0xc contiki-z1.a(random.o)
                0x0000702e                random_init
                0x00007034                random_rand
 .text          0x0000703a       0x94 contiki-z1.a(ringbuf.o)
                0x0000703a                ringbuf_init
                0x0000704e                ringbuf_put
                0x00007086                ringbuf_get
                0x000070b4                ringbuf_size
                0x000070bc                ringbuf_elements
 .text          0x000070ce      0x372 contiki-z1.a(nbr-table.o)
                0x000071f6                nbr_table_register
                0x0000721c                nbr_table_next
                0x00007268                nbr_table_head
                0x0000729e                nbr_table_add_lladdr
                0x000073ae                nbr_table_get_from_lladdr
                0x000073d6                nbr_table_remove
                0x00007400                nbr_table_lock
                0x00007410                nbr_table_unlock
                0x00007420                nbr_table_get_lladdr
 .text          0x00007440      0x21a contiki-z1.a(packetbuf.o)
                0x00007440                packetbuf_clear_hdr
                0x00007448                packetbuf_copyto_hdr
                0x00007464                packetbuf_copyto
                0x000074aa                packetbuf_hdr_remove
                0x000074b0                packetbuf_hdrreduce
                0x000074ca                packetbuf_set_datalen
                0x000074d0                packetbuf_dataptr
                0x000074de                packetbuf_hdrptr
                0x000074e8                packetbuf_is_reference
                0x000074f6                packetbuf_compact
                0x0000753e                packetbuf_reference_ptr
                0x00007544                packetbuf_datalen
                0x0000754a                packetbuf_hdrlen
                0x00007554                packetbuf_totlen
                0x00007564                packetbuf_hdralloc
                0x0000758e                packetbuf_attr_clear
                0x000075ba                packetbuf_clear
                0x000075d4                packetbuf_reference
                0x000075ea                packetbuf_copyfrom
                0x00007614                packetbuf_attr_copyto
                0x00007636                packetbuf_attr_copyfrom
 .text          0x0000765a      0x1a6 contiki-z1.a(queuebuf.o)
                0x0000765a                queuebuf_init
                0x00007674                queuebuf_new_from_packetbuf
                0x000076ee                queuebuf_update_attr_from_packetbuf
                0x00007700                queuebuf_free
                0x00007740                queuebuf_to_packetbuf
                0x000077aa                queuebuf_dataptr
                0x000077dc                queuebuf_datalen
                0x000077e2                queuebuf_addr
                0x000077f0                queuebuf_attr
                0x000077fe                queuebuf_debug_print
 .text          0x00007800      0xebc contiki-z1.a(sicslowpan.o)
                0x00007f5e                sicslowpan_init
                0x000086b0                rime_sniffer_add
                0x000086b6                rime_sniffer_remove
 .text          0x000086bc      0x4dc contiki-z1.a(tcpip.o)
                0x000086d2                tcpip_output
                0x000086e2                tcpip_set_outputfunc
                0x000086e8                tcp_unlisten
                0x0000871a                tcp_listen
                0x00008754                tcp_attach
                0x00008760                udp_attach
                0x0000876c                udp_new
                0x00008786                udp_broadcast_new
                0x000087cc                tcpip_input
                0x000087e2                tcpip_ipv6_output
                0x00008aea                tcpip_poll_udp
                0x00008af8                tcpip_poll_tcp
                0x00008b06                tcp_connect
                0x00008b28                tcpip_uipcall
 .text          0x00008b98       0x9e contiki-z1.a(uip-debug.o)
                0x00008b98                uip_debug_ipaddr_print
                0x00008c0a                uip_debug_lladdr_print
 .text          0x00008c36      0x3e0 contiki-z1.a(uip-ds6-route.o)
                0x00008c76                uip_ds6_notification_add
                0x00008c8e                uip_ds6_notification_rm
                0x00008c9a                uip_ds6_route_init
                0x00008cc8                uip_ds6_route_nexthop
                0x00008ce2                uip_ds6_route_head
                0x00008d0a                uip_ds6_route_next
                0x00008d3a                uip_ds6_route_num_routes
                0x00008d40                uip_ds6_route_lookup
                0x00008d80                uip_ds6_route_add
                0x00008e20                uip_ds6_route_rm
                0x00008eb6                uip_ds6_route_rm_by_nexthop
                0x00008eca                uip_ds6_defrt_rm
                0x00008f0e                uip_ds6_defrt_lookup
                0x00008f40                uip_ds6_defrt_add
                0x00008fa8                uip_ds6_defrt_choose
                0x00008fde                uip_ds6_defrt_periodic
 .text          0x00009016      0x27e contiki-z1.a(uip-ds6-nbr.o)
                0x00009016                uip_ds6_nbr_rm
                0x00009030                uip_ds6_neighbors_init
                0x0000903e                uip_ds6_nbr_add
                0x00009092                uip_ds6_nbr_get_ipaddr
                0x00009094                uip_ds6_nbr_get_ll
                0x000090a0                uip_ds6_nbr_num
                0x000090c4                uip_ds6_nbr_lookup
                0x00009102                uip_ds6_nbr_ll_lookup
                0x0000910e                uip_ds6_nbr_ipaddr_from_lladdr
                0x00009114                uip_ds6_nbr_lladdr_from_ipaddr
                0x00009126                uip_ds6_link_neighbor_callback
                0x0000914c                uip_ds6_neighbor_periodic
                0x00009246                uip_ds6_get_least_lifetime_neighbor
 .text          0x00009294      0x68e contiki-z1.a(uip-ds6.o)
                0x00009294                uip_ds6_list_loop
                0x000092fa                uip_ds6_prefix_add
                0x0000936a                uip_ds6_prefix_rm
                0x00009374                uip_ds6_prefix_lookup
                0x0000939c                uip_ds6_is_addr_onlink
                0x000093de                uip_ds6_addr_lookup
                0x00009408                uip_ds6_get_link_local
                0x00009446                uip_ds6_get_global
                0x00009484                uip_ds6_maddr_add
                0x000094cc                uip_ds6_addr_add
                0x00009580                uip_ds6_maddr_rm
                0x0000958a                uip_ds6_maddr_lookup
                0x000095b4                uip_ds6_addr_rm
                0x00009608                uip_ds6_periodic
                0x00009652                uip_ds6_aaddr_add
                0x00009698                uip_ds6_aaddr_rm
                0x000096a2                uip_ds6_aaddr_lookup
                0x000096ca                uip_ds6_set_addr_iid
                0x000096de                get_match_length
                0x0000971a                uip_ds6_select_src
                0x000097b4                uip_ds6_compute_reachable_time
                0x000097ea                uip_ds6_init
 .text          0x00009922      0x318 contiki-z1.a(uip-icmp6.o)
                0x00009922                uip_icmp6_echo_request_input
                0x00009a4a                uip_icmp6_error_output
                0x00009bb6                uip_icmp6_send
 .text          0x00009c3a      0x55c contiki-z1.a(uip-nd6.o)
                0x00009c3a                uip_nd6_ns_input
                0x00009e80                uip_nd6_ns_output
                0x00009ff6                uip_nd6_na_input
 .text          0x0000a196     0x135e contiki-z1.a(uip6.o)
                0x0000a2e0                uip_add32
                0x0000a36e                uip_chksum
                0x0000a386                uip_icmp6chksum
                0x0000a390                uip_tcpchksum
                0x0000a39a                uip_udpchksum
                0x0000a3a4                uip_init
                0x0000a3fe                uip_connect
                0x0000a518                remove_ext_hdr
                0x0000a56c                uip_udp_new
                0x0000a624                uip_unlisten
                0x0000a64e                uip_listen
                0x0000a67a                uip_process
                0x0000b492                uip_htons
                0x0000b49e                uip_htonl
                0x0000b4c8                uip_send
 .text          0x0000b4f4        0xc contiki-z1.a(contiki-z1-plat)
                0x0000b4f4                init_platform
 .text          0x0000b500       0xd2 contiki-z1.a(msp430.o)
                0x0000b500                msp430_init_dco
                0x0000b528                msp430_quick_synch_dco
                0x0000b5a4                msp430_cpu_init
                0x0000b5ca                splhigh_
 .text          0x0000b5d2      0x168 contiki-z1.a(leds.o)
                0x0000b6ca                leds_init
                0x0000b6d8                leds_get
                0x0000b6de                leds_on
                0x0000b6f2                leds_off
                0x0000b706                leds_invert
                0x0000b710                leds_toggle
                0x0000b716                leds_blink
 .text          0x0000b73a       0x54 contiki-z1.a(watchdog.o)
                0x0000b73a                watchdog_start
                0x0000b74e                watchdog_periodic
                0x0000b760                watchdog_stop
                0x0000b776                watchdog_init
                0x0000b788                watchdog_reboot
 .text          0x0000b78e      0x30a contiki-z1.a(xmem.o)
                0x0000b7fa                xmem_init
                0x0000b818                xmem_pread
                0x0000b8da                xmem_pwrite
                0x0000b9ee                xmem_erase
 .text          0x0000ba98       0x32 contiki-z1.a(spi.o)
                0x0000ba98                spi_init
 .text          0x0000baca      0x9d8 contiki-z1.a(cc2420.o)
                0x0000bdc6                cc2420_on
                0x0000bde8                cc2420_off
                0x0000bfa8                cc2420_get_channel
                0x0000bfae                cc2420_set_channel
                0x0000c026                cc2420_set_pan_addr
                0x0000c146                cc2420_interrupt
                0x0000c164                cc2420_set_txpower
                0x0000c172                cc2420_get_txpower
                0x0000c338                cc2420_rssi
                0x0000c396                cc2420_cca_valid
                0x0000c3ba                cc2420_set_cca_threshold
                0x0000c3d0                cc2420_init
 .text          0x0000c4a2       0x1a contiki-z1.a(cc2420-arch.o)
                0x0000c4a2                cc2420_arch_init
 .text          0x0000c4bc       0x96 contiki-z1.a(node-id.o)
                0x0000c4bc                node_id_restore
                0x0000c508                node_id_burn
 .text          0x0000c552      0x156 contiki-z1.a(sensors.o)
                0x0000c614                sensors_first
                0x0000c61a                sensors_next
                0x0000c63e                sensors_changed
                0x0000c668                sensors_find
 .text          0x0000c6a8       0x86 contiki-z1.a(button-sensor.o)
 .text          0x0000c72e       0x6a contiki-z1.a(uart0.o)
                0x0000c72e                uart0_active
                0x0000c73c                uart0_set_input
                0x0000c742                uart0_writeb
                0x0000c758                uart0_init
 .text          0x0000c798       0x10 contiki-z1.a(uart0-putchar.o)
                0x0000c798                putchar
 .text          0x0000c7a8      0x254 contiki-z1.a(adxl345.o)
                0x0000c7a8                accm_write_reg
                0x0000c7d6                accm_write_stream
                0x0000c800                accm_read_reg
                0x0000c8aa                accm_read_stream
                0x0000c8fc                accm_read_axis
                0x0000c922                accm_set_grange
                0x0000c946                accm_init
                0x0000c9d0                accm_set_irq
 .text          0x0000c9fc       0xda contiki-z1.a(clock.o)
                0x0000c9fc                clock_time
                0x0000ca16                clock_set
                0x0000ca2c                clock_fine_max
                0x0000ca32                clock_fine
                0x0000ca3e                clock_init
                0x0000ca66                clock_delay
                0x0000ca72                clock_wait
                0x0000ca96                clock_set_seconds
                0x0000caae                clock_seconds
                0x0000cac8                clock_counter
 .text          0x0000cad6       0x74 contiki-z1.a(leds-arch.o)
                0x0000cad6                leds_arch_init
                0x0000cae4                leds_arch_get
                0x0000cb12                leds_arch_set
 .text          0x0000cb4a       0x22 contiki-z1.a(rtimer-arch.o)
                0x0000cb4a                rtimer_arch_init
                0x0000cb58                rtimer_arch_now
                0x0000cb66                rtimer_arch_schedule
 .text          0x0000cb6c       0x14 contiki-z1.a(mac.o)
                0x0000cb6c                mac_call_sent_callback
 .text          0x0000cb80      0x1b6 contiki-z1.a(framer-802154.o)
 .text          0x0000cd36      0x202 contiki-z1.a(rpl.o)
                0x0000cd36                rpl_purge_routes
                0x0000cdcc                rpl_remove_routes
                0x0000cdee                rpl_remove_routes_by_nexthop
                0x0000ce2c                rpl_add_route
                0x0000ce74                rpl_link_neighbor_callback
                0x0000ceda                rpl_ipv6_neighbor_callback
                0x0000cef8                rpl_init
 .text          0x0000cf38      0x2de contiki-z1.a(rpl-ext-header.)
                0x0000cf38                rpl_verify_header
                0x0000cfe8                rpl_update_header_empty
                0x0000d0d8                rpl_update_header_final
                0x0000d160                rpl_remove_header
                0x0000d1ac                rpl_invert_header
                0x0000d1fa                rpl_insert_header
 .text          0x0000d216       0xfa contiki-z1.a(i2cmaster.o)
                0x0000d216                i2c_receiveinit
                0x0000d24a                i2c_transmitinit
                0x0000d278                i2c_receive_n
                0x0000d2b6                i2c_busy
                0x0000d2c0                i2c_enable
                0x0000d2e2                i2c_disable
                0x0000d2fc                i2c_transmit_n
 .text          0x0000d310      0x366 contiki-z1.a(frame802154.o)
                0x0000d39c                frame802154_hdrlen
                0x0000d3ca                frame802154_create
                0x0000d500                frame802154_parse
 .text          0x0000d676        0x0 /usr/local/msp430/bin/../lib/gcc/msp430/4.7.0/mcpu-430x/mmpy-16/libgcc.a(_mulsi3.o)
 .text.libgcc   0x0000d676       0x26 /usr/local/msp430/bin/../lib/gcc/msp430/4.7.0/mcpu-430x/mmpy-16/libgcc.a(_mulsi3.o)
                0x0000d676                __mulsi3
 .text          0x0000d69c        0x0 /usr/local/msp430/bin/../lib/gcc/msp430/4.7.0/mcpu-430x/mmpy-16/libgcc.a(_udivmod16.o)
 .text.libgcc   0x0000d69c       0x22 /usr/local/msp430/bin/../lib/gcc/msp430/4.7.0/mcpu-430x/mmpy-16/libgcc.a(_udivmod16.o)
                0x0000d69c                __udivhi3
                0x0000d69c                __ext_udivmod16
                0x0000d6b6                __umodhi3
 .text          0x0000d6be        0x0 /usr/local/msp430/bin/../lib/gcc/msp430/4.7.0/mcpu-430x/mmpy-16/libgcc.a(_divmod16.o)
 .text.libgcc   0x0000d6be       0x3a /usr/local/msp430/bin/../lib/gcc/msp430/4.7.0/mcpu-430x/mmpy-16/libgcc.a(_divmod16.o)
                0x0000d6be                __ext_divmod16
                0x0000d6be                __divhi3
                0x0000d6f0                __modhi3
 .text          0x0000d6f8        0x0 /usr/local/msp430/bin/../lib/gcc/msp430/4.7.0/mcpu-430x/mmpy-16/libgcc.a(_udivmod32.o)
 .text.libgcc   0x0000d6f8       0x38 /usr/local/msp430/bin/../lib/gcc/msp430/4.7.0/mcpu-430x/mmpy-16/libgcc.a(_udivmod32.o)
                0x0000d6f8                __udivsi3
                0x0000d6f8                __ext_udivmod32
                0x0000d726                __umodsi3
 .text          0x0000d730        0x0 /usr/local/msp430/bin/../lib/gcc/msp430/4.7.0/../../../../msp430/lib/mcpu-430x/mmpy-16/libc.a(printf.o)
 .text.printf   0x0000d730       0x10 /usr/local/msp430/bin/../lib/gcc/msp430/4.7.0/../../../../msp430/lib/mcpu-430x/mmpy-16/libc.a(printf.o)
                0x0000d730                printf
 .text.vprintf  0x0000d740        0xe /usr/local/msp430/bin/../lib/gcc/msp430/4.7.0/../../../../msp430/lib/mcpu-430x/mmpy-16/libc.a(printf.o)
                0x0000d740                vprintf
 .text          0x0000d74e        0x0 /usr/local/msp430/bin/../lib/gcc/msp430/4.7.0/../../../../msp430/lib/mcpu-430x/mmpy-16/libc.a(vuprintf.o)
 .text.print_field
                0x0000d74e      0x176 /usr/local/msp430/bin/../lib/gcc/msp430/4.7.0/../../../../msp430/lib/mcpu-430x/mmpy-16/libc.a(vuprintf.o)
 .text.vuprintf
                0x0000d8c4      0x740 /usr/local/msp430/bin/../lib/gcc/msp430/4.7.0/../../../../msp430/lib/mcpu-430x/mmpy-16/libc.a(vuprintf.o)
                0x0000d8c4                vuprintf
 .text          0x0000e004        0x0 /usr/local/msp430/bin/../lib/gcc/msp430/4.7.0/../../../../msp430/lib/mcpu-430x/mmpy-16/libc.a(puts.o)
 .text.puts     0x0000e004       0x2c /usr/local/msp430/bin/../lib/gcc/msp430/4.7.0/../../../../msp430/lib/mcpu-430x/mmpy-16/libc.a(puts.o)
                0x0000e004                puts
 .text          0x0000e030        0x0 /usr/local/msp430/bin/../lib/gcc/msp430/4.7.0/../../../../msp430/lib/mcpu-430x/mmpy-16/libc.a(rand.o)
 .text.rand_r   0x0000e030       0x24 /usr/local/msp430/bin/../lib/gcc/msp430/4.7.0/../../../../msp430/lib/mcpu-430x/mmpy-16/libc.a(rand.o)
                0x0000e030                rand_r
 .text.rand     0x0000e054       0x26 /usr/local/msp430/bin/../lib/gcc/msp430/4.7.0/../../../../msp430/lib/mcpu-430x/mmpy-16/libc.a(rand.o)
                0x0000e054                rand
 .text.srand    0x0000e07a        0xa /usr/local/msp430/bin/../lib/gcc/msp430/4.7.0/../../../../msp430/lib/mcpu-430x/mmpy-16/libc.a(rand.o)
                0x0000e07a                srand
 .text          0x0000e084        0x0 /usr/local/msp430/bin/../lib/gcc/msp430/4.7.0/../../../../msp430/lib/mcpu-430x/mmpy-16/libc.a(strncmp.o)
 .text.strncmp  0x0000e084       0x2a /usr/local/msp430/bin/../lib/gcc/msp430/4.7.0/../../../../msp430/lib/mcpu-430x/mmpy-16/libc.a(strncmp.o)
                0x0000e084                strncmp
 .text          0x0000e0ae        0x0 /usr/local/msp430/bin/../lib/gcc/msp430/4.7.0/../../../../msp430/lib/mcpu-430x/mmpy-16/libc.a(memcmp.o)
 .text.memcmp   0x0000e0ae       0x2c /usr/local/msp430/bin/../lib/gcc/msp430/4.7.0/../../../../msp430/lib/mcpu-430x/mmpy-16/libc.a(memcmp.o)
                0x0000e0ae                memcmp
 .text          0x0000e0da        0x0 /usr/local/msp430/bin/../lib/gcc/msp430/4.7.0/../../../../msp430/lib/mcpu-430x/mmpy-16/libc.a(memcpy.o)
 .text.memcpy   0x0000e0da       0xe8 /usr/local/msp430/bin/../lib/gcc/msp430/4.7.0/../../../../msp430/lib/mcpu-430x/mmpy-16/libc.a(memcpy.o)
                0x0000e0da                memcpy
 .text          0x0000e1c2        0x0 /usr/local/msp430/bin/../lib/gcc/msp430/4.7.0/../../../../msp430/lib/mcpu-430x/mmpy-16/libc.a(memmove.o)
 .text.memmove  0x0000e1c2       0xe8 /usr/local/msp430/bin/../lib/gcc/msp430/4.7.0/../../../../msp430/lib/mcpu-430x/mmpy-16/libc.a(memmove.o)
                0x0000e1c2                memmove
 .text          0x0000e2aa        0x0 /usr/local/msp430/bin/../lib/gcc/msp430/4.7.0/../../../../msp430/lib/mcpu-430x/mmpy-16/libc.a(memset.o)
 .text.memset   0x0000e2aa       0x5c /usr/local/msp430/bin/../lib/gcc/msp430/4.7.0/../../../../msp430/lib/mcpu-430x/mmpy-16/libc.a(memset.o)
                0x0000e2aa                memset
 .text          0x0000e306        0x0 /usr/local/msp430/bin/../lib/gcc/msp430/4.7.0/mcpu-430x/mmpy-16/libgcc.a(_udivmod64.o)
 .text.libgcc   0x0000e306       0xbc /usr/local/msp430/bin/../lib/gcc/msp430/4.7.0/mcpu-430x/mmpy-16/libgcc.a(_udivmod64.o)
                0x0000e306                __xabi_udivmod64
                0x0000e358                __udivdi3
                0x0000e372                __umoddi3
                0x0000e394                __udivmoddi4
 .text          0x0000e3c2        0x0 /usr/local/msp430/bin/../lib/gcc/msp430/4.7.0/mcpu-430x/mmpy-16/libcrt0.a(_reset_vector__.o)
 .text          0x0000e3c2        0x0 /usr/local/msp430/bin/../lib/gcc/msp430/4.7.0/mcpu-430x/mmpy-16/libcrt0.a(__watchdog_support.o)
 .text          0x0000e3c2        0x0 /usr/local/msp430/bin/../lib/gcc/msp430/4.7.0/mcpu-430x/mmpy-16/libcrt0.a(__init_stack.o)
 .text          0x0000e3c2        0x0 /usr/local/msp430/bin/../lib/gcc/msp430/4.7.0/mcpu-430x/mmpy-16/libcrt0.a(__low_level_init.o)
 .text          0x0000e3c2        0x0 /usr/local/msp430/bin/../lib/gcc/msp430/4.7.0/mcpu-430x/mmpy-16/libcrt0.a(_copy_data.o)
 .text          0x0000e3c2        0x0 /usr/local/msp430/bin/../lib/gcc/msp430/4.7.0/mcpu-430x/mmpy-16/libcrt0.a(_clear_bss.o)
 .text          0x0000e3c2        0x0 /usr/local/msp430/bin/../lib/gcc/msp430/4.7.0/mcpu-430x/mmpy-16/libcrt0.a(__stop_progExec__.o)
 .text          0x0000e3c2        0x0 /usr/local/msp430/bin/../lib/gcc/msp430/4.7.0/mcpu-430x/mmpy-16/libcrt0.a(_endless_loop__.o)
 .text          0x0000e3c2        0x0 /usr/local/msp430/bin/../lib/gcc/msp430/4.7.0/mcpu-430x/mmpy-16/libcrt0.a(_unexpected_.o)
 .text.crt0     0x0000e3c2        0x2 /usr/local/msp430/bin/../lib/gcc/msp430/4.7.0/mcpu-430x/mmpy-16/libcrt0.a(_unexpected_.o)
                0x0000e3c2                _unexpected_
 *(.near.text .near.text.*)
 .near.text     0x0000e3c4        0x6 contiki-z1.a(watchdog.o)
                0x0000e3c4                __isr_26
                0x0000e3c4                watchdog_interrupt
 .near.text     0x0000e3ca       0x76 contiki-z1.a(button-sensor.o)
                0x0000e3ca                irq_p2
                0x0000e3ca                __isr_19
 .near.text     0x0000e440       0x64 contiki-z1.a(uart0.o)
                0x0000e440                __isr_23
                0x0000e440                uart0_rx_interrupt
 .near.text     0x0000e4a4       0xbe contiki-z1.a(adxl345.o)
                0x0000e4a4                port1_isr
                0x0000e4a4                __isr_18
 .near.text     0x0000e562       0xea contiki-z1.a(clock.o)
                0x0000e562                __isr_24
                0x0000e562                timera1
 .near.text     0x0000e64c       0x5c contiki-z1.a(rtimer-arch.o)
                0x0000e64c                __isr_25
                0x0000e64c                timera0
 .near.text     0x0000e6a8       0x98 contiki-z1.a(i2cmaster.o)
                0x0000e6a8                __isr_16
                0x0000e6a8                i2c_tx_interrupt
                0x0000e72c                i2c_rx_interrupt
                0x0000e72c                __isr_17

.rodata         0x0000e740      0xcbd
                0x0000e740                . = ALIGN (0x2)
 *(.rodata .rodata.* .gnu.linkonce.r.*)
 .rodata        0x0000e740       0xe8 udp-sink.co
                0x0000e80e                autostart_processes
 .rodata        0x0000e828       0xce obj_z1/collect-common.o
 .rodata        0x0000e8f6      0x118 obj_z1/contiki-z1-main.o
 .rodata        0x0000ea0e        0x8 contiki-z1.a(rimeaddr.o)
                0x0000ea0e                rimeaddr_null
 .rodata        0x0000ea16       0x14 contiki-z1.a(csma.o)
                0x0000ea1c                csma_driver
 .rodata        0x0000ea2a       0x1c contiki-z1.a(contikimac.o)
                0x0000ea36                contikimac_driver
 .rodata        0x0000ea46      0x896 contiki-z1.a(rpl-icmp6.o)
 .rodata        0x0000f2dc        0xe contiki-z1.a(serial-line.o)
 .rodata        0x0000f2ea        0xc contiki-z1.a(etimer.o)
 .rodata        0x0000f2f6        0xf contiki-z1.a(ctimer.o)
 *fill*         0x0000f305        0x1 00
 .rodata        0x0000f306       0x24 contiki-z1.a(sicslowpan.o)
                0x0000f312                sicslowpan_driver
                0x0000f318                llprefix
                0x0000f31a                unc_mxconf
                0x0000f31e                unc_ctxconf
                0x0000f322                unc_llconf
 .rodata        0x0000f32a        0xd contiki-z1.a(tcpip.o)
 .rodata        0x0000f337       0x1a contiki-z1.a(uip-debug.o)
 *fill*         0x0000f351        0x3 00
 .rodata        0x0000f354       0x20 contiki-z1.a(uip6.o)
 .rodata        0x0000f374       0x2c contiki-z1.a(xmem.o)
 .rodata        0x0000f3a0       0x22 contiki-z1.a(cc2420.o)
                0x0000f3a0                cc2420_driver
 .rodata        0x0000f3c2        0x8 contiki-z1.a(sensors.o)
 .rodata        0x0000f3ca       0x10 contiki-z1.a(button-sensor.o)
                0x0000f3d2                button_sensor
 .rodata        0x0000f3da       0x16 contiki-z1.a(adxl345.o)
 .rodata        0x0000f3f0        0x4 contiki-z1.a(framer-802154.o)
                0x0000f3f0                framer_802154
 .rodata        0x0000f3f4        0x2 contiki-z1.a(frame802154.o)
 .rodata.vuprintf
                0x0000f3f6        0x7 /usr/local/msp430/bin/../lib/gcc/msp430/4.7.0/../../../../msp430/lib/mcpu-430x/mmpy-16/libc.a(vuprintf.o)
 *(.near.rodata .near.rodata.*)
                0x0000f3fe                . = ALIGN (0x2)
                0x0000f3fe                _etext = .

.data           0x00001100       0xfe load address 0x0000f3fe
                0x00001100                . = ALIGN (0x2)
                0x00001100                __data_start = .
 *(.data .data.* .gnu.linkonce.d.*)
 .data          0x00001100        0x0 /usr/local/msp430/bin/../lib/gcc/msp430/4.7.0/mcpu-430x/mmpy-16/crt0ivtbl32.o
 .data          0x00001100        0xa udp-sink.co
                0x00001100                udp_server_process
 .data          0x0000110a        0xc obj_z1/collect-common.o
                0x0000110a                collect_common_process
 .data          0x00001116        0x4 obj_z1/contiki-z1-main.o
                0x00001116                sensors
 .data          0x0000111a        0x0 contiki-z1.a(rimeaddr.o)
 .data          0x0000111a       0x18 contiki-z1.a(csma.o)
 .data          0x00001132        0x0 contiki-z1.a(contikimac.o)
 .data          0x00001132       0x10 contiki-z1.a(phase.o)
 .data          0x00001142        0x8 contiki-z1.a(rpl-dag.o)
 .data          0x0000114a        0x1 contiki-z1.a(rpl-icmp6.o)
 .data          0x0000114b        0x0 contiki-z1.a(rpl-timers.o)
 *fill*         0x0000114b        0x1 00
 .data          0x0000114c        0xe contiki-z1.a(rpl-mrhof.o)
                0x0000114c                rpl_mrhof
 .data          0x0000115a        0x0 contiki-z1.a(process.o)
 .data          0x0000115a        0x0 contiki-z1.a(autostart.o)
 .data          0x0000115a        0xa contiki-z1.a(serial-line.o)
                0x0000115a                serial_line_process
 .data          0x00001164        0x0 contiki-z1.a(memb.o)
 .data          0x00001164        0x0 contiki-z1.a(timer.o)
 .data          0x00001164        0x0 contiki-z1.a(list.o)
 .data          0x00001164        0xa contiki-z1.a(etimer.o)
                0x00001164                etimer_process
 .data          0x0000116e        0xa contiki-z1.a(ctimer.o)
                0x0000116e                ctimer_process
 .data          0x00001178        0x0 contiki-z1.a(energest.o)
 .data          0x00001178        0x0 contiki-z1.a(rtimer.o)
 .data          0x00001178        0x0 contiki-z1.a(stimer.o)
 .data          0x00001178        0x0 contiki-z1.a(random.o)
 .data          0x00001178        0x0 contiki-z1.a(ringbuf.o)
 .data          0x00001178        0x8 contiki-z1.a(nbr-table.o)
 .data          0x00001180        0x0 contiki-z1.a(packetbuf.o)
 .data          0x00001180       0x18 contiki-z1.a(queuebuf.o)
 .data          0x00001198        0x0 contiki-z1.a(sicslowpan.o)
 .data          0x00001198        0xa contiki-z1.a(tcpip.o)
                0x00001198                tcpip_process
 .data          0x000011a2        0x0 contiki-z1.a(uip-debug.o)
 .data          0x000011a2       0x18 contiki-z1.a(uip-ds6-route.o)
 .data          0x000011ba        0xa contiki-z1.a(uip-ds6-nbr.o)
                0x000011ba                ds6_neighbors
 .data          0x000011c4        0x0 contiki-z1.a(uip-ds6.o)
 .data          0x000011c4        0x0 contiki-z1.a(uip-icmp6.o)
 .data          0x000011c4        0x0 contiki-z1.a(uip-nd6.o)
 .data          0x000011c4        0x0 contiki-z1.a(uip6.o)
 .data          0x000011c4        0x0 contiki-z1.a(contiki-z1-plat)
 .data          0x000011c4        0x2 contiki-z1.a(msp430.o)
 .data          0x000011c6        0x0 contiki-z1.a(leds.o)
 .data          0x000011c6        0x0 contiki-z1.a(watchdog.o)
 .data          0x000011c6        0x0 contiki-z1.a(xmem.o)
 .data          0x000011c6        0x0 contiki-z1.a(spi.o)
 .data          0x000011c6        0xa contiki-z1.a(cc2420.o)
                0x000011c6                cc2420_process
 .data          0x000011d0        0x0 contiki-z1.a(cc2420-arch.o)
 .data          0x000011d0        0x0 contiki-z1.a(node-id.o)
 .data          0x000011d0        0xa contiki-z1.a(sensors.o)
                0x000011d0                sensors_process
 .data          0x000011da        0x0 contiki-z1.a(button-sensor.o)
 .data          0x000011da        0x0 contiki-z1.a(uart0.o)
 .data          0x000011da        0x0 contiki-z1.a(uart0-putchar.o)
 .data          0x000011da       0x20 contiki-z1.a(adxl345.o)
                0x000011da                accmeter_process
 .data          0x000011fa        0x0 contiki-z1.a(clock.o)
 .data          0x000011fa        0x0 contiki-z1.a(leds-arch.o)
 .data          0x000011fa        0x0 contiki-z1.a(rtimer-arch.o)
 .data          0x000011fa        0x0 contiki-z1.a(mac.o)
 .data          0x000011fa        0x0 contiki-z1.a(framer-802154.o)
 .data          0x000011fa        0x0 contiki-z1.a(rpl.o)
 .data          0x000011fa        0x0 contiki-z1.a(rpl-ext-header.)
 .data          0x000011fa        0x0 contiki-z1.a(i2cmaster.o)
 .data          0x000011fa        0x0 contiki-z1.a(frame802154.o)
 .data          0x000011fa        0x0 /usr/local/msp430/bin/../lib/gcc/msp430/4.7.0/mcpu-430x/mmpy-16/libgcc.a(_mulsi3.o)
 .data          0x000011fa        0x0 /usr/local/msp430/bin/../lib/gcc/msp430/4.7.0/mcpu-430x/mmpy-16/libgcc.a(_udivmod16.o)
 .data          0x000011fa        0x0 /usr/local/msp430/bin/../lib/gcc/msp430/4.7.0/mcpu-430x/mmpy-16/libgcc.a(_divmod16.o)
 .data          0x000011fa        0x0 /usr/local/msp430/bin/../lib/gcc/msp430/4.7.0/mcpu-430x/mmpy-16/libgcc.a(_udivmod32.o)
 .data          0x000011fa        0x0 /usr/local/msp430/bin/../lib/gcc/msp430/4.7.0/../../../../msp430/lib/mcpu-430x/mmpy-16/libc.a(printf.o)
 .data          0x000011fa        0x0 /usr/local/msp430/bin/../lib/gcc/msp430/4.7.0/../../../../msp430/lib/mcpu-430x/mmpy-16/libc.a(vuprintf.o)
 .data          0x000011fa        0x0 /usr/local/msp430/bin/../lib/gcc/msp430/4.7.0/../../../../msp430/lib/mcpu-430x/mmpy-16/libc.a(puts.o)
 .data          0x000011fa        0x0 /usr/local/msp430/bin/../lib/gcc/msp430/4.7.0/../../../../msp430/lib/mcpu-430x/mmpy-16/libc.a(rand.o)
 .data.next     0x000011fa        0x4 /usr/local/msp430/bin/../lib/gcc/msp430/4.7.0/../../../../msp430/lib/mcpu-430x/mmpy-16/libc.a(rand.o)
 .data          0x000011fe        0x0 /usr/local/msp430/bin/../lib/gcc/msp430/4.7.0/../../../../msp430/lib/mcpu-430x/mmpy-16/libc.a(strncmp.o)
 .data          0x000011fe        0x0 /usr/local/msp430/bin/../lib/gcc/msp430/4.7.0/../../../../msp430/lib/mcpu-430x/mmpy-16/libc.a(memcmp.o)
 .data          0x000011fe        0x0 /usr/local/msp430/bin/../lib/gcc/msp430/4.7.0/../../../../msp430/lib/mcpu-430x/mmpy-16/libc.a(memcpy.o)
 .data          0x000011fe        0x0 /usr/local/msp430/bin/../lib/gcc/msp430/4.7.0/../../../../msp430/lib/mcpu-430x/mmpy-16/libc.a(memmove.o)
 .data          0x000011fe        0x0 /usr/local/msp430/bin/../lib/gcc/msp430/4.7.0/../../../../msp430/lib/mcpu-430x/mmpy-16/libc.a(memset.o)
 .data          0x000011fe        0x0 /usr/local/msp430/bin/../lib/gcc/msp430/4.7.0/mcpu-430x/mmpy-16/libgcc.a(_udivmod64.o)
 .data          0x000011fe        0x0 /usr/local/msp430/bin/../lib/gcc/msp430/4.7.0/mcpu-430x/mmpy-16/libcrt0.a(_reset_vector__.o)
 .data          0x000011fe        0x0 /usr/local/msp430/bin/../lib/gcc/msp430/4.7.0/mcpu-430x/mmpy-16/libcrt0.a(__watchdog_support.o)
 .data          0x000011fe        0x0 /usr/local/msp430/bin/../lib/gcc/msp430/4.7.0/mcpu-430x/mmpy-16/libcrt0.a(__init_stack.o)
 .data          0x000011fe        0x0 /usr/local/msp430/bin/../lib/gcc/msp430/4.7.0/mcpu-430x/mmpy-16/libcrt0.a(__low_level_init.o)
 .data          0x000011fe        0x0 /usr/local/msp430/bin/../lib/gcc/msp430/4.7.0/mcpu-430x/mmpy-16/libcrt0.a(_copy_data.o)
 .data          0x000011fe        0x0 /usr/local/msp430/bin/../lib/gcc/msp430/4.7.0/mcpu-430x/mmpy-16/libcrt0.a(_clear_bss.o)
 .data          0x000011fe        0x0 /usr/local/msp430/bin/../lib/gcc/msp430/4.7.0/mcpu-430x/mmpy-16/libcrt0.a(__stop_progExec__.o)
 .data          0x000011fe        0x0 /usr/local/msp430/bin/../lib/gcc/msp430/4.7.0/mcpu-430x/mmpy-16/libcrt0.a(_endless_loop__.o)
 .data          0x000011fe        0x0 /usr/local/msp430/bin/../lib/gcc/msp430/4.7.0/mcpu-430x/mmpy-16/libcrt0.a(_unexpected_.o)
 *(.near.data .near.data.*)
                0x000011fe                . = ALIGN (0x2)
                0x000011fe                _edata = .
                0x0000f3fe                __data_load_start = LOADADDR (.data)
                0x000000fe                __data_size = SIZEOF (.data)

.bss            0x000011fe     0x1602 load address 0x0000f4fc
                0x000011fe                __bss_start = .
 *(.bss .bss.*)
 .bss           0x000011fe        0x0 /usr/local/msp430/bin/../lib/gcc/msp430/4.7.0/mcpu-430x/mmpy-16/crt0ivtbl32.o
 .bss           0x000011fe        0x2 udp-sink.co
 .bss           0x00001200       0x1c obj_z1/collect-common.o
 .bss           0x0000121c        0x4 obj_z1/contiki-z1-main.o
 .bss           0x00001220        0x0 contiki-z1.a(rimeaddr.o)
 .bss           0x00001220       0x8a contiki-z1.a(csma.o)
 .bss           0x000012aa       0xcc contiki-z1.a(contikimac.o)
 .bss           0x00001376      0x19c contiki-z1.a(phase.o)
 .bss           0x00001512       0x96 contiki-z1.a(rpl-dag.o)
 .bss           0x000015a8        0x0 contiki-z1.a(rpl-icmp6.o)
 .bss           0x000015a8       0x18 contiki-z1.a(rpl-timers.o)
 .bss           0x000015c0        0x0 contiki-z1.a(rpl-mrhof.o)
 .bss           0x000015c0       0x42 contiki-z1.a(process.o)
                0x000015c0                process_current
                0x000015c2                process_list
 .bss           0x00001602        0x0 contiki-z1.a(autostart.o)
 .bss           0x00001602      0x10a contiki-z1.a(serial-line.o)
 .bss           0x0000170c        0x0 contiki-z1.a(memb.o)
 .bss           0x0000170c        0x0 contiki-z1.a(timer.o)
 .bss           0x0000170c        0x0 contiki-z1.a(list.o)
 .bss           0x0000170c        0x6 contiki-z1.a(etimer.o)
 .bss           0x00001712        0x4 contiki-z1.a(ctimer.o)
 .bss           0x00001716        0x0 contiki-z1.a(energest.o)
 .bss           0x00001716        0x2 contiki-z1.a(rtimer.o)
 .bss           0x00001718        0x0 contiki-z1.a(stimer.o)
 .bss           0x00001718        0x0 contiki-z1.a(random.o)
 .bss           0x00001718        0x0 contiki-z1.a(ringbuf.o)
 .bss           0x00001718       0xd8 contiki-z1.a(nbr-table.o)
 .bss           0x000017f0       0xba contiki-z1.a(packetbuf.o)
 .bss           0x000018aa      0x3c6 contiki-z1.a(queuebuf.o)
 .bss           0x00001c70       0xbe contiki-z1.a(sicslowpan.o)
 .bss           0x00001d2e       0x36 contiki-z1.a(tcpip.o)
 .bss           0x00001d64        0x0 contiki-z1.a(uip-debug.o)
 .bss           0x00001d64      0x24e contiki-z1.a(uip-ds6-route.o)
 .bss           0x00001fb2      0x21c contiki-z1.a(uip-ds6-nbr.o)
 .bss           0x000021ce       0x18 contiki-z1.a(uip-ds6.o)
 .bss           0x000021e6       0x10 contiki-z1.a(uip-icmp6.o)
 .bss           0x000021f6        0xa contiki-z1.a(uip-nd6.o)
 .bss           0x00002200        0xe contiki-z1.a(uip6.o)
                0x00002200                uip_ext_opt_offset
                0x00002201                uip_ext_len
                0x00002202                uip_ext_bitmap
 .bss           0x0000220e        0x0 contiki-z1.a(contiki-z1-plat)
 .bss           0x0000220e        0x0 contiki-z1.a(msp430.o)
 .bss           0x0000220e        0x2 contiki-z1.a(leds.o)
 .bss           0x00002210        0x2 contiki-z1.a(watchdog.o)
 .bss           0x00002212        0x0 contiki-z1.a(xmem.o)
 .bss           0x00002212        0x1 contiki-z1.a(spi.o)
                0x00002212                spi_busy
 *fill*         0x00002213        0x1 00
 .bss           0x00002214        0xa contiki-z1.a(cc2420.o)
 .bss           0x0000221e        0x0 contiki-z1.a(cc2420-arch.o)
 .bss           0x0000221e        0x2 contiki-z1.a(node-id.o)
                0x0000221e                node_id
 .bss           0x00002220        0x6 contiki-z1.a(sensors.o)
 .bss           0x00002226        0x8 contiki-z1.a(button-sensor.o)
 .bss           0x0000222e        0x4 contiki-z1.a(uart0.o)
 .bss           0x00002232        0x0 contiki-z1.a(uart0-putchar.o)
 .bss           0x00002232       0x16 contiki-z1.a(adxl345.o)
 .bss           0x00002248        0xa contiki-z1.a(clock.o)
 .bss           0x00002252        0x0 contiki-z1.a(leds-arch.o)
 .bss           0x00002252        0x0 contiki-z1.a(rtimer-arch.o)
 .bss           0x00002252        0x0 contiki-z1.a(mac.o)
 .bss           0x00002252        0x2 contiki-z1.a(framer-802154.o)
 .bss           0x00002254        0x0 contiki-z1.a(rpl.o)
 .bss           0x00002254        0x0 contiki-z1.a(rpl-ext-header.)
 .bss           0x00002254        0x2 contiki-z1.a(i2cmaster.o)
 .bss           0x00002256        0x0 contiki-z1.a(frame802154.o)
 .bss           0x00002256        0x0 /usr/local/msp430/bin/../lib/gcc/msp430/4.7.0/mcpu-430x/mmpy-16/libgcc.a(_mulsi3.o)
 .bss           0x00002256        0x0 /usr/local/msp430/bin/../lib/gcc/msp430/4.7.0/mcpu-430x/mmpy-16/libgcc.a(_udivmod16.o)
 .bss           0x00002256        0x0 /usr/local/msp430/bin/../lib/gcc/msp430/4.7.0/mcpu-430x/mmpy-16/libgcc.a(_divmod16.o)
 .bss           0x00002256        0x0 /usr/local/msp430/bin/../lib/gcc/msp430/4.7.0/mcpu-430x/mmpy-16/libgcc.a(_udivmod32.o)
 .bss           0x00002256        0x0 /usr/local/msp430/bin/../lib/gcc/msp430/4.7.0/../../../../msp430/lib/mcpu-430x/mmpy-16/libc.a(printf.o)
 .bss           0x00002256        0x0 /usr/local/msp430/bin/../lib/gcc/msp430/4.7.0/../../../../msp430/lib/mcpu-430x/mmpy-16/libc.a(vuprintf.o)
 .bss           0x00002256        0x0 /usr/local/msp430/bin/../lib/gcc/msp430/4.7.0/../../../../msp430/lib/mcpu-430x/mmpy-16/libc.a(puts.o)
 .bss           0x00002256        0x0 /usr/local/msp430/bin/../lib/gcc/msp430/4.7.0/../../../../msp430/lib/mcpu-430x/mmpy-16/libc.a(rand.o)
 .bss           0x00002256        0x0 /usr/local/msp430/bin/../lib/gcc/msp430/4.7.0/../../../../msp430/lib/mcpu-430x/mmpy-16/libc.a(strncmp.o)
 .bss           0x00002256        0x0 /usr/local/msp430/bin/../lib/gcc/msp430/4.7.0/../../../../msp430/lib/mcpu-430x/mmpy-16/libc.a(memcmp.o)
 .bss           0x00002256        0x0 /usr/local/msp430/bin/../lib/gcc/msp430/4.7.0/../../../../msp430/lib/mcpu-430x/mmpy-16/libc.a(memcpy.o)
 .bss           0x00002256        0x0 /usr/local/msp430/bin/../lib/gcc/msp430/4.7.0/../../../../msp430/lib/mcpu-430x/mmpy-16/libc.a(memmove.o)
 .bss           0x00002256        0x0 /usr/local/msp430/bin/../lib/gcc/msp430/4.7.0/../../../../msp430/lib/mcpu-430x/mmpy-16/libc.a(memset.o)
 .bss           0x00002256        0x0 /usr/local/msp430/bin/../lib/gcc/msp430/4.7.0/mcpu-430x/mmpy-16/libgcc.a(_udivmod64.o)
 .bss           0x00002256        0x0 /usr/local/msp430/bin/../lib/gcc/msp430/4.7.0/mcpu-430x/mmpy-16/libcrt0.a(_reset_vector__.o)
 .bss           0x00002256        0x0 /usr/local/msp430/bin/../lib/gcc/msp430/4.7.0/mcpu-430x/mmpy-16/libcrt0.a(__watchdog_support.o)
 .bss           0x00002256        0x0 /usr/local/msp430/bin/../lib/gcc/msp430/4.7.0/mcpu-430x/mmpy-16/libcrt0.a(__init_stack.o)
 .bss           0x00002256        0x0 /usr/local/msp430/bin/../lib/gcc/msp430/4.7.0/mcpu-430x/mmpy-16/libcrt0.a(__low_level_init.o)
 .bss           0x00002256        0x0 /usr/local/msp430/bin/../lib/gcc/msp430/4.7.0/mcpu-430x/mmpy-16/libcrt0.a(_copy_data.o)
 .bss           0x00002256        0x0 /usr/local/msp430/bin/../lib/gcc/msp430/4.7.0/mcpu-430x/mmpy-16/libcrt0.a(_clear_bss.o)
 .bss           0x00002256        0x0 /usr/local/msp430/bin/../lib/gcc/msp430/4.7.0/mcpu-430x/mmpy-16/libcrt0.a(__stop_progExec__.o)
 .bss           0x00002256        0x0 /usr/local/msp430/bin/../lib/gcc/msp430/4.7.0/mcpu-430x/mmpy-16/libcrt0.a(_endless_loop__.o)
 .bss           0x00002256        0x0 /usr/local/msp430/bin/../lib/gcc/msp430/4.7.0/mcpu-430x/mmpy-16/libcrt0.a(_unexpected_.o)
 *(.near.bss .near.bss.*)
 *(COMMON)
 COMMON         0x00002256        0x2 obj_z1/contiki-z1-main.o
                0x00002256                sensors_flags
 COMMON         0x00002258        0x8 contiki-z1.a(rimeaddr.o)
                0x00002258                rimeaddr_node_addr
 COMMON         0x00002260       0xbe contiki-z1.a(rpl-dag.o)
                0x00002260                default_instance
                0x00002262                instance_table
 COMMON         0x0000231e        0x1 contiki-z1.a(process.o)
                0x0000231e                process_maxevents
 COMMON         0x0000231f        0x1 contiki-z1.a(serial-line.o)
                0x0000231f                serial_line_event_message
 COMMON         0x00002320       0x56 contiki-z1.a(energest.o)
                0x00002320                energest_total_time
                0x00002350                energest_total_count
                0x00002352                energest_current_mode
                0x0000235e                energest_current_time
 COMMON         0x00002376       0x50 contiki-z1.a(packetbuf.o)
                0x00002376                packetbuf_addrs
                0x00002396                packetbuf_attrs
 COMMON         0x000023c6        0x8 contiki-z1.a(sicslowpan.o)
                0x000023c6                frag_sender
 COMMON         0x000023ce        0x1 contiki-z1.a(tcpip.o)
                0x000023ce                tcpip_event
 *fill*         0x000023cf        0x1 00
 COMMON         0x000023d0      0x15c contiki-z1.a(uip-ds6.o)
                0x000023d0                uip_ds6_timer_ra
                0x000023d8                uip_ds6_if
                0x000024c4                uip_ds6_netif_addr_list_offset
                0x000024c5                uip_ds6_addr_size
                0x000024c6                uip_ds6_prefix_list
                0x00002520                uip_ds6_timer_periodic
 COMMON         0x0000252c      0x2a0 contiki-z1.a(uip6.o)
                0x0000252c                uip_len
                0x0000252e                uip_sappdata
                0x00002530                uip_acc32
                0x00002534                uip_lladdr
                0x0000253c                uip_aligned_buf
                0x000025c8                uip_flags
                0x000025ca                uip_next_hdr
                0x000025cc                uip_udp_conn
                0x000025ce                uip_appdata
                0x000025d0                uip_conn
                0x000025d2                uip_conns
                0x00002682                uip_listenports
                0x00002692                uip_slen
                0x00002694                uip_udp_conns
 COMMON         0x000027cc       0x14 contiki-z1.a(cc2420.o)
                0x000027cc                cc2420_last_rssi
                0x000027ce                cc2420_packets_read
                0x000027d0                cc2420_packets_seen
                0x000027d2                cc2420_sfd_start_time
                0x000027d4                cc2420_time_of_departure
                0x000027d6                cc2420_time_of_arrival
                0x000027d8                cc2420_last_correlation
                0x000027da                cc2420_authority_level_of_sender
                0x000027dc                cc2420_sfd_counter
                0x000027de                cc2420_sfd_end_time
 COMMON         0x000027e0        0x8 contiki-z1.a(node-id.o)
                0x000027e0                node_mac
 COMMON         0x000027e8        0x1 contiki-z1.a(sensors.o)
                0x000027e8                sensors_event
 *fill*         0x000027e9        0x1 00
 COMMON         0x000027ea        0x7 contiki-z1.a(adxl345.o)
                0x000027ea                accm_int2_cb
                0x000027ec                int2_event
                0x000027ee                accm_int1_cb
                0x000027f0                int1_event
 *fill*         0x000027f1        0x1 00
 COMMON         0x000027f2        0xe contiki-z1.a(i2cmaster.o)
                0x000027f2                transmit_data1
                0x000027f3                rx_byte_ctr
                0x000027f4                tx_buf_ptr
                0x000027f6                tx_byte_ctr
                0x000027f8                i
                0x000027fa                receive_data
                0x000027fb                rx_buf
                0x000027fd                transmit_data2
                0x000027fe                rx_buf_ptr
                0x00002800                . = ALIGN (0x2)
                0x00002800                __bss_end = .
                0x00001602                __bss_size = SIZEOF (.bss)

.noinit         0x00002800        0x2 load address 0x0000f4fc
                0x00002800                . = ALIGN (0x2)
                0x00002800                __noinit_start = .
 *(.noinit .noinit.*)
 .noinit.crt0   0x00002800        0x2 /usr/local/msp430/bin/../lib/gcc/msp430/4.7.0/mcpu-430x/mmpy-16/libcrt0.a(__watchdog_support.o)
                0x00002800                __wdt_clear_value
                0x00002802                . = ALIGN (0x2)
                0x00002802                __noinit_end = .
                0x00002802                . = ALIGN (0x2)
                0x00002802                _end = .

.infomem        0x00001000        0x0
                0x00001000                . = ALIGN (0x2)
 *(.infomem .infomem.*)

.infomemnobits  0x00001000        0x0
                0x00001000                . = ALIGN (0x2)
 *(.infomemnobits .infomemnobits.*)

.infoa          0x000010c0        0x0
                0x000010c0                . = ALIGN (0x2)
 *(.infoa .infoa.*)

.infob          0x00001080        0x0
                0x00001080                . = ALIGN (0x2)
 *(.infob .infob.*)

.infoc          0x00001040        0x0
                0x00001040                . = ALIGN (0x2)
 *(.infoc .infoc.*)

.infod          0x00001000        0x0
                0x00001000                . = ALIGN (0x2)
 *(.infod .infod.*)

.vectors        0x0000ffc0       0x40
                0x0000ffc0                __vectors_start = .
 *(.vectors*)
 .vectors       0x0000ffc0       0x40 /usr/local/msp430/bin/../lib/gcc/msp430/4.7.0/mcpu-430x/mmpy-16/crt0ivtbl32.o
                0x0000ffc0                __ivtbl_32
                0x00010000                _vectors_end = .

.fartext        0x00010000        0x0
                0x00010000                . = ALIGN (0x2)
 *(.fartext .fartext.*)

.far.text       0x00010000        0x0
                0x00010000                . = ALIGN (0x2)
 *(.far.text .far.text.*)

.far.rodata     0x00010000        0x0
                0x00010000                . = ALIGN (0x2)
 *(.far.rodata .far.rodata.*)
                0x00010000                . = ALIGN (0x2)
                0x00010000                _efartext = .

.far.data       0x00000000        0x0 load address 0x00010000
                0x00000000                . = ALIGN (0x2)
                0x00000000                __far_data_start = .
 *(.far.data .far.data.*)
                0x00000000                . = ALIGN (0x2)
                0x00000000                _efardata = .
                0x00010000                __far_data_load_start = LOADADDR (.far.data)
                0x00000000                __far_data_size = SIZEOF (.far.data)

.far.bss        0x00000000        0x0 load address 0x00010000
                0x00000000                . = ALIGN (0x2)
                0x00000000                __far_bss_start = .
 *(.far.bss .far.bss.*)
                0x00000000                . = ALIGN (0x2)
                0x00000000                __far_bss_end = .
                0x00000000                __far_bss_size = SIZEOF (.far.bss)
                0x00000000                . = ALIGN (0x2)
                0x00000000                _far_end = .

.profiler
 *(.profiler)

.stab
 *(.stab)

.stabstr
 *(.stabstr)

.stab.excl
 *(.stab.excl)

.stab.exclstr
 *(.stab.exclstr)

.stab.index
 *(.stab.index)

.stab.indexstr
 *(.stab.indexstr)

.comment        0x00000000       0x30
 *(.comment)
 .comment       0x00000000       0x30 udp-sink.co
                                 0x31 (size before relaxing)
 .comment       0x00000000       0x31 obj_z1/collect-common.o
 .comment       0x00000000       0x31 obj_z1/contiki-z1-main.o
 .comment       0x00000000       0x31 contiki-z1.a(rimeaddr.o)
 .comment       0x00000000       0x31 contiki-z1.a(csma.o)
 .comment       0x00000000       0x31 contiki-z1.a(contikimac.o)
 .comment       0x00000000       0x31 contiki-z1.a(phase.o)
 .comment       0x00000000       0x31 contiki-z1.a(rpl-dag.o)
 .comment       0x00000000       0x31 contiki-z1.a(rpl-icmp6.o)
 .comment       0x00000000       0x31 contiki-z1.a(rpl-timers.o)
 .comment       0x00000000       0x31 contiki-z1.a(rpl-mrhof.o)
 .comment       0x00000000       0x31 contiki-z1.a(process.o)
 .comment       0x00000000       0x31 contiki-z1.a(autostart.o)
 .comment       0x00000000       0x31 contiki-z1.a(serial-line.o)
 .comment       0x00000000       0x31 contiki-z1.a(memb.o)
 .comment       0x00000000       0x31 contiki-z1.a(timer.o)
 .comment       0x00000000       0x31 contiki-z1.a(list.o)
 .comment       0x00000000       0x31 contiki-z1.a(etimer.o)
 .comment       0x00000000       0x31 contiki-z1.a(ctimer.o)
 .comment       0x00000000       0x31 contiki-z1.a(energest.o)
 .comment       0x00000000       0x31 contiki-z1.a(rtimer.o)
 .comment       0x00000000       0x31 contiki-z1.a(stimer.o)
 .comment       0x00000000       0x31 contiki-z1.a(random.o)
 .comment       0x00000000       0x31 contiki-z1.a(ringbuf.o)
 .comment       0x00000000       0x31 contiki-z1.a(nbr-table.o)
 .comment       0x00000000       0x31 contiki-z1.a(packetbuf.o)
 .comment       0x00000000       0x31 contiki-z1.a(queuebuf.o)
 .comment       0x00000000       0x31 contiki-z1.a(sicslowpan.o)
 .comment       0x00000000       0x31 contiki-z1.a(tcpip.o)
 .comment       0x00000000       0x31 contiki-z1.a(uip-debug.o)
 .comment       0x00000000       0x31 contiki-z1.a(uip-ds6-route.o)
 .comment       0x00000000       0x31 contiki-z1.a(uip-ds6-nbr.o)
 .comment       0x00000000       0x31 contiki-z1.a(uip-ds6.o)
 .comment       0x00000000       0x31 contiki-z1.a(uip-icmp6.o)
 .comment       0x00000000       0x31 contiki-z1.a(uip-nd6.o)
 .comment       0x00000000       0x31 contiki-z1.a(uip6.o)
 .comment       0x00000000       0x31 contiki-z1.a(contiki-z1-plat)
 .comment       0x00000000       0x31 contiki-z1.a(msp430.o)
 .comment       0x00000000       0x31 contiki-z1.a(leds.o)
 .comment       0x00000000       0x31 contiki-z1.a(watchdog.o)
 .comment       0x00000000       0x31 contiki-z1.a(xmem.o)
 .comment       0x00000000       0x31 contiki-z1.a(spi.o)
 .comment       0x00000000       0x31 contiki-z1.a(cc2420.o)
 .comment       0x00000000       0x31 contiki-z1.a(cc2420-arch.o)
 .comment       0x00000000       0x31 contiki-z1.a(node-id.o)
 .comment       0x00000000       0x31 contiki-z1.a(sensors.o)
 .comment       0x00000000       0x31 contiki-z1.a(button-sensor.o)
 .comment       0x00000000       0x31 contiki-z1.a(uart0.o)
 .comment       0x00000000       0x31 contiki-z1.a(uart0-putchar.o)
 .comment       0x00000000       0x31 contiki-z1.a(adxl345.o)
 .comment       0x00000000       0x31 contiki-z1.a(clock.o)
 .comment       0x00000000       0x31 contiki-z1.a(leds-arch.o)
 .comment       0x00000000       0x31 contiki-z1.a(rtimer-arch.o)
 .comment       0x00000000       0x31 contiki-z1.a(mac.o)
 .comment       0x00000000       0x31 contiki-z1.a(framer-802154.o)
 .comment       0x00000000       0x31 contiki-z1.a(rpl.o)
 .comment       0x00000000       0x31 contiki-z1.a(rpl-ext-header.)
 .comment       0x00000000       0x31 contiki-z1.a(i2cmaster.o)
 .comment       0x00000000       0x31 contiki-z1.a(frame802154.o)
 .comment       0x00000000       0x31 /usr/local/msp430/bin/../lib/gcc/msp430/4.7.0/../../../../msp430/lib/mcpu-430x/mmpy-16/libc.a(printf.o)
 .comment       0x00000000       0x31 /usr/local/msp430/bin/../lib/gcc/msp430/4.7.0/../../../../msp430/lib/mcpu-430x/mmpy-16/libc.a(vuprintf.o)
 .comment       0x00000000       0x31 /usr/local/msp430/bin/../lib/gcc/msp430/4.7.0/../../../../msp430/lib/mcpu-430x/mmpy-16/libc.a(puts.o)
 .comment       0x00000000       0x31 /usr/local/msp430/bin/../lib/gcc/msp430/4.7.0/../../../../msp430/lib/mcpu-430x/mmpy-16/libc.a(rand.o)
 .comment       0x00000000       0x31 /usr/local/msp430/bin/../lib/gcc/msp430/4.7.0/../../../../msp430/lib/mcpu-430x/mmpy-16/libc.a(strncmp.o)
 .comment       0x00000000       0x31 /usr/local/msp430/bin/../lib/gcc/msp430/4.7.0/../../../../msp430/lib/mcpu-430x/mmpy-16/libc.a(memcmp.o)
 .comment       0x00000000       0x31 /usr/local/msp430/bin/../lib/gcc/msp430/4.7.0/../../../../msp430/lib/mcpu-430x/mmpy-16/libc.a(memcpy.o)
 .comment       0x00000000       0x31 /usr/local/msp430/bin/../lib/gcc/msp430/4.7.0/../../../../msp430/lib/mcpu-430x/mmpy-16/libc.a(memmove.o)
 .comment       0x00000000       0x31 /usr/local/msp430/bin/../lib/gcc/msp430/4.7.0/../../../../msp430/lib/mcpu-430x/mmpy-16/libc.a(memset.o)

.debug
 *(.debug)

.line
 *(.line)

.debug_srcinfo
 *(.debug_srcinfo)

.debug_sfnames
 *(.debug_sfnames)

.debug_aranges  0x00000000      0x2c0
 *(.debug_aranges)
 .debug_aranges
                0x00000000       0x20 /usr/local/msp430/bin/../lib/gcc/msp430/4.7.0/mcpu-430x/mmpy-16/crt0ivtbl32.o
 .debug_aranges
                0x00000020       0x20 /usr/local/msp430/bin/../lib/gcc/msp430/4.7.0/mcpu-430x/mmpy-16/libgcc.a(_mulsi3.o)
 .debug_aranges
                0x00000040       0x20 /usr/local/msp430/bin/../lib/gcc/msp430/4.7.0/mcpu-430x/mmpy-16/libgcc.a(_udivmod16.o)
 .debug_aranges
                0x00000060       0x20 /usr/local/msp430/bin/../lib/gcc/msp430/4.7.0/mcpu-430x/mmpy-16/libgcc.a(_divmod16.o)
 .debug_aranges
                0x00000080       0x20 /usr/local/msp430/bin/../lib/gcc/msp430/4.7.0/mcpu-430x/mmpy-16/libgcc.a(_udivmod32.o)
 .debug_aranges
                0x000000a0       0x28 /usr/local/msp430/bin/../lib/gcc/msp430/4.7.0/../../../../msp430/lib/mcpu-430x/mmpy-16/libc.a(printf.o)
 .debug_aranges
                0x000000c8       0x28 /usr/local/msp430/bin/../lib/gcc/msp430/4.7.0/../../../../msp430/lib/mcpu-430x/mmpy-16/libc.a(vuprintf.o)
 .debug_aranges
                0x000000f0       0x20 /usr/local/msp430/bin/../lib/gcc/msp430/4.7.0/../../../../msp430/lib/mcpu-430x/mmpy-16/libc.a(puts.o)
 .debug_aranges
                0x00000110       0x30 /usr/local/msp430/bin/../lib/gcc/msp430/4.7.0/../../../../msp430/lib/mcpu-430x/mmpy-16/libc.a(rand.o)
 .debug_aranges
                0x00000140       0x20 /usr/local/msp430/bin/../lib/gcc/msp430/4.7.0/../../../../msp430/lib/mcpu-430x/mmpy-16/libc.a(strncmp.o)
 .debug_aranges
                0x00000160       0x20 /usr/local/msp430/bin/../lib/gcc/msp430/4.7.0/../../../../msp430/lib/mcpu-430x/mmpy-16/libc.a(memcmp.o)
 .debug_aranges
                0x00000180       0x20 /usr/local/msp430/bin/../lib/gcc/msp430/4.7.0/../../../../msp430/lib/mcpu-430x/mmpy-16/libc.a(memcpy.o)
 .debug_aranges
                0x000001a0       0x20 /usr/local/msp430/bin/../lib/gcc/msp430/4.7.0/../../../../msp430/lib/mcpu-430x/mmpy-16/libc.a(memmove.o)
 .debug_aranges
                0x000001c0       0x20 /usr/local/msp430/bin/../lib/gcc/msp430/4.7.0/../../../../msp430/lib/mcpu-430x/mmpy-16/libc.a(memset.o)
 .debug_aranges
                0x000001e0       0x20 /usr/local/msp430/bin/../lib/gcc/msp430/4.7.0/mcpu-430x/mmpy-16/libgcc.a(_udivmod64.o)
 .debug_aranges
                0x00000200       0x20 /usr/local/msp430/bin/../lib/gcc/msp430/4.7.0/mcpu-430x/mmpy-16/libcrt0.a(__watchdog_support.o)
 .debug_aranges
                0x00000220       0x20 /usr/local/msp430/bin/../lib/gcc/msp430/4.7.0/mcpu-430x/mmpy-16/libcrt0.a(__init_stack.o)
 .debug_aranges
                0x00000240       0x20 /usr/local/msp430/bin/../lib/gcc/msp430/4.7.0/mcpu-430x/mmpy-16/libcrt0.a(_copy_data.o)
 .debug_aranges
                0x00000260       0x20 /usr/local/msp430/bin/../lib/gcc/msp430/4.7.0/mcpu-430x/mmpy-16/libcrt0.a(_clear_bss.o)
 .debug_aranges
                0x00000280       0x20 /usr/local/msp430/bin/../lib/gcc/msp430/4.7.0/mcpu-430x/mmpy-16/libcrt0.a(_endless_loop__.o)
 .debug_aranges
                0x000002a0       0x20 /usr/local/msp430/bin/../lib/gcc/msp430/4.7.0/mcpu-430x/mmpy-16/libcrt0.a(_unexpected_.o)

.debug_pubnames
 *(.debug_pubnames)

.debug_info     0x00000000     0x17bc
 *(.debug_info)
 .debug_info    0x00000000       0xac /usr/local/msp430/bin/../lib/gcc/msp430/4.7.0/mcpu-430x/mmpy-16/crt0ivtbl32.o
 .debug_info    0x000000ac       0xa9 /usr/local/msp430/bin/../lib/gcc/msp430/4.7.0/mcpu-430x/mmpy-16/libgcc.a(_mulsi3.o)
 .debug_info    0x00000155       0xa9 /usr/local/msp430/bin/../lib/gcc/msp430/4.7.0/mcpu-430x/mmpy-16/libgcc.a(_udivmod16.o)
 .debug_info    0x000001fe       0xa9 /usr/local/msp430/bin/../lib/gcc/msp430/4.7.0/mcpu-430x/mmpy-16/libgcc.a(_divmod16.o)
 .debug_info    0x000002a7       0xa9 /usr/local/msp430/bin/../lib/gcc/msp430/4.7.0/mcpu-430x/mmpy-16/libgcc.a(_udivmod32.o)
 .debug_info    0x00000350      0x18d /usr/local/msp430/bin/../lib/gcc/msp430/4.7.0/../../../../msp430/lib/mcpu-430x/mmpy-16/libc.a(printf.o)
 .debug_info    0x000004dd      0x66d /usr/local/msp430/bin/../lib/gcc/msp430/4.7.0/../../../../msp430/lib/mcpu-430x/mmpy-16/libc.a(vuprintf.o)
 .debug_info    0x00000b4a       0xe1 /usr/local/msp430/bin/../lib/gcc/msp430/4.7.0/../../../../msp430/lib/mcpu-430x/mmpy-16/libc.a(puts.o)
 .debug_info    0x00000c2b      0x172 /usr/local/msp430/bin/../lib/gcc/msp430/4.7.0/../../../../msp430/lib/mcpu-430x/mmpy-16/libc.a(rand.o)
 .debug_info    0x00000d9d       0xd8 /usr/local/msp430/bin/../lib/gcc/msp430/4.7.0/../../../../msp430/lib/mcpu-430x/mmpy-16/libc.a(strncmp.o)
 .debug_info    0x00000e75       0xff /usr/local/msp430/bin/../lib/gcc/msp430/4.7.0/../../../../msp430/lib/mcpu-430x/mmpy-16/libc.a(memcmp.o)
 .debug_info    0x00000f74      0x144 /usr/local/msp430/bin/../lib/gcc/msp430/4.7.0/../../../../msp430/lib/mcpu-430x/mmpy-16/libc.a(memcpy.o)
 .debug_info    0x000010b8      0x144 /usr/local/msp430/bin/../lib/gcc/msp430/4.7.0/../../../../msp430/lib/mcpu-430x/mmpy-16/libc.a(memmove.o)
 .debug_info    0x000011fc      0x12d /usr/local/msp430/bin/../lib/gcc/msp430/4.7.0/../../../../msp430/lib/mcpu-430x/mmpy-16/libc.a(memset.o)
 .debug_info    0x00001329       0xa9 /usr/local/msp430/bin/../lib/gcc/msp430/4.7.0/mcpu-430x/mmpy-16/libgcc.a(_udivmod64.o)
 .debug_info    0x000013d2       0xa7 /usr/local/msp430/bin/../lib/gcc/msp430/4.7.0/mcpu-430x/mmpy-16/libcrt0.a(__watchdog_support.o)
 .debug_info    0x00001479       0xa7 /usr/local/msp430/bin/../lib/gcc/msp430/4.7.0/mcpu-430x/mmpy-16/libcrt0.a(__init_stack.o)
 .debug_info    0x00001520       0xa7 /usr/local/msp430/bin/../lib/gcc/msp430/4.7.0/mcpu-430x/mmpy-16/libcrt0.a(_copy_data.o)
 .debug_info    0x000015c7       0xa7 /usr/local/msp430/bin/../lib/gcc/msp430/4.7.0/mcpu-430x/mmpy-16/libcrt0.a(_clear_bss.o)
 .debug_info    0x0000166e       0xa7 /usr/local/msp430/bin/../lib/gcc/msp430/4.7.0/mcpu-430x/mmpy-16/libcrt0.a(_endless_loop__.o)
 .debug_info    0x00001715       0xa7 /usr/local/msp430/bin/../lib/gcc/msp430/4.7.0/mcpu-430x/mmpy-16/libcrt0.a(_unexpected_.o)
 *(.gnu.linkonce.wi.*)

.debug_abbrev   0x00000000      0x8cd
 *(.debug_abbrev)
 .debug_abbrev  0x00000000       0x14 /usr/local/msp430/bin/../lib/gcc/msp430/4.7.0/mcpu-430x/mmpy-16/crt0ivtbl32.o
 .debug_abbrev  0x00000014       0x14 /usr/local/msp430/bin/../lib/gcc/msp430/4.7.0/mcpu-430x/mmpy-16/libgcc.a(_mulsi3.o)
 .debug_abbrev  0x00000028       0x14 /usr/local/msp430/bin/../lib/gcc/msp430/4.7.0/mcpu-430x/mmpy-16/libgcc.a(_udivmod16.o)
 .debug_abbrev  0x0000003c       0x14 /usr/local/msp430/bin/../lib/gcc/msp430/4.7.0/mcpu-430x/mmpy-16/libgcc.a(_divmod16.o)
 .debug_abbrev  0x00000050       0x14 /usr/local/msp430/bin/../lib/gcc/msp430/4.7.0/mcpu-430x/mmpy-16/libgcc.a(_udivmod32.o)
 .debug_abbrev  0x00000064       0xfa /usr/local/msp430/bin/../lib/gcc/msp430/4.7.0/../../../../msp430/lib/mcpu-430x/mmpy-16/libc.a(printf.o)
 .debug_abbrev  0x0000015e      0x23e /usr/local/msp430/bin/../lib/gcc/msp430/4.7.0/../../../../msp430/lib/mcpu-430x/mmpy-16/libc.a(vuprintf.o)
 .debug_abbrev  0x0000039c       0xa3 /usr/local/msp430/bin/../lib/gcc/msp430/4.7.0/../../../../msp430/lib/mcpu-430x/mmpy-16/libc.a(puts.o)
 .debug_abbrev  0x0000043f       0xfb /usr/local/msp430/bin/../lib/gcc/msp430/4.7.0/../../../../msp430/lib/mcpu-430x/mmpy-16/libc.a(rand.o)
 .debug_abbrev  0x0000053a       0x72 /usr/local/msp430/bin/../lib/gcc/msp430/4.7.0/../../../../msp430/lib/mcpu-430x/mmpy-16/libc.a(strncmp.o)
 .debug_abbrev  0x000005ac       0x9e /usr/local/msp430/bin/../lib/gcc/msp430/4.7.0/../../../../msp430/lib/mcpu-430x/mmpy-16/libc.a(memcmp.o)
 .debug_abbrev  0x0000064a       0xab /usr/local/msp430/bin/../lib/gcc/msp430/4.7.0/../../../../msp430/lib/mcpu-430x/mmpy-16/libc.a(memcpy.o)
 .debug_abbrev  0x000006f5       0xab /usr/local/msp430/bin/../lib/gcc/msp430/4.7.0/../../../../msp430/lib/mcpu-430x/mmpy-16/libc.a(memmove.o)
 .debug_abbrev  0x000007a0       0xa1 /usr/local/msp430/bin/../lib/gcc/msp430/4.7.0/../../../../msp430/lib/mcpu-430x/mmpy-16/libc.a(memset.o)
 .debug_abbrev  0x00000841       0x14 /usr/local/msp430/bin/../lib/gcc/msp430/4.7.0/mcpu-430x/mmpy-16/libgcc.a(_udivmod64.o)
 .debug_abbrev  0x00000855       0x14 /usr/local/msp430/bin/../lib/gcc/msp430/4.7.0/mcpu-430x/mmpy-16/libcrt0.a(__watchdog_support.o)
 .debug_abbrev  0x00000869       0x14 /usr/local/msp430/bin/../lib/gcc/msp430/4.7.0/mcpu-430x/mmpy-16/libcrt0.a(__init_stack.o)
 .debug_abbrev  0x0000087d       0x14 /usr/local/msp430/bin/../lib/gcc/msp430/4.7.0/mcpu-430x/mmpy-16/libcrt0.a(_copy_data.o)
 .debug_abbrev  0x00000891       0x14 /usr/local/msp430/bin/../lib/gcc/msp430/4.7.0/mcpu-430x/mmpy-16/libcrt0.a(_clear_bss.o)
 .debug_abbrev  0x000008a5       0x14 /usr/local/msp430/bin/../lib/gcc/msp430/4.7.0/mcpu-430x/mmpy-16/libcrt0.a(_endless_loop__.o)
 .debug_abbrev  0x000008b9       0x14 /usr/local/msp430/bin/../lib/gcc/msp430/4.7.0/mcpu-430x/mmpy-16/libcrt0.a(_unexpected_.o)

.debug_line     0x00000000      0xe9c
 *(.debug_line)
 .debug_line    0x00000000       0x69 /usr/local/msp430/bin/../lib/gcc/msp430/4.7.0/mcpu-430x/mmpy-16/crt0ivtbl32.o
 .debug_line    0x00000069       0x79 /usr/local/msp430/bin/../lib/gcc/msp430/4.7.0/mcpu-430x/mmpy-16/libgcc.a(_mulsi3.o)
 .debug_line    0x000000e2       0x75 /usr/local/msp430/bin/../lib/gcc/msp430/4.7.0/mcpu-430x/mmpy-16/libgcc.a(_udivmod16.o)
 .debug_line    0x00000157       0x80 /usr/local/msp430/bin/../lib/gcc/msp430/4.7.0/mcpu-430x/mmpy-16/libgcc.a(_divmod16.o)
 .debug_line    0x000001d7       0x80 /usr/local/msp430/bin/../lib/gcc/msp430/4.7.0/mcpu-430x/mmpy-16/libgcc.a(_udivmod32.o)
 .debug_line    0x00000257       0xad /usr/local/msp430/bin/../lib/gcc/msp430/4.7.0/../../../../msp430/lib/mcpu-430x/mmpy-16/libc.a(printf.o)
 .debug_line    0x00000304      0x35d /usr/local/msp430/bin/../lib/gcc/msp430/4.7.0/../../../../msp430/lib/mcpu-430x/mmpy-16/libc.a(vuprintf.o)
 .debug_line    0x00000661       0x67 /usr/local/msp430/bin/../lib/gcc/msp430/4.7.0/../../../../msp430/lib/mcpu-430x/mmpy-16/libc.a(puts.o)
 .debug_line    0x000006c8       0x6e /usr/local/msp430/bin/../lib/gcc/msp430/4.7.0/../../../../msp430/lib/mcpu-430x/mmpy-16/libc.a(rand.o)
 .debug_line    0x00000736       0x91 /usr/local/msp430/bin/../lib/gcc/msp430/4.7.0/../../../../msp430/lib/mcpu-430x/mmpy-16/libc.a(strncmp.o)
 .debug_line    0x000007c7       0x91 /usr/local/msp430/bin/../lib/gcc/msp430/4.7.0/../../../../msp430/lib/mcpu-430x/mmpy-16/libc.a(memcmp.o)
 .debug_line    0x00000858      0x11a /usr/local/msp430/bin/../lib/gcc/msp430/4.7.0/../../../../msp430/lib/mcpu-430x/mmpy-16/libc.a(memcpy.o)
 .debug_line    0x00000972      0x119 /usr/local/msp430/bin/../lib/gcc/msp430/4.7.0/../../../../msp430/lib/mcpu-430x/mmpy-16/libc.a(memmove.o)
 .debug_line    0x00000a8b       0xf4 /usr/local/msp430/bin/../lib/gcc/msp430/4.7.0/../../../../msp430/lib/mcpu-430x/mmpy-16/libc.a(memset.o)