Archive member included because of file (symbol)

obj_cooja/mtype967.a(rimeaddr.o)
                              obj_cooja/mtype967.o (rimeaddr_node_addr)
obj_cooja/mtype967.a(nullrdc.o)
                              obj_cooja/mtype967.o (nullrdc_driver)
obj_cooja/mtype967.a(mac.o)   obj_cooja/mtype967.a(nullrdc.o) (mac_call_sent_callback)
obj_cooja/mtype967.a(framer-802154.o)
                              obj_cooja/mtype967.a(nullrdc.o) (framer_802154)
obj_cooja/mtype967.a(csma.o)  obj_cooja/mtype967.o (csma_driver)
obj_cooja/mtype967.a(process.o)
                              udp-client.co (process_current)
obj_cooja/mtype967.a(autostart.o)
                              obj_cooja/mtype967.o (autostart_start)
obj_cooja/mtype967.a(serial-line.o)
                              obj_cooja/mtype967.o (serial_line_init)
obj_cooja/mtype967.a(memb.o)  obj_cooja/mtype967.a(csma.o) (memb_init)
obj_cooja/mtype967.a(list.o)  obj_cooja/mtype967.a(csma.o) (list_init)
obj_cooja/mtype967.a(etimer.o)
                              obj_cooja/mtype967.o (etimer_process)
obj_cooja/mtype967.a(ctimer.o)
                              obj_cooja/mtype967.o (ctimer_init)
obj_cooja/mtype967.a(random.o)
                              udp-client.co (random_rand)
obj_cooja/mtype967.a(ringbuf.o)
                              obj_cooja/mtype967.a(serial-line.o) (ringbuf_init)
obj_cooja/mtype967.a(netstack.o)
                              obj_cooja/mtype967.o (netstack_init)
obj_cooja/mtype967.a(packetbuf.o)
                              obj_cooja/mtype967.a(nullrdc.o) (packetbuf_attrs)
obj_cooja/mtype967.a(queuebuf.o)
                              obj_cooja/mtype967.o (queuebuf_init)
obj_cooja/mtype967.a(sicslowpan.o)
                              obj_cooja/mtype967.o (sicslowpan_driver)
obj_cooja/mtype967.a(tcpip.o)
                              udp-client.co (tcpip_event)
obj_cooja/mtype967.a(uip-debug.o)
                              udp-client.co (uip_debug_ipaddr_print)
obj_cooja/mtype967.a(uip-ds6-route.o)
                              obj_cooja/mtype967.a(tcpip.o) (uip_ds6_route_nexthop)
obj_cooja/mtype967.a(uip-ds6-nbr.o)
                              obj_cooja/mtype967.a(tcpip.o) (uip_ds6_nbr_add)
obj_cooja/mtype967.a(uip-ds6.o)
                              obj_cooja/mtype967.a(tcpip.o) (uip_ds6_timer_periodic)
obj_cooja/mtype967.a(uip-nd6.o)
                              obj_cooja/mtype967.a(tcpip.o) (uip_nd6_ns_output)
obj_cooja/mtype967.a(uip-packetqueue)
                              obj_cooja/mtype967.a(uip-ds6-nbr.o) (uip_packetqueue_new)
obj_cooja/mtype967.a(uip-udp-packet.)
                              udp-client.co (uip_udp_packet_sendto)
obj_cooja/mtype967.a(uip6.o)  udp-client.co (uip_lladdr)
obj_cooja/mtype967.a(simEnvChange.o)
                              obj_cooja/mtype967.o (simDontFallAsleep)
obj_cooja/mtype967.a(cooja_mt.o)
                              obj_cooja/mtype967.o (cooja_mt_start)
obj_cooja/mtype967.a(cooja_mtarch.o)
                              obj_cooja/mtype967.a(cooja_mt.o) (cooja_mtarch_init)
obj_cooja/mtype967.a(rtimer-arch.o)
                              obj_cooja/mtype967.o (rtimer_arch_next)
obj_cooja/mtype967.a(watchdog.o)
                              obj_cooja/mtype967.a(nullrdc.o) (watchdog_periodic)
obj_cooja/mtype967.a(beep.o)  obj_cooja/mtype967.o (beep_interface)
obj_cooja/mtype967.a(button-sensor.o)
                              obj_cooja/mtype967.o (button_interface)
obj_cooja/mtype967.a(leds-arch.o)
                              obj_cooja/mtype967.o (leds_interface)
obj_cooja/mtype967.a(moteid.o)
                              obj_cooja/mtype967.o (moteid_interface)
obj_cooja/mtype967.a(pir-sensor.o)
                              obj_cooja/mtype967.o (pir_interface)
obj_cooja/mtype967.a(rs232.o)
                              obj_cooja/mtype967.o (rs232_interface)
obj_cooja/mtype967.a(vib-sensor.o)
                              obj_cooja/mtype967.o (vib_interface)
obj_cooja/mtype967.a(clock.o)
                              obj_cooja/mtype967.o (clock_interface)
obj_cooja/mtype967.a(log.o)   obj_cooja/mtype967.o (simlog_interface)
obj_cooja/mtype967.a(cfs-cooja.o)
                              obj_cooja/mtype967.o (cfs_interface)
obj_cooja/mtype967.a(cooja-radio.o)
                              obj_cooja/mtype967.o (radio_interface)
obj_cooja/mtype967.a(sensors.o)
                              obj_cooja/mtype967.o (sensors_process)
obj_cooja/mtype967.a(rimestats.o)
                              obj_cooja/mtype967.a(nullrdc.o) (rimestats)
obj_cooja/mtype967.a(frame802154.o)
                              obj_cooja/mtype967.a(framer-802154.o) (frame802154_hdrlen)
obj_cooja/mtype967.a(rpl.o)   obj_cooja/mtype967.a(uip-ds6-nbr.o) (rpl_link_neighbor_callback)
obj_cooja/mtype967.a(rpl-dag.o)
                              obj_cooja/mtype967.a(rpl.o) (instance_table)
obj_cooja/mtype967.a(rpl-icmp6.o)
                              obj_cooja/mtype967.a(rpl-dag.o) (dao_output)
[...]
Memory Configuration

Name             Origin             Length             Attributes
*default*        0x0000000000000000 0xffffffffffffffff

Linker script and memory map

LOAD /usr/lib/gcc/i686-linux-gnu/4.6/../../../i386-linux-gnu/crti.o
LOAD /usr/lib/gcc/i686-linux-gnu/4.6/crtbeginS.o
LOAD udp-client.co
LOAD obj_cooja/mtype967.o
LOAD obj_cooja/mtype967.a
LOAD /usr/lib/gcc/i686-linux-gnu/4.6/libgcc.a
LOAD /usr/lib/gcc/i686-linux-gnu/4.6/libgcc_s.so
LOAD /usr/lib/gcc/i686-linux-gnu/4.6/../../../i386-linux-gnu/libc.so
START GROUP
LOAD /lib/i386-linux-gnu/libc.so.6
LOAD /usr/lib/i386-linux-gnu/libc_nonshared.a
LOAD /lib/i386-linux-gnu/ld-linux.so.2
END GROUP
LOAD /usr/lib/gcc/i686-linux-gnu/4.6/libgcc.a
LOAD /usr/lib/gcc/i686-linux-gnu/4.6/libgcc_s.so
LOAD /usr/lib/gcc/i686-linux-gnu/4.6/crtendS.o
LOAD /usr/lib/gcc/i686-linux-gnu/4.6/../../../i386-linux-gnu/crtn.o
                0x0000000000000114                . = (0x0 + SIZEOF_HEADERS)

.note.gnu.build-id
                0x0000000000000114       0x24
 *(.note.gnu.build-id)
 .note.gnu.build-id
                0x0000000000000114       0x24 /usr/lib/gcc/i686-linux-gnu/4.6/../../../i386-linux-gnu/crti.o

.hash
 *(.hash)

.gnu.hash       0x0000000000000138      0xd7c
 *(.gnu.hash)
 .gnu.hash      0x0000000000000138      0xd7c /usr/lib/gcc/i686-linux-gnu/4.6/../../../i386-linux-gnu/crti.o

.dynsym         0x0000000000000eb4     0x1e20
 *(.dynsym)
 .dynsym        0x0000000000000eb4     0x1e20 /usr/lib/gcc/i686-linux-gnu/4.6/../../../i386-linux-gnu/crti.o

.dynstr         0x0000000000002cd4     0x1e58
 *(.dynstr)
 .dynstr        0x0000000000002cd4     0x1e58 /usr/lib/gcc/i686-linux-gnu/4.6/../../../i386-linux-gnu/crti.o

.gnu.version    0x0000000000004b2c      0x3c4
 *(.gnu.version)
 .gnu.version   0x0000000000004b2c      0x3c4 /usr/lib/gcc/i686-linux-gnu/4.6/../../../i386-linux-gnu/crti.o

.gnu.version_d  0x0000000000004ef0        0x0
 *(.gnu.version_d)
 .gnu.version_d
                0x0000000000000000        0x0 /usr/lib/gcc/i686-linux-gnu/4.6/../../../i386-linux-gnu/crti.o

.gnu.version_r  0x0000000000004ef0       0x40
 *(.gnu.version_r)
 .gnu.version_r
                0x0000000000004ef0       0x40 /usr/lib/gcc/i686-linux-gnu/4.6/../../../i386-linux-gnu/crti.o

.rel.dyn        0x0000000000004f30     0x80a0
 *(.rel.init)
 *(.rel.text .rel.text.* .rel.gnu.linkonce.t.*)
 .rel.text      0x0000000000004f30     0x7908 /usr/lib/gcc/i686-linux-gnu/4.6/../../../i386-linux-gnu/crti.o
 *(.rel.fini)
 *(.rel.rodata .rel.rodata.* .rel.gnu.linkonce.r.*)
 .rel.rodata    0x000000000000c838      0x568 /usr/lib/gcc/i686-linux-gnu/4.6/../../../i386-linux-gnu/crti.o
 *(.rel.data.rel.ro* .rel.gnu.linkonce.d.rel.ro.*)
 *(.rel.data .rel.data.* .rel.gnu.linkonce.d.*)
 .rel.data.rel  0x000000000000cda0        0x8 /usr/lib/gcc/i686-linux-gnu/4.6/../../../i386-linux-gnu/crti.o
 .rel.data      0x000000000000cda8      0x210 /usr/lib/gcc/i686-linux-gnu/4.6/../../../i386-linux-gnu/crti.o
 *(.rel.tdata .rel.tdata.* .rel.gnu.linkonce.td.*)
 *(.rel.tbss .rel.tbss.* .rel.gnu.linkonce.tb.*)
 *(.rel.ctors)
 *(.rel.dtors)
 *(.rel.got)
 .rel.got       0x000000000000cfb8       0x18 /usr/lib/gcc/i686-linux-gnu/4.6/../../../i386-linux-gnu/crti.o
 *(.rel.bss .rel.bss.* .rel.gnu.linkonce.b.*)
 *(.rel.ifunc)
 .rel.ifunc     0x0000000000000000        0x0 /usr/lib/gcc/i686-linux-gnu/4.6/../../../i386-linux-gnu/crti.o

.rel.plt        0x000000000000cfd0       0x10
 *(.rel.plt)
 .rel.plt       0x000000000000cfd0       0x10 /usr/lib/gcc/i686-linux-gnu/4.6/../../../i386-linux-gnu/crti.o
 *(.rel.iplt)

.init           0x000000000000cfe0       0x2e
 *(.init)
 .init          0x000000000000cfe0       0x1f /usr/lib/gcc/i686-linux-gnu/4.6/../../../i386-linux-gnu/crti.o
                0x000000000000cfe0                _init
 .init          0x000000000000cfff        0x5 /usr/lib/gcc/i686-linux-gnu/4.6/crtbeginS.o
 .init          0x000000000000d004        0x5 /usr/lib/gcc/i686-linux-gnu/4.6/crtendS.o
 .init          0x000000000000d009        0x5 /usr/lib/gcc/i686-linux-gnu/4.6/../../../i386-linux-gnu/crtn.o

.plt            0x000000000000d010       0x30
 *(.plt)
 .plt           0x000000000000d010       0x30 /usr/lib/gcc/i686-linux-gnu/4.6/../../../i386-linux-gnu/crti.o
 *(.iplt)

.text           0x000000000000d040    0x132d8
 *(.text.unlikely .text.*_unlikely)
 *(.text.exit .text.exit.*)
 *(.text.startup .text.startup.*)
 *(.text.hot .text.hot.*)
 *(.text .stub .text.* .gnu.linkonce.t.*)
 .text          0x000000000000d040        0x0 /usr/lib/gcc/i686-linux-gnu/4.6/../../../i386-linux-gnu/crti.o
 .text          0x000000000000d040       0xb7 /usr/lib/gcc/i686-linux-gnu/4.6/crtbeginS.o
 .text.__i686.get_pc_thunk.bx
                0x000000000000d0f7        0x4 /usr/lib/gcc/i686-linux-gnu/4.6/crtbeginS.o
                0x000000000000d0f7                __i686.get_pc_thunk.bx
 *fill*         0x000000000000d0fb        0x1 90909090
 .text          0x000000000000d0fc      0x4a5 udp-client.co
 *fill*         0x000000000000d5a1        0x3 90909090
 .text          0x000000000000d5a4      0x72e obj_cooja/mtype967.o
                0x000000000000d6d0                contiki_init
                0x000000000000daee                Java_se_sics_cooja_corecomm_Lib2_init
                0x000000000000db2e                Java_se_sics_cooja_corecomm_Lib2_getMemory
                0x000000000000db6b                Java_se_sics_cooja_corecomm_Lib2_setMemory
                0x000000000000dbdf                Java_se_sics_cooja_corecomm_Lib2_tick
                0x000000000000dcc0                Java_se_sics_cooja_corecomm_Lib2_setReferenceAddress
 *fill*         0x000000000000dcd2        0x2 90909090
 .text          0x000000000000dcd4       0x5a obj_cooja/mtype967.a(rimeaddr.o)
                0x000000000000dcd4                rimeaddr_copy
                0x000000000000dce9                rimeaddr_cmp
                0x000000000000dd13                rimeaddr_set_node_addr
 *fill*         0x000000000000dd2e        0x2 90909090
 .text          0x000000000000dd30      0x546 obj_cooja/mtype967.a(nullrdc.o)
 *fill*         0x000000000000e276        0x2 90909090
 .text          0x000000000000e278       0x3c obj_cooja/mtype967.a(mac.o)
                0x000000000000e278                mac_call_sent_callback
 .text          0x000000000000e2b4      0x3d9 obj_cooja/mtype967.a(framer-802154.o)
 *fill*         0x000000000000e68d        0x3 90909090
 .text          0x000000000000e690      0x729 obj_cooja/mtype967.a(csma.o)
 *fill*         0x000000000000edb9        0x3 90909090
 .text          0x000000000000edbc      0x568 obj_cooja/mtype967.a(process.o)
                0x000000000000edbc                process_alloc_event
                0x000000000000edd4                process_start
                0x000000000000efc0                process_exit
                0x000000000000efdc                process_init
                0x000000000000f1af                process_run
                0x000000000000f1e2                process_nevents
                0x000000000000f1fd                process_post
                0x000000000000f2a9                process_post_synch
                0x000000000000f2e1                process_poll
                0x000000000000f310                process_is_running
 .text          0x000000000000f324       0x76 obj_cooja/mtype967.a(autostart.o)
                0x000000000000f324                autostart_start
                0x000000000000f363                autostart_exit
 *fill*         0x000000000000f39a        0x2 90909090
 .text          0x000000000000f39c      0x1ec obj_cooja/mtype967.a(serial-line.o)
                0x000000000000f39c                serial_line_input_byte
                0x000000000000f550                serial_line_init
 .text          0x000000000000f588      0x17d obj_cooja/mtype967.a(memb.o)
                0x000000000000f588                memb_init
                0x000000000000f5e6                memb_alloc
                0x000000000000f64b                memb_free
                0x000000000000f6c6                memb_inmemb
 *fill*         0x000000000000f705        0x3 90909090
 .text          0x000000000000f708      0x245 obj_cooja/mtype967.a(list.o)
                0x000000000000f708                list_init
                0x000000000000f716                list_head
                0x000000000000f720                list_copy
                0x000000000000f72f                list_tail
                0x000000000000f765                list_add
                0x000000000000f7ae                list_push
                0x000000000000f7da                list_chop
                0x000000000000f844                list_pop
                0x000000000000f86c                list_remove
                0x000000000000f8d4                list_length
                0x000000000000f902                list_insert
                0x000000000000f936                list_item_next
 *fill*         0x000000000000f94d        0x3 90909090
 .text          0x000000000000f950      0x3f0 obj_cooja/mtype967.a(etimer.o)
                0x000000000000fb6f                etimer_request_poll
                0x000000000000fbf3                etimer_set
                0x000000000000fc18                etimer_reset
                0x000000000000fc36                etimer_restart
                0x000000000000fc54                etimer_adjust
                0x000000000000fc70                etimer_expired
                0x000000000000fc83                etimer_expiration_time
                0x000000000000fc95                etimer_start_time
                0x000000000000fc9f                etimer_pending
                0x000000000000fcb1                etimer_next_expiration_time
                0x000000000000fccb                etimer_stop
 .text          0x000000000000fd40      0x346 obj_cooja/mtype967.a(ctimer.o)
                0x000000000000fe5b                ctimer_init
                0x000000000000fe8b                ctimer_set
                0x000000000000ff1e                ctimer_reset
                0x000000000000ff81                ctimer_restart
                0x000000000000ffe4                ctimer_stop
                0x000000000001002f                ctimer_expired
 *fill*         0x0000000000010086        0x2 90909090
 .text          0x0000000000010088       0x28 obj_cooja/mtype967.a(random.o)
                0x0000000000010088                random_init
                0x00000000000100a3                random_rand
 .text          0x00000000000100b0      0x155 obj_cooja/mtype967.a(ringbuf.o)
                0x00000000000100b0                ringbuf_init
                0x00000000000100e1                ringbuf_put
                0x000000000001015f                ringbuf_get
                0x00000000000101cc                ringbuf_size
                0x00000000000101de                ringbuf_elements
 *fill*         0x0000000000010205        0x3 90909090
 .text          0x0000000000010208       0x24 obj_cooja/mtype967.a(netstack.o)
                0x0000000000010208                netstack_init
 .text          0x000000000001022c      0x578 obj_cooja/mtype967.a(packetbuf.o)
                0x000000000001022c                packetbuf_clear
                0x0000000000010263                packetbuf_clear_hdr
                0x000000000001026f                packetbuf_copyfrom
                0x00000000000102c1                packetbuf_compact
                0x000000000001035f                packetbuf_copyto_hdr
                0x00000000000103b9                packetbuf_copyto
                0x000000000001049c                packetbuf_hdralloc
                0x00000000000104e6                packetbuf_hdr_remove
                0x00000000000104fe                packetbuf_hdrreduce
                0x0000000000010549                packetbuf_set_datalen
                0x0000000000010562                packetbuf_dataptr
                0x000000000001057b                packetbuf_hdrptr
                0x0000000000010592                packetbuf_reference
                0x00000000000105b8                packetbuf_is_reference
                0x00000000000105d2                packetbuf_reference_ptr
                0x00000000000105dc                packetbuf_datalen
                0x00000000000105e8                packetbuf_hdrlen
                0x00000000000105ff                packetbuf_totlen
                0x0000000000010615                packetbuf_attr_clear
                0x000000000001066b                packetbuf_attr_copyto
                0x0000000000010708                packetbuf_attr_copyfrom
 .text          0x00000000000107a4      0x36c obj_cooja/mtype967.a(queuebuf.o)
                0x00000000000107ae                queuebuf_init
                0x00000000000107da                queuebuf_new_from_packetbuf
                0x00000000000108a5                queuebuf_update_attr_from_packetbuf
                0x00000000000108d8                queuebuf_free
                0x000000000001094b                queuebuf_to_packetbuf
                0x0000000000010a33                queuebuf_dataptr
                0x0000000000010a92                queuebuf_datalen
                0x0000000000010ab1                queuebuf_addr
                0x0000000000010ae0                queuebuf_attr
                0x0000000000010b0b                queuebuf_debug_print
 .text          0x0000000000010b10     0x21a5 obj_cooja/mtype967.a(sicslowpan.o)
                0x0000000000010b89                rime_sniffer_add
                0x0000000000010b96                rime_sniffer_remove
                0x0000000000012c5e                sicslowpan_init
 *fill*         0x0000000000012cb5        0x3 90909090
 .text          0x0000000000012cb8      0xbdb obj_cooja/mtype967.a(tcpip.o)
                0x0000000000012cb8                tcpip_output
                0x0000000000012ce7                tcpip_set_outputfunc
                0x0000000000012d7b                tcp_connect
                0x0000000000012dd0                tcp_unlisten
                0x0000000000012e3e                tcp_listen
                0x0000000000012eaa                tcp_attach
                0x0000000000012ecf                udp_attach
                0x0000000000012ef4                udp_new
                0x0000000000012f46                udp_broadcast_new
                0x00000000000131f3                tcpip_input
                0x0000000000013227                tcpip_ipv6_output
                0x00000000000136aa                tcpip_poll_udp
                0x00000000000136cd                tcpip_poll_tcp
                0x00000000000136f0                tcpip_uipcall
 *fill*         0x0000000000013893        0x1 90909090
 .text          0x0000000000013894      0x120 obj_cooja/mtype967.a(uip-debug.o)
                0x0000000000013894                uip_debug_ipaddr_print
                0x0000000000013967                uip_debug_lladdr_print
 .text          0x00000000000139b4      0x78c obj_cooja/mtype967.a(uip-ds6-route.o)
                0x0000000000013a2b                uip_ds6_notification_add
                0x0000000000013a5c                uip_ds6_notification_rm
                0x0000000000013a78                uip_ds6_route_init
                0x0000000000013af3                uip_ds6_route_nexthop
                0x0000000000013b1b                uip_ds6_route_head
                0x0000000000013b5c                uip_ds6_route_next
                0x0000000000013bb8                uip_ds6_route_num_routes
                0x0000000000013bc2                uip_ds6_route_lookup
                0x0000000000013c3c                uip_ds6_route_add
                0x0000000000013d8c                uip_ds6_route_rm
                0x0000000000013eac                uip_ds6_route_rm_by_nexthop
                0x0000000000013ee4                uip_ds6_defrt_add
                0x0000000000013f95                uip_ds6_defrt_rm
                0x0000000000014014                uip_ds6_defrt_lookup
                0x000000000001406d                uip_ds6_defrt_choose
                0x00000000000140d8                uip_ds6_defrt_periodic
 .text          0x0000000000014140      0x568 obj_cooja/mtype967.a(uip-ds6-nbr.o)
                0x000000000001415d                uip_ds6_neighbors_init
                0x000000000001417a                uip_ds6_nbr_add
                0x0000000000014235                uip_ds6_nbr_rm
                0x0000000000014270                uip_ds6_nbr_get_ipaddr
                0x0000000000014285                uip_ds6_nbr_get_ll
                0x00000000000142a1                uip_ds6_nbr_num
                0x00000000000142e6                uip_ds6_nbr_lookup
                0x000000000001434b                uip_ds6_nbr_ll_lookup
                0x0000000000014367                uip_ds6_nbr_ipaddr_from_lladdr
                0x000000000001438d                uip_ds6_nbr_lladdr_from_ipaddr
                0x00000000000143bb                uip_ds6_link_neighbor_callback
                0x0000000000014405                uip_ds6_neighbor_periodic
                0x000000000001462f                uip_ds6_get_least_lifetime_neighbor
 .text          0x00000000000146a8      0xb6b obj_cooja/mtype967.a(uip-ds6.o)
                0x00000000000146a8                uip_ds6_init
                0x0000000000014873                uip_ds6_periodic
                0x00000000000148f0                uip_ds6_list_loop
                0x0000000000014993                uip_ds6_prefix_add
                0x0000000000014a51                uip_ds6_prefix_rm
                0x0000000000014a62                uip_ds6_prefix_lookup
                0x0000000000014ab3                uip_ds6_is_addr_onlink
                0x0000000000014b27                uip_ds6_addr_add
                0x0000000000014c55                uip_ds6_addr_rm
                0x0000000000014cf4                uip_ds6_addr_lookup
                0x0000000000014d3f                uip_ds6_get_link_local
                0x0000000000014dbe                uip_ds6_get_global
                0x0000000000014e3d                uip_ds6_maddr_add
                0x0000000000014eaf                uip_ds6_maddr_rm
                0x0000000000014ec0                uip_ds6_maddr_lookup
                0x0000000000014f0b                uip_ds6_aaddr_add
                0x0000000000014f7d                uip_ds6_aaddr_rm
                0x0000000000014f8e                uip_ds6_aaddr_lookup
                0x0000000000014fd9                uip_ds6_select_src
                0x000000000001511e                uip_ds6_set_addr_iid
                0x0000000000015148                get_match_length
                0x00000000000151c7                uip_ds6_compute_reachable_time
 *fill*         0x0000000000015213        0x1 90909090
 .text          0x0000000000015214      0xd5b obj_cooja/mtype967.a(uip-nd6.o)
                0x000000000001525c                uip_nd6_ns_input
                0x0000000000015810                uip_nd6_ns_output
                0x0000000000015b08                uip_nd6_na_input
 *fill*         0x0000000000015f6f        0x1 90909090
 .text          0x0000000000015f70      0x141 obj_cooja/mtype967.a(uip-packetqueue)
                0x0000000000015f9c                uip_packetqueue_new
                0x0000000000015faa                uip_packetqueue_alloc
                0x000000000001600a                uip_packetqueue_free
                0x000000000001604b                uip_packetqueue_buf
                0x0000000000016068                uip_packetqueue_buflen
                0x0000000000016089                uip_packetqueue_set_buflen
 *fill*         0x00000000000160b1        0x3 90909090
 .text          0x00000000000160b4      0x134 obj_cooja/mtype967.a(uip-udp-packet.)
                0x00000000000160b4                uip_udp_packet_send
                0x0000000000016117                uip_udp_packet_sendto
 .text          0x00000000000161e8     0x2922 obj_cooja/mtype967.a(uip6.o)
                0x00000000000161e8                uip_add32
                0x0000000000016376                uip_chksum
                0x0000000000016467                uip_icmp6chksum
                0x000000000001647b                uip_tcpchksum
                0x000000000001648f                uip_udpchksum
                0x00000000000164a3                uip_init
                0x0000000000016569                uip_connect
                0x0000000000016719                remove_ext_hdr
                0x00000000000167f3                uip_udp_new
                0x0000000000016953                uip_unlisten
                0x00000000000169b3                uip_listen
                0x0000000000016c75                uip_process
                0x0000000000018a48                uip_htons
                0x0000000000018a6a                uip_htonl
                0x0000000000018aaa                uip_send
 *fill*         0x0000000000018b0a        0x2 90909090
 .text          0x0000000000018b0c       0x63 obj_cooja/mtype967.a(simEnvChange.o)
                0x0000000000018b0c                doActionsBeforeTick
                0x0000000000018b3d                doActionsAfterTick
 *fill*         0x0000000000018b6f        0x1 90909090
 .text          0x0000000000018b70       0xbc obj_cooja/mtype967.a(cooja_mt.o)
                0x0000000000018b70                cooja_mt_init
                0x0000000000018b7d                cooja_mt_remove
                0x0000000000018b8a                cooja_mt_start
                0x0000000000018bb7                cooja_mt_exec
                0x0000000000018be8                cooja_mt_exit
                0x0000000000018c0a                cooja_mt_yield
 .text          0x0000000000018c2c      0x15b obj_cooja/mtype967.a(cooja_mtarch.o)
                0x0000000000018c2c                cooja_mtarch_init
                0x0000000000018c31                cooja_mtarch_start
                0x0000000000018cf2                cooja_sw
                0x0000000000018d14                cooja_mtarch_exec
                0x0000000000018d30                cooja_mtarch_remove
                0x0000000000018d35                cooja_mtarch_yield
                0x0000000000018d3f                cooja_mtarch_pstop
                0x0000000000018d44                cooja_mtarch_pstart
                0x0000000000018d49                cooja_mtarch_stack_usage
 *fill*         0x0000000000018d87        0x1 90909090
 .text          0x0000000000018d88       0xc2 obj_cooja/mtype967.a(rtimer-arch.o)
                0x0000000000018d88                rtimer_arch_init
                0x0000000000018dab                rtimer_arch_schedule
                0x0000000000018dc2                rtimer_arch_next
                0x0000000000018dcc                rtimer_arch_pending
                0x0000000000018dd6                rtimer_arch_check
                0x0000000000018e08                rtimer_arch_now
 *fill*         0x0000000000018e4a        0x2 90909090
 .text          0x0000000000018e4c       0x19 obj_cooja/mtype967.a(watchdog.o)
                0x0000000000018e4c                watchdog_init
                0x0000000000018e51                watchdog_start
                0x0000000000018e56                watchdog_periodic
                0x0000000000018e5b                watchdog_stop
                0x0000000000018e60                watchdog_reboot
 *fill*         0x0000000000018e65        0x3 90909090
 .text          0x0000000000018e68       0x76 obj_cooja/mtype967.a(beep.o)
                0x0000000000018e68                beep_alarm
                0x0000000000018e74                beep_beep
                0x0000000000018e80                beep
                0x0000000000018e8c                beep_down
                0x0000000000018e98                beep_on
                0x0000000000018ea4                beep_off
                0x0000000000018eb0                beep_spinup
                0x0000000000018ebc                beep_quick
                0x0000000000018ec8                beep_long
 *fill*         0x0000000000018ede        0x2 90909090
 .text          0x0000000000018ee0      0x103 obj_cooja/mtype967.a(button-sensor.o)
 *fill*         0x0000000000018fe3        0x1 90909090
 .text          0x0000000000018fe4       0x45 obj_cooja/mtype967.a(leds-arch.o)
                0x0000000000018fe4                leds_arch_init
                0x0000000000018ff0                leds_arch_get
                0x0000000000018ffc                leds_arch_set
 *fill*         0x0000000000019029        0x3 90909090
 .text          0x000000000001902c       0x2f obj_cooja/mtype967.a(moteid.o)
 *fill*         0x000000000001905b        0x1 90909090
 .text          0x000000000001905c       0xb1 obj_cooja/mtype967.a(pir-sensor.o)
 *fill*         0x000000000001910d        0x3 90909090
 .text          0x0000000000019110      0x132 obj_cooja/mtype967.a(rs232.o)
                0x0000000000019110                rs232_init
                0x0000000000019115                rs232_set_speed
                0x0000000000019123                rs232_set_input
                0x0000000000019130                rs232_send
                0x0000000000019153                rs232_print
                0x000000000001916f                slip_arch_writeb
 *fill*         0x0000000000019242        0x2 90909090
 .text          0x0000000000019244       0xb1 obj_cooja/mtype967.a(vib-sensor.o)
 *fill*         0x00000000000192f5        0x3 90909090
 .text          0x00000000000192f8       0x3d obj_cooja/mtype967.a(clock.o)
                0x00000000000192f8                clock_init
                0x00000000000192fd                clock_time
                0x0000000000019307                clock_seconds
                0x0000000000019326                clock_delay
 *fill*         0x0000000000019335        0x3 90909090
 .text          0x0000000000019338      0x234 obj_cooja/mtype967.a(log.o)
                0x0000000000019338                simlog_char
                0x000000000001937b                simlog
                0x000000000001942c                log_message
                0x0000000000019454                log_set_putchar_with_slip
                0x0000000000019461                log_putchar
                0x00000000000194e5                log_puts
                0x0000000000019509                log_printf
 .text          0x000000000001956c      0x26d obj_cooja/mtype967.a(cfs-cooja.o)
                0x000000000001956c                cfs_open
                0x00000000000195b7                cfs_close
                0x00000000000195c3                cfs_read
                0x0000000000019656                cfs_write
                0x0000000000019711                cfs_seek
                0x0000000000019793                cfs_remove
                0x00000000000197b6                cfs_opendir
                0x00000000000197c0                cfs_readdir
                0x00000000000197ca                cfs_closedir
 *fill*         0x00000000000197d9        0x3 90909090
 .text          0x00000000000197dc      0x353 obj_cooja/mtype967.a(cooja-radio.o)
                0x00000000000197dc                radio_set_channel
                0x00000000000197e9                radio_set_txpower
                0x0000000000019800                radio_signal_strength_last
                0x000000000001980a                radio_signal_strength_current
 *fill*         0x0000000000019b2f        0x1 90909090
 .text          0x0000000000019b30      0x2ba obj_cooja/mtype967.a(sensors.o)
                0x0000000000019b6b                sensors_first
                0x0000000000019b75                sensors_next
                0x0000000000019b92                sensors_changed
                0x0000000000019bc1                sensors_find
 *fill*         0x0000000000019dea        0x2 90909090
 .text          0x0000000000019dec        0x0 obj_cooja/mtype967.a(rimestats.o)
 .text          0x0000000000019dec      0x5ad obj_cooja/mtype967.a(frame802154.o)
                0x0000000000019ee3                frame802154_hdrlen
                0x0000000000019f2b                frame802154_create
                0x000000000001a0fe                frame802154_parse
 *fill*         0x000000000001a399        0x3 90909090
 .text          0x000000000001a39c      0x3de obj_cooja/mtype967.a(rpl.o)
                0x000000000001a39c                rpl_purge_routes
                0x000000000001a496                rpl_remove_routes
                0x000000000001a4dc                rpl_remove_routes_by_nexthop
                0x000000000001a548                rpl_add_route
                0x000000000001a5b8                rpl_link_neighbor_callback
                0x000000000001a6a3                rpl_ipv6_neighbor_callback
                0x000000000001a707                rpl_init
 *fill*         0x000000000001a77a        0x2 90909090
 .text          0x000000000001a77c     0x204a obj_cooja/mtype967.a(rpl-dag.o)
                0x000000000001a77c                rpl_dag_init
                0x000000000001a799                rpl_get_parent_rank
                0x000000000001a7cc                rpl_get_parent_link_metric
                0x000000000001a7ff                rpl_get_parent_ipaddr
                0x000000000001ab18                rpl_set_root
                0x000000000001ace9                rpl_repair_root
                0x000000000001af2d                rpl_set_prefix
                0x000000000001b03b                rpl_set_default_route
                0x000000000001b0e0                rpl_alloc_instance
                0x000000000001b1b9                rpl_alloc_dag
                0x000000000001b2cb                rpl_set_default_instance
                0x000000000001b2d8                rpl_free_instance
                0x000000000001b369                rpl_free_dag
                0x000000000001b3cf                rpl_add_parent
                0x000000000001b471                rpl_find_parent
                0x000000000001b4cb                rpl_find_parent_any_dag
                0x000000000001b509                rpl_select_dag
                0x000000000001b824                rpl_select_parent
                0x000000000001b8f9                rpl_remove_parent
                0x000000000001b920                rpl_nullify_parent
                0x000000000001b9b4                rpl_move_parent
                0x000000000001ba7c                rpl_get_any_dag
                0x000000000001bade                rpl_get_instance
                0x000000000001bb41                rpl_find_of
                0x000000000001bb88                rpl_join_instance
                0x000000000001be2e                rpl_add_dag
                0x000000000001c1b3                rpl_local_repair
                0x000000000001c23f                rpl_recalculate_ranks
                0x000000000001c2b7                rpl_process_parent_event
                0x000000000001c38c                rpl_process_dio
 *fill*         0x000000000001c7c6        0x2 90909090
 .text          0x000000000001c7c8     0x1590 obj_cooja/mtype967.a(rpl-icmp6.o)
                0x000000000001c9f4                dis_output
                0x000000000001d095                dio_output
                0x000000000001d9de                dao_output
                0x000000000001da3a                dao_output_target
                0x000000000001dc82                dao_ack_output
                0x000000000001dcf5                uip_rpl_input
 .text          0x000000000001dd58      0x9b5 obj_cooja/mtype967.a(rpl-timers.o)
                0x000000000001e54f                rpl_reset_periodic_timer
                0x000000000001e5aa                rpl_reset_dio_timer
                0x000000000001e684                rpl_schedule_dao
 *fill*         0x000000000001e70d        0x3 90909090
 .text          0x000000000001e710      0x21a obj_cooja/mtype967.a(rpl-mrhof.o)
 *fill*         0x000000000001e92a        0x2 90909090
 .text          0x000000000001e92c      0x9c1 obj_cooja/mtype967.a(rpl-ext-header.)
                0x000000000001e92c                rpl_verify_header
                0x000000000001ecb1                rpl_update_header_empty
                0x000000000001eee0                rpl_update_header_final
                0x000000000001f054                rpl_remove_header
                0x000000000001f168                rpl_invert_header
                0x000000000001f2b4                rpl_insert_header
 *fill*         0x000000000001f2ed        0x3 90909090
 .text          0x000000000001f2f0       0x93 obj_cooja/mtype967.a(timer.o)
                0x000000000001f2f0                timer_set
                0x000000000001f30b                timer_reset
                0x000000000001f322                timer_restart
                0x000000000001f334                timer_expired
                0x000000000001f35d                timer_remaining
 *fill*         0x000000000001f383        0x1 90909090
 .text          0x000000000001f384       0x19 obj_cooja/mtype967.a(energest.o)
                0x000000000001f384                energest_type_set
                0x000000000001f389                energest_init
                0x000000000001f38e                energest_type_time
                0x000000000001f398                energest_flush
 *fill*         0x000000000001f39d        0x3 90909090
 .text          0x000000000001f3a0       0xbd obj_cooja/mtype967.a(rtimer.o)
                0x000000000001f3a0                rtimer_init
                0x000000000001f3ad                rtimer_set
                0x000000000001f404                rtimer_run_next
 *fill*         0x000000000001f45d        0x3 90909090
 .text          0x000000000001f460       0xa5 obj_cooja/mtype967.a(stimer.o)
                0x000000000001f460                stimer_set
                0x000000000001f47b                stimer_reset
                0x000000000001f492                stimer_restart
                0x000000000001f4a4                stimer_expired
                0x000000000001f4cb                stimer_remaining
                0x000000000001f4f1                stimer_elapsed
 *fill*         0x000000000001f505        0x3 90909090
 .text          0x000000000001f508      0x6e4 obj_cooja/mtype967.a(nbr-table.o)
                0x000000000001f8ee                nbr_table_register
                0x000000000001f935                nbr_table_head
                0x000000000001f991                nbr_table_next
                0x000000000001f9f8                nbr_table_add_lladdr
                0x000000000001fac9                nbr_table_get_from_lladdr
                0x000000000001fb16                nbr_table_remove
                0x000000000001fb68                nbr_table_lock
                0x000000000001fb92                nbr_table_unlock
                0x000000000001fbbc                nbr_table_get_lladdr
 .text          0x000000000001fbec      0x6ea obj_cooja/mtype967.a(uip-icmp6.o)
                0x000000000001fbec                uip_icmp6_echo_request_input
                0x000000000001fea1                uip_icmp6_error_output
                0x00000000000201cc                uip_icmp6_send
 *fill*         0x00000000000202d6        0xa 90909090
 .text          0x00000000000202e0       0x38 /usr/lib/gcc/i686-linux-gnu/4.6/crtendS.o
 .text          0x0000000000020318        0x0 /usr/lib/gcc/i686-linux-gnu/4.6/../../../i386-linux-gnu/crtn.o
 *(.gnu.warning)

.fini           0x0000000000020318       0x1a
 *(.fini)
 .fini          0x0000000000020318       0x10 /usr/lib/gcc/i686-linux-gnu/4.6/../../../i386-linux-gnu/crti.o
                0x0000000000020318                _fini
 .fini          0x0000000000020328        0x5 /usr/lib/gcc/i686-linux-gnu/4.6/crtbeginS.o
 .fini          0x000000000002032d        0x5 /usr/lib/gcc/i686-linux-gnu/4.6/../../../i386-linux-gnu/crtn.o
                0x0000000000020332                PROVIDE (__etext, .)
                0x0000000000020332                PROVIDE (_etext, .)
                0x0000000000020332                PROVIDE (etext, .)

.rodata         0x0000000000020340      0x848
 *(.rodata .rodata.* .gnu.linkonce.r.*)
 .rodata        0x0000000000020340      0x14c udp-client.co
                0x0000000000020354                autostart_processes
 .rodata        0x000000000002048c      0x133 obj_cooja/mtype967.o
 .rodata        0x00000000000205bf        0x8 obj_cooja/mtype967.a(rimeaddr.o)
                0x00000000000205bf                rimeaddr_null
 *fill*         0x00000000000205c7       0x19 00
 .rodata        0x00000000000205e0       0x40 obj_cooja/mtype967.a(nullrdc.o)
                0x0000000000020600                nullrdc_driver
 .rodata        0x0000000000020620        0xc obj_cooja/mtype967.a(framer-802154.o)
                0x0000000000020624                framer_802154
 .rodata        0x000000000002062c       0x24 obj_cooja/mtype967.a(csma.o)
                0x0000000000020634                csma_driver
 .rodata        0x0000000000020650        0xe obj_cooja/mtype967.a(serial-line.o)
 .rodata        0x000000000002065e        0xc obj_cooja/mtype967.a(etimer.o)
 .rodata        0x000000000002066a        0xf obj_cooja/mtype967.a(ctimer.o)
 *fill*         0x0000000000020679        0x3 00
 .rodata        0x000000000002067c       0x2c obj_cooja/mtype967.a(sicslowpan.o)
                0x000000000002067c                unc_llconf
                0x0000000000020680                unc_ctxconf
                0x0000000000020684                unc_mxconf
                0x0000000000020688                llprefix
                0x000000000002069c                sicslowpan_driver
 .rodata        0x00000000000206a8       0x29 obj_cooja/mtype967.a(tcpip.o)
 .rodata        0x00000000000206d1       0x1c obj_cooja/mtype967.a(uip-debug.o)
 *fill*         0x00000000000206ed        0x3 00
 .rodata        0x00000000000206f0      0x1ac obj_cooja/mtype967.a(uip6.o)
 .rodata        0x000000000002089c        0x8 obj_cooja/mtype967.a(beep.o)
                0x000000000002089c                beep_interface
 .rodata        0x00000000000208a4       0x20 obj_cooja/mtype967.a(button-sensor.o)
                0x00000000000208a4                button_interface
                0x00000000000208b4                button_sensor
 .rodata        0x00000000000208c4        0x8 obj_cooja/mtype967.a(leds-arch.o)
                0x00000000000208c4                leds_interface
 .rodata        0x00000000000208cc        0x8 obj_cooja/mtype967.a(moteid.o)
                0x00000000000208cc                moteid_interface
 .rodata        0x00000000000208d4       0x1c obj_cooja/mtype967.a(pir-sensor.o)
                0x00000000000208d4                pir_interface
                0x00000000000208e0                pir_sensor
 .rodata        0x00000000000208f0        0xe obj_cooja/mtype967.a(rs232.o)
                0x00000000000208f0                rs232_interface
 *fill*         0x00000000000208fe        0x2 00
 .rodata        0x0000000000020900       0x24 obj_cooja/mtype967.a(vib-sensor.o)
                0x0000000000020900                vib_interface
                0x0000000000020914                vib_sensor
 .rodata        0x0000000000020924        0x8 obj_cooja/mtype967.a(clock.o)
                0x0000000000020924                clock_interface
 .rodata        0x000000000002092c        0x8 obj_cooja/mtype967.a(log.o)
                0x000000000002092c                simlog_interface
 .rodata        0x0000000000020934       0x2f obj_cooja/mtype967.a(cfs-cooja.o)
                0x0000000000020934                cfs_interface
 *fill*         0x0000000000020963       0x1d 00
 .rodata        0x0000000000020980       0x48 obj_cooja/mtype967.a(cooja-radio.o)
                0x0000000000020980                radio_interface
                0x00000000000209a0                cooja_radio_driver
 .rodata        0x00000000000209c8        0x8 obj_cooja/mtype967.a(sensors.o)
 .rodata        0x00000000000209d0        0x4 obj_cooja/mtype967.a(rpl-dag.o)
 .rodata        0x00000000000209d4       0x2c obj_cooja/mtype967.a(rpl-icmp6.o)
 .rodata        0x0000000000020a00      0x188 obj_cooja/mtype967.a(rpl-timers.o)

.rodata1
 *(.rodata1)

.eh_frame_hdr   0x0000000000020b88     0x1084
 *(.eh_frame_hdr)
 .eh_frame_hdr  0x0000000000020b88     0x1084 /usr/lib/gcc/i686-linux-gnu/4.6/../../../i386-linux-gnu/crti.o

.eh_frame       0x0000000000021c0c     0x43a4
 *(.eh_frame)
 .eh_frame      0x0000000000021c0c       0x3c /usr/lib/gcc/i686-linux-gnu/4.6/../../../i386-linux-gnu/crti.o
                                         0x40 (size before relaxing)
 .eh_frame      0x0000000000021c48       0xa8 udp-client.co
                                         0xc0 (size before relaxing)
 .eh_frame      0x0000000000021cf0      0x148 obj_cooja/mtype967.o
                                        0x160 (size before relaxing)
 .eh_frame      0x0000000000021e38       0x60 obj_cooja/mtype967.a(rimeaddr.o)
                                         0x78 (size before relaxing)
 .eh_frame      0x0000000000021e98      0x194 obj_cooja/mtype967.a(nullrdc.o)
                                        0x1ac (size before relaxing)
 .eh_frame      0x000000000002202c       0x20 obj_cooja/mtype967.a(mac.o)
                                         0x38 (size before relaxing)
 .eh_frame      0x000000000002204c       0xec obj_cooja/mtype967.a(framer-802154.o)
                                        0x104 (size before relaxing)
 .eh_frame      0x0000000000022138      0x1c8 obj_cooja/mtype967.a(csma.o)
                                        0x1e0 (size before relaxing)
 .eh_frame      0x0000000000022300      0x1c8 obj_cooja/mtype967.a(process.o)
                                        0x1e0 (size before relaxing)
 .eh_frame      0x00000000000224c8       0x40 obj_cooja/mtype967.a(autostart.o)
                                         0x58 (size before relaxing)
 .eh_frame      0x0000000000022508       0x60 obj_cooja/mtype967.a(serial-line.o)
                                         0x78 (size before relaxing)
 .eh_frame      0x0000000000022568       0x80 obj_cooja/mtype967.a(memb.o)
                                         0x98 (size before relaxing)
 .eh_frame      0x00000000000225e8      0x180 obj_cooja/mtype967.a(list.o)
                                        0x198 (size before relaxing)
 .eh_frame      0x0000000000022768      0x1c0 obj_cooja/mtype967.a(etimer.o)
                                        0x1d8 (size before relaxing)
 .eh_frame      0x0000000000022928       0xe0 obj_cooja/mtype967.a(ctimer.o)
                                         0xf8 (size before relaxing)
 .eh_frame      0x0000000000022a08       0x40 obj_cooja/mtype967.a(random.o)
                                         0x58 (size before relaxing)
 .eh_frame      0x0000000000022a48       0xa0 obj_cooja/mtype967.a(ringbuf.o)
                                         0xb8 (size before relaxing)
 .eh_frame      0x0000000000022ae8       0x20 obj_cooja/mtype967.a(netstack.o)
                                         0x38 (size before relaxing)
 .eh_frame      0x0000000000022b08      0x2b4 obj_cooja/mtype967.a(packetbuf.o)
                                        0x2cc (size before relaxing)
 .eh_frame      0x0000000000022dbc      0x168 obj_cooja/mtype967.a(queuebuf.o)
                                        0x180 (size before relaxing)
 .eh_frame      0x0000000000022f24      0x27c obj_cooja/mtype967.a(sicslowpan.o)
                                        0x294 (size before relaxing)
 .eh_frame      0x00000000000231a0      0x274 obj_cooja/mtype967.a(tcpip.o)
                                        0x28c (size before relaxing)
 .eh_frame      0x0000000000023414       0x40 obj_cooja/mtype967.a(uip-debug.o)
                                         0x58 (size before relaxing)
 .eh_frame      0x0000000000023454      0x280 obj_cooja/mtype967.a(uip-ds6-route.o)
                                        0x298 (size before relaxing)
 .eh_frame      0x00000000000236d4      0x1c0 obj_cooja/mtype967.a(uip-ds6-nbr.o)
                                        0x1d8 (size before relaxing)
 .eh_frame      0x0000000000023894      0x2d4 obj_cooja/mtype967.a(uip-ds6.o)
                                        0x2ec (size before relaxing)
 .eh_frame      0x0000000000023b68       0x98 obj_cooja/mtype967.a(uip-nd6.o)
                                         0xb0 (size before relaxing)
 .eh_frame      0x0000000000023c00       0xe0 obj_cooja/mtype967.a(uip-packetqueue)
                                         0xf8 (size before relaxing)
 .eh_frame      0x0000000000023ce0       0x40 obj_cooja/mtype967.a(uip-udp-packet.)
                                         0x58 (size before relaxing)
 .eh_frame      0x0000000000023d20      0x280 obj_cooja/mtype967.a(uip6.o)
                                        0x298 (size before relaxing)
 .eh_frame      0x0000000000023fa0       0x40 obj_cooja/mtype967.a(simEnvChange.o)
                                         0x58 (size before relaxing)
 .eh_frame      0x0000000000023fe0       0xc0 obj_cooja/mtype967.a(cooja_mt.o)
                                         0xd8 (size before relaxing)
 .eh_frame      0x00000000000240a0      0x128 obj_cooja/mtype967.a(cooja_mtarch.o)
                                        0x140 (size before relaxing)
 .eh_frame      0x00000000000241c8       0xc0 obj_cooja/mtype967.a(rtimer-arch.o)
                                         0xd8 (size before relaxing)
 .eh_frame      0x0000000000024288       0xa0 obj_cooja/mtype967.a(watchdog.o)
                                         0xb8 (size before relaxing)
 .eh_frame      0x0000000000024328      0x160 obj_cooja/mtype967.a(beep.o)
                                        0x178 (size before relaxing)
 .eh_frame      0x0000000000024488       0xa0 obj_cooja/mtype967.a(button-sensor.o)
                                         0xb8 (size before relaxing)
 .eh_frame      0x0000000000024528       0xa0 obj_cooja/mtype967.a(leds-arch.o)
                                         0xb8 (size before relaxing)
 .eh_frame      0x00000000000245c8       0x40 obj_cooja/mtype967.a(moteid.o)
                                         0x58 (size before relaxing)
 .eh_frame      0x0000000000024608       0xa0 obj_cooja/mtype967.a(pir-sensor.o)
                                         0xb8 (size before relaxing)
 .eh_frame      0x00000000000246a8      0x100 obj_cooja/mtype967.a(rs232.o)
                                        0x118 (size before relaxing)
 .eh_frame      0x00000000000247a8       0xa0 obj_cooja/mtype967.a(vib-sensor.o)
                                         0xb8 (size before relaxing)
 .eh_frame      0x0000000000024848       0xc0 obj_cooja/mtype967.a(clock.o)
                                         0xd8 (size before relaxing)
 .eh_frame      0x0000000000024908      0x128 obj_cooja/mtype967.a(log.o)
                                        0x140 (size before relaxing)
 .eh_frame      0x0000000000024a30      0x168 obj_cooja/mtype967.a(cfs-cooja.o)
                                        0x180 (size before relaxing)
 .eh_frame      0x0000000000024b98      0x220 obj_cooja/mtype967.a(cooja-radio.o)
                                        0x238 (size before relaxing)
 .eh_frame      0x0000000000024db8       0xc4 obj_cooja/mtype967.a(sensors.o)
                                         0xdc (size before relaxing)
 .eh_frame      0x0000000000024e7c       0xa0 obj_cooja/mtype967.a(frame802154.o)
                                         0xb8 (size before relaxing)
 .eh_frame      0x0000000000024f1c       0xe0 obj_cooja/mtype967.a(rpl.o)
                                         0xf8 (size before relaxing)
 .eh_frame      0x0000000000024ffc      0x558 obj_cooja/mtype967.a(rpl-dag.o)
                                        0x570 (size before relaxing)
 .eh_frame      0x0000000000025554      0x224 obj_cooja/mtype967.a(rpl-icmp6.o)
                                        0x23c (size before relaxing)
 .eh_frame      0x0000000000025778      0x12c obj_cooja/mtype967.a(rpl-timers.o)
                                        0x144 (size before relaxing)
 .eh_frame      0x00000000000258a4       0xe4 obj_cooja/mtype967.a(rpl-mrhof.o)
                                         0xfc (size before relaxing)
 .eh_frame      0x0000000000025988       0xec obj_cooja/mtype967.a(rpl-ext-header.)
                                        0x104 (size before relaxing)
 .eh_frame      0x0000000000025a74       0xa4 obj_cooja/mtype967.a(timer.o)
                                         0xbc (size before relaxing)
 .eh_frame      0x0000000000025b18       0x80 obj_cooja/mtype967.a(energest.o)
                                         0x98 (size before relaxing)
 .eh_frame      0x0000000000025b98       0x60 obj_cooja/mtype967.a(rtimer.o)
                                         0x78 (size before relaxing)
 .eh_frame      0x0000000000025bf8       0xc4 obj_cooja/mtype967.a(stimer.o)
                                         0xdc (size before relaxing)
 .eh_frame      0x0000000000025cbc      0x270 obj_cooja/mtype967.a(nbr-table.o)
                                        0x288 (size before relaxing)
 .eh_frame      0x0000000000025f2c       0x80 obj_cooja/mtype967.a(uip-icmp6.o)
                                         0x98 (size before relaxing)
 .eh_frame      0x0000000000025fac        0x4 /usr/lib/gcc/i686-linux-gnu/4.6/crtendS.o

.gcc_except_table
 *(.gcc_except_table .gcc_except_table.*)

.exception_ranges
 *(.exception_ranges .exception_ranges*)
                0x0000000000025fb0                . = (ALIGN (0x1000) - ((0x1000 - .) & 0xfff))
                0x0000000000026f0c                . = DATA_SEGMENT_ALIGN (0x1000, 0x1000)

.eh_frame
 *(.eh_frame)

.gcc_except_table
 *(.gcc_except_table .gcc_except_table.*)

.exception_ranges
 *(.exception_ranges .exception_ranges*)

.tdata
 *(.tdata .tdata.* .gnu.linkonce.td.*)

.tbss
 *(.tbss .tbss.* .gnu.linkonce.tb.*)
 *(.tcommon)

.preinit_array
 *(.preinit_array)

.init_array
 *(SORT(.init_array.*) SORT(.ctors.*))
 *(.init_array)
 *(EXCLUDE_FILE(*crtend?.o *crtend.o *crtbegin?.o *crtbegin.o) .ctors)

.fini_array
 *(SORT(.fini_array.*) SORT(.dtors.*))
 *(.fini_array)
 *(EXCLUDE_FILE(*crtend?.o *crtend.o *crtbegin?.o *crtbegin.o) .dtors)

.ctors          0x0000000000026f0c        0x8
 *crtbegin.o(.ctors)
 *crtbegin?.o(.ctors)
 .ctors         0x0000000000026f0c        0x4 /usr/lib/gcc/i686-linux-gnu/4.6/crtbeginS.o
 *(EXCLUDE_FILE(*crtend?.o *crtend.o) .ctors)
 *(SORT(.ctors.*))
 *(.ctors)
 .ctors         0x0000000000026f10        0x4 /usr/lib/gcc/i686-linux-gnu/4.6/crtendS.o

.dtors          0x0000000000026f14        0x8
 *crtbegin.o(.dtors)
 *crtbegin?.o(.dtors)
 .dtors         0x0000000000026f14        0x4 /usr/lib/gcc/i686-linux-gnu/4.6/crtbeginS.o
 *(EXCLUDE_FILE(*crtend?.o *crtend.o) .dtors)
 *(SORT(.dtors.*))
 *(.dtors)
 .dtors         0x0000000000026f18        0x4 /usr/lib/gcc/i686-linux-gnu/4.6/crtendS.o
                0x0000000000026f18                __DTOR_END__

.jcr            0x0000000000026f1c        0x4
 *(.jcr)
 .jcr           0x0000000000026f1c        0x0 /usr/lib/gcc/i686-linux-gnu/4.6/crtbeginS.o
 .jcr           0x0000000000026f1c        0x4 /usr/lib/gcc/i686-linux-gnu/4.6/crtendS.o

.data.rel.ro
 *(.data.rel.ro.local* .gnu.linkonce.d.rel.ro.local.*)
 *(.data.rel.ro* .gnu.linkonce.d.rel.ro.*)

.dynamic        0x0000000000026f20       0xc8
 *(.dynamic)
 .dynamic       0x0000000000026f20       0xc8 /usr/lib/gcc/i686-linux-gnu/4.6/../../../i386-linux-gnu/crti.o
                0x0000000000026f20                _DYNAMIC

.got            0x0000000000026fe8        0xc
 *(.got)
 .got           0x0000000000026fe8        0xc /usr/lib/gcc/i686-linux-gnu/4.6/../../../i386-linux-gnu/crti.o
 *(.igot)
                0x0000000000026ff4                . = DATA_SEGMENT_RELRO_END (., 0xc)

.got.plt        0x0000000000026ff4       0x14
 *(.got.plt)
 .got.plt       0x0000000000026ff4       0x14 /usr/lib/gcc/i686-linux-gnu/4.6/../../../i386-linux-gnu/crti.o
                0x0000000000026ff4                _GLOBAL_OFFSET_TABLE_
 *(.igot.plt)

.data           0x0000000000027020      0x1c4
 *(.data .data.* .gnu.linkonce.d.*)
 .data          0x0000000000027020        0x0 /usr/lib/gcc/i686-linux-gnu/4.6/../../../i386-linux-gnu/crti.o
 .data          0x0000000000027020        0x0 /usr/lib/gcc/i686-linux-gnu/4.6/crtbeginS.o
 .data.rel      0x0000000000027020        0x4 /usr/lib/gcc/i686-linux-gnu/4.6/crtbeginS.o
                0x0000000000027020                __dso_handle
 .data          0x0000000000027024       0x10 udp-client.co
                0x0000000000027024                udp_client_process
 *fill*         0x0000000000027034        0xc 00
 .data          0x0000000000027040       0x40 obj_cooja/mtype967.o
                0x0000000000027040                simInterfaces
                0x0000000000027070                sensors
 .data          0x0000000000027080        0x0 obj_cooja/mtype967.a(rimeaddr.o)
 .data          0x0000000000027080        0x0 obj_cooja/mtype967.a(nullrdc.o)
 .data          0x0000000000027080        0x0 obj_cooja/mtype967.a(mac.o)
 .data          0x0000000000027080        0x0 obj_cooja/mtype967.a(framer-802154.o)
 .data          0x0000000000027080       0x28 obj_cooja/mtype967.a(csma.o)
 .data          0x00000000000270a8        0x0 obj_cooja/mtype967.a(process.o)
 .data          0x00000000000270a8        0x0 obj_cooja/mtype967.a(autostart.o)
 .data          0x00000000000270a8       0x10 obj_cooja/mtype967.a(serial-line.o)
                0x00000000000270a8                serial_line_process
 .data          0x00000000000270b8        0x0 obj_cooja/mtype967.a(memb.o)
 .data          0x00000000000270b8        0x0 obj_cooja/mtype967.a(list.o)
 .data          0x00000000000270b8       0x10 obj_cooja/mtype967.a(etimer.o)
                0x00000000000270b8                etimer_process
 .data          0x00000000000270c8       0x14 obj_cooja/mtype967.a(ctimer.o)
                0x00000000000270cc                ctimer_process
 .data          0x00000000000270dc        0x0 obj_cooja/mtype967.a(random.o)
 .data          0x00000000000270dc        0x0 obj_cooja/mtype967.a(ringbuf.o)
 .data          0x00000000000270dc        0x0 obj_cooja/mtype967.a(netstack.o)
 .data          0x00000000000270dc        0x4 obj_cooja/mtype967.a(packetbuf.o)
 .data          0x00000000000270e0       0x24 obj_cooja/mtype967.a(queuebuf.o)
 .data          0x0000000000027104        0x0 obj_cooja/mtype967.a(sicslowpan.o)
 .data          0x0000000000027104       0x10 obj_cooja/mtype967.a(tcpip.o)
                0x0000000000027104                tcpip_process
 .data          0x0000000000027114        0x0 obj_cooja/mtype967.a(uip-debug.o)
 .data          0x0000000000027114       0x34 obj_cooja/mtype967.a(uip-ds6-route.o)
 .data          0x0000000000027148       0x14 obj_cooja/mtype967.a(uip-ds6-nbr.o)
                0x0000000000027158                ds6_neighbors
 .data          0x000000000002715c        0x0 obj_cooja/mtype967.a(uip-ds6.o)
 .data          0x000000000002715c        0x0 obj_cooja/mtype967.a(uip-nd6.o)
 .data          0x000000000002715c        0xc obj_cooja/mtype967.a(uip-packetqueue)
 .data          0x0000000000027168        0x0 obj_cooja/mtype967.a(uip-udp-packet.)
 .data          0x0000000000027168        0x0 obj_cooja/mtype967.a(uip6.o)
 .data          0x0000000000027168        0x0 obj_cooja/mtype967.a(simEnvChange.o)
 .data          0x0000000000027168        0x0 obj_cooja/mtype967.a(cooja_mt.o)
 .data          0x0000000000027168        0x0 obj_cooja/mtype967.a(cooja_mtarch.o)
 .data          0x0000000000027168        0x0 obj_cooja/mtype967.a(rtimer-arch.o)
 .data          0x0000000000027168        0x0 obj_cooja/mtype967.a(watchdog.o)
 .data          0x0000000000027168        0x0 obj_cooja/mtype967.a(beep.o)
 .data          0x0000000000027168        0x0 obj_cooja/mtype967.a(button-sensor.o)
 .data          0x0000000000027168        0x0 obj_cooja/mtype967.a(leds-arch.o)
 .data          0x0000000000027168        0x0 obj_cooja/mtype967.a(moteid.o)
 .data          0x0000000000027168        0x0 obj_cooja/mtype967.a(pir-sensor.o)
 .data          0x0000000000027168        0x0 obj_cooja/mtype967.a(rs232.o)
 .data          0x0000000000027168        0x0 obj_cooja/mtype967.a(vib-sensor.o)
 .data          0x0000000000027168        0x0 obj_cooja/mtype967.a(clock.o)
 .data          0x0000000000027168        0x0 obj_cooja/mtype967.a(log.o)
 .data          0x0000000000027168        0x0 obj_cooja/mtype967.a(cfs-cooja.o)
 .data          0x0000000000027168       0x24 obj_cooja/mtype967.a(cooja-radio.o)
                0x0000000000027168                simRadioHWOn
                0x000000000002716c                simSignalStrength
                0x0000000000027170                simLastSignalStrength
                0x0000000000027174                simPower
                0x0000000000027178                simRadioChannel
                0x000000000002717c                cooja_radio_process
 .data          0x000000000002718c       0x10 obj_cooja/mtype967.a(sensors.o)
                0x000000000002718c                sensors_process
 .data          0x000000000002719c        0x0 obj_cooja/mtype967.a(rimestats.o)
 .data          0x000000000002719c        0x0 obj_cooja/mtype967.a(frame802154.o)
 .data          0x000000000002719c        0x0 obj_cooja/mtype967.a(rpl.o)
 .data          0x000000000002719c       0x18 obj_cooja/mtype967.a(rpl-dag.o)
 .data          0x00000000000271b4        0x1 obj_cooja/mtype967.a(rpl-icmp6.o)
 *fill*         0x00000000000271b5        0x3 00
 .data          0x00000000000271b8        0x0 obj_cooja/mtype967.a(rpl-timers.o)
 .data          0x00000000000271b8       0x1c obj_cooja/mtype967.a(rpl-mrhof.o)
                0x00000000000271b8                rpl_mrhof
 .data          0x00000000000271d4        0x0 obj_cooja/mtype967.a(rpl-ext-header.)
 .data          0x00000000000271d4        0x0 obj_cooja/mtype967.a(timer.o)
 .data          0x00000000000271d4        0x0 obj_cooja/mtype967.a(energest.o)
 .data          0x00000000000271d4        0x0 obj_cooja/mtype967.a(rtimer.o)
 .data          0x00000000000271d4        0x0 obj_cooja/mtype967.a(stimer.o)
 .data          0x00000000000271d4       0x10 obj_cooja/mtype967.a(nbr-table.o)
 .data          0x00000000000271e4        0x0 obj_cooja/mtype967.a(uip-icmp6.o)
 .data          0x00000000000271e4        0x0 /usr/lib/gcc/i686-linux-gnu/4.6/crtendS.o
 .data          0x00000000000271e4        0x0 /usr/lib/gcc/i686-linux-gnu/4.6/../../../i386-linux-gnu/crtn.o

.data1
 *(.data1)
                0x00000000000271e4                _edata = .
                0x00000000000271e4                PROVIDE (edata, .)
                0x00000000000271e4                __bss_start = .

.bss            0x0000000000027200     0xedf4
 *(.dynbss)
 .dynbss        0x0000000000000000        0x0 /usr/lib/gcc/i686-linux-gnu/4.6/../../../i386-linux-gnu/crti.o
 *(.bss .bss.* .gnu.linkonce.b.*)
 .bss           0x0000000000027200        0x0 /usr/lib/gcc/i686-linux-gnu/4.6/../../../i386-linux-gnu/crti.o
 .bss           0x0000000000027200        0x8 /usr/lib/gcc/i686-linux-gnu/4.6/crtbeginS.o
 *fill*         0x0000000000027208       0x18 00
 .bss           0x0000000000027220       0x64 udp-client.co
 *fill*         0x0000000000027284       0x1c 00
 .bss           0x00000000000272a0     0x2030 obj_cooja/mtype967.o
 .bss           0x00000000000292d0        0x0 obj_cooja/mtype967.a(rimeaddr.o)
 *fill*         0x00000000000292d0       0x10 00
 .bss           0x00000000000292e0       0x48 obj_cooja/mtype967.a(nullrdc.o)
 .bss           0x0000000000029328        0x0 obj_cooja/mtype967.a(mac.o)
 .bss           0x0000000000029328        0x2 obj_cooja/mtype967.a(framer-802154.o)
 *fill*         0x000000000002932a       0x16 00
 .bss           0x0000000000029340      0x246 obj_cooja/mtype967.a(csma.o)
 *fill*         0x0000000000029586       0x1a 00
 .bss           0x00000000000295a0      0x1b0 obj_cooja/mtype967.a(process.o)
                0x00000000000295a0                process_list
                0x00000000000295a4                process_current
 .bss           0x0000000000029750        0x0 obj_cooja/mtype967.a(autostart.o)
 *fill*         0x0000000000029750       0x10 00
 .bss           0x0000000000029760      0x141 obj_cooja/mtype967.a(serial-line.o)
 *fill*         0x00000000000298a1        0x3 00
 .bss           0x00000000000298a4        0x0 obj_cooja/mtype967.a(memb.o)
 .bss           0x00000000000298a4        0x0 obj_cooja/mtype967.a(list.o)
 .bss           0x00000000000298a4        0x8 obj_cooja/mtype967.a(etimer.o)
 .bss           0x00000000000298ac        0x5 obj_cooja/mtype967.a(ctimer.o)
 *fill*         0x00000000000298b1        0x3 00
 .bss           0x00000000000298b4        0x0 obj_cooja/mtype967.a(random.o)
 .bss           0x00000000000298b4        0x0 obj_cooja/mtype967.a(ringbuf.o)
 .bss           0x00000000000298b4        0x0 obj_cooja/mtype967.a(netstack.o)
 *fill*         0x00000000000298b4        0xc 00
 .bss           0x00000000000298c0       0xd8 obj_cooja/mtype967.a(packetbuf.o)
 *fill*         0x0000000000029998        0x8 00
 .bss           0x00000000000299a0      0xe40 obj_cooja/mtype967.a(queuebuf.o)
 .bss           0x000000000002a7e0      0x140 obj_cooja/mtype967.a(sicslowpan.o)
 .bss           0x000000000002a920       0x6f obj_cooja/mtype967.a(tcpip.o)
 *fill*         0x000000000002a98f        0x1 00
 .bss           0x000000000002a990        0x0 obj_cooja/mtype967.a(uip-debug.o)
 *fill*         0x000000000002a990       0x10 00
 .bss           0x000000000002a9a0     0x39e8 obj_cooja/mtype967.a(uip-ds6-route.o)
 *fill*         0x000000000002e388       0x18 00
 .bss           0x000000000002e3a0     0x2ee0 obj_cooja/mtype967.a(uip-ds6-nbr.o)
 .bss           0x0000000000031280       0x20 obj_cooja/mtype967.a(uip-ds6.o)
 .bss           0x00000000000312a0       0x14 obj_cooja/mtype967.a(uip-nd6.o)
 *fill*         0x00000000000312b4        0xc 00
 .bss           0x00000000000312c0      0x258 obj_cooja/mtype967.a(uip-packetqueue)
 .bss           0x0000000000031518        0x0 obj_cooja/mtype967.a(uip-udp-packet.)
 .bss           0x0000000000031518        0xe obj_cooja/mtype967.a(uip6.o)
                0x0000000000031518                uip_ext_bitmap
                0x0000000000031519                uip_ext_len
                0x000000000003151a                uip_ext_opt_offset
 *fill*         0x0000000000031526        0x2 00
 .bss           0x0000000000031528        0x1 obj_cooja/mtype967.a(simEnvChange.o)
                0x0000000000031528                simDontFallAsleep
 *fill*         0x0000000000031529        0x3 00
 .bss           0x000000000003152c        0x4 obj_cooja/mtype967.a(cooja_mt.o)
 .bss           0x0000000000031530        0x4 obj_cooja/mtype967.a(cooja_mtarch.o)
 .bss           0x0000000000031534        0xc obj_cooja/mtype967.a(rtimer-arch.o)
 .bss           0x0000000000031540        0x0 obj_cooja/mtype967.a(watchdog.o)
 .bss           0x0000000000031540        0x0 obj_cooja/mtype967.a(beep.o)
 .bss           0x0000000000031540        0x8 obj_cooja/mtype967.a(button-sensor.o)
 .bss           0x0000000000031548        0x0 obj_cooja/mtype967.a(leds-arch.o)
 .bss           0x0000000000031548        0x0 obj_cooja/mtype967.a(moteid.o)
 .bss           0x0000000000031548        0x1 obj_cooja/mtype967.a(pir-sensor.o)
                0x0000000000031548                simPirValue
 *fill*         0x0000000000031549        0x3 00
 .bss           0x000000000003154c        0x4 obj_cooja/mtype967.a(rs232.o)
 .bss           0x0000000000031550        0x1 obj_cooja/mtype967.a(vib-sensor.o)
                0x0000000000031550                simVibValue
 *fill*         0x0000000000031551        0x3 00
 .bss           0x0000000000031554        0x0 obj_cooja/mtype967.a(clock.o)
 *fill*         0x0000000000031554        0xc 00
 .bss           0x0000000000031560      0x421 obj_cooja/mtype967.a(log.o)
 *fill*         0x0000000000031981       0x1f 00
 .bss           0x00000000000319a0      0xfbc obj_cooja/mtype967.a(cfs-cooja.o)
                0x00000000000319a0                simCFSData
                0x0000000000032940                simCFSChanged
                0x0000000000032944                simCFSRead
                0x0000000000032948                simCFSWritten
 .bss           0x000000000003295c       0x10 obj_cooja/mtype967.a(cooja-radio.o)
                0x000000000003295c                simReceiving
                0x0000000000032960                simInSize
                0x0000000000032964                simOutSize
 .bss           0x000000000003296c        0xc obj_cooja/mtype967.a(sensors.o)
 .bss           0x0000000000032978        0x0 obj_cooja/mtype967.a(rimestats.o)
 .bss           0x0000000000032978        0x0 obj_cooja/mtype967.a(frame802154.o)
 .bss           0x0000000000032978        0x0 obj_cooja/mtype967.a(rpl.o)
 *fill*         0x0000000000032978        0x8 00
 .bss           0x0000000000032980     0x12e0 obj_cooja/mtype967.a(rpl-dag.o)
 .bss           0x0000000000033c60        0x0 obj_cooja/mtype967.a(rpl-icmp6.o)
 .bss           0x0000000000033c60       0x43 obj_cooja/mtype967.a(rpl-timers.o)
 *fill*         0x0000000000033ca3        0x1 00
 .bss           0x0000000000033ca4        0x0 obj_cooja/mtype967.a(rpl-mrhof.o)
 .bss           0x0000000000033ca4        0x0 obj_cooja/mtype967.a(rpl-ext-header.)
 .bss           0x0000000000033ca4        0x0 obj_cooja/mtype967.a(timer.o)
 .bss           0x0000000000033ca4        0x0 obj_cooja/mtype967.a(energest.o)
 .bss           0x0000000000033ca4        0x4 obj_cooja/mtype967.a(rtimer.o)
 .bss           0x0000000000033ca8        0x0 obj_cooja/mtype967.a(stimer.o)
 *fill*         0x0000000000033ca8       0x18 00
 .bss           0x0000000000033cc0     0x1214 obj_cooja/mtype967.a(nbr-table.o)
 .bss           0x0000000000034ed4       0x10 obj_cooja/mtype967.a(uip-icmp6.o)
 .bss           0x0000000000034ee4        0x0 /usr/lib/gcc/i686-linux-gnu/4.6/crtendS.o
 .bss           0x0000000000034ee4        0x0 /usr/lib/gcc/i686-linux-gnu/4.6/../../../i386-linux-gnu/crtn.o
 *(COMMON)
 COMMON         0x0000000000034ee4        0x8 obj_cooja/mtype967.o
                0x0000000000034ee4                referenceVar
                0x0000000000034ee8                sensors_flags
 COMMON         0x0000000000034eec        0x8 obj_cooja/mtype967.a(rimeaddr.o)
                0x0000000000034eec                rimeaddr_node_addr
 COMMON         0x0000000000034ef4        0x1 obj_cooja/mtype967.a(serial-line.o)
                0x0000000000034ef4                serial_line_event_message
 *fill*         0x0000000000034ef5        0xb 00
 COMMON         0x0000000000034f00       0x60 obj_cooja/mtype967.a(packetbuf.o)
                0x0000000000034f00                packetbuf_attrs
                0x0000000000034f40                packetbuf_addrs
 COMMON         0x0000000000034f60        0x8 obj_cooja/mtype967.a(sicslowpan.o)
                0x0000000000034f60                frag_sender
 COMMON         0x0000000000034f68        0x1 obj_cooja/mtype967.a(tcpip.o)
                0x0000000000034f68                tcpip_event
 *fill*         0x0000000000034f69       0x17 00
 COMMON         0x0000000000034f80      0x181 obj_cooja/mtype967.a(uip-ds6.o)
                0x0000000000034f80                uip_ds6_prefix_list
                0x0000000000034fe0                uip_ds6_timer_periodic
                0x0000000000034ff0                uip_ds6_netif_addr_list_offset
                0x0000000000035000                uip_ds6_if
                0x00000000000350f8                uip_ds6_timer_ra
                0x0000000000035100                uip_ds6_addr_size
 *fill*         0x0000000000035101       0x1f 00
 COMMON         0x0000000000035120      0x3ac obj_cooja/mtype967.a(uip6.o)
                0x0000000000035120                uip_slen
                0x0000000000035122                uip_acc32
                0x0000000000035140                uip_conns
                0x0000000000035200                uip_lladdr
                0x0000000000035208                uip_appdata
                0x000000000003520c                uip_flags
                0x0000000000035220                uip_aligned_buf
                0x0000000000035310                uip_listenports
                0x0000000000035320                uip_len
                0x0000000000035324                uip_sappdata
                0x0000000000035340                uip_udp_conns
                0x00000000000354c0                uip_udp_conn
                0x00000000000354c4                uip_next_hdr
                0x00000000000354c8                uip_conn
 COMMON         0x00000000000354cc        0xc obj_cooja/mtype967.a(simEnvChange.o)
                0x00000000000354cc                simEtimerPending
                0x00000000000354d0                simProcessRunValue
                0x00000000000354d4                simNextExpirationTime
 COMMON         0x00000000000354d8        0x1 obj_cooja/mtype967.a(beep.o)
                0x00000000000354d8                simBeeped
 COMMON         0x00000000000354d9        0x3 obj_cooja/mtype967.a(button-sensor.o)
                0x00000000000354d9                simButtonIsActive
                0x00000000000354da                simButtonIsDown
                0x00000000000354db                simButtonChanged
 COMMON         0x00000000000354dc        0x1 obj_cooja/mtype967.a(leds-arch.o)
                0x00000000000354dc                simLedsValue
 *fill*         0x00000000000354dd        0x3 00
 COMMON         0x00000000000354e0        0xc obj_cooja/mtype967.a(moteid.o)
                0x00000000000354e0                simRandomSeed
                0x00000000000354e4                simMoteIDChanged
                0x00000000000354e8                simMoteID
 COMMON         0x00000000000354ec        0x2 obj_cooja/mtype967.a(pir-sensor.o)
                0x00000000000354ec                simPirIsActive
                0x00000000000354ed                simPirChanged
 *fill*         0x00000000000354ee       0x12 00
 COMMON         0x0000000000035500      0x420 obj_cooja/mtype967.a(rs232.o)
                0x0000000000035500                simSerialReceivingFlag
                0x0000000000035504                simSerialReceivingLength
                0x0000000000035520                simSerialReceivingData
 COMMON         0x0000000000035920        0x2 obj_cooja/mtype967.a(vib-sensor.o)
                0x0000000000035920                simVibChanged
                0x0000000000035921                simVibIsActive
 *fill*         0x0000000000035922        0x2 00
 COMMON         0x0000000000035924        0x4 obj_cooja/mtype967.a(clock.o)
                0x0000000000035924                simCurrentTime
 *fill*         0x0000000000035928       0x18 00
 COMMON         0x0000000000035940      0x420 obj_cooja/mtype967.a(log.o)
                0x0000000000035940                simLoggedLength
                0x0000000000035944                simLoggedFlag
                0x0000000000035960                simLoggedData
 COMMON         0x0000000000035d60      0x100 obj_cooja/mtype967.a(cooja-radio.o)
                0x0000000000035d60                simOutDataBuffer
                0x0000000000035de0                simInDataBuffer
 COMMON         0x0000000000035e60        0x1 obj_cooja/mtype967.a(sensors.o)
                0x0000000000035e60                sensors_event
 *fill*         0x0000000000035e61       0x1f 00
 COMMON         0x0000000000035e80       0x48 obj_cooja/mtype967.a(rimestats.o)
                0x0000000000035e80                rimestats
 *fill*         0x0000000000035ec8       0x18 00
 COMMON         0x0000000000035ee0      0x114 obj_cooja/mtype967.a(rpl-dag.o)
                0x0000000000035ee0                default_instance
                0x0000000000035f00                instance_table
                0x0000000000035ff4                . = ALIGN ((. != 0x0)?0x4:0x1)
                0x0000000000035ff4                . = ALIGN (0x4)
                0x0000000000035ff4                . = ALIGN (0x4)
                0x0000000000035ff4                _end = .
                0x0000000000035ff4                PROVIDE (end, .)
                0x0000000000035ff4                . = DATA_SEGMENT_END (.)

.stab
 *(.stab)

.stabstr
 *(.stabstr)

.stab.excl
 *(.stab.excl)

.stab.exclstr
 *(.stab.exclstr)

.stab.index
 *(.stab.index)

.stab.indexstr
 *(.stab.indexstr)

.comment        0x0000000000000000       0x2a
 *(.comment)
 .comment       0x0000000000000000       0x2a /usr/lib/gcc/i686-linux-gnu/4.6/crtbeginS.o
                                         0x2b (size before relaxing)
 .comment       0x0000000000000000       0x2b udp-client.co
 .comment       0x0000000000000000       0x2b obj_cooja/mtype967.o
 .comment       0x0000000000000000       0x2b obj_cooja/mtype967.a(rimeaddr.o)
 .comment       0x0000000000000000       0x2b obj_cooja/mtype967.a(nullrdc.o)
 .comment       0x0000000000000000       0x2b obj_cooja/mtype967.a(mac.o)
 .comment       0x0000000000000000       0x2b obj_cooja/mtype967.a(framer-802154.o)
 .comment       0x0000000000000000       0x2b obj_cooja/mtype967.a(csma.o)
 .comment       0x0000000000000000       0x2b obj_cooja/mtype967.a(process.o)
 .comment       0x0000000000000000       0x2b obj_cooja/mtype967.a(autostart.o)
 .comment       0x0000000000000000       0x2b obj_cooja/mtype967.a(serial-line.o)
 .comment       0x0000000000000000       0x2b obj_cooja/mtype967.a(memb.o)
 .comment       0x0000000000000000       0x2b obj_cooja/mtype967.a(list.o)
 .comment       0x0000000000000000       0x2b obj_cooja/mtype967.a(etimer.o)
 .comment       0x0000000000000000       0x2b obj_cooja/mtype967.a(ctimer.o)
 .comment       0x0000000000000000       0x2b obj_cooja/mtype967.a(random.o)
 .comment       0x0000000000000000       0x2b obj_cooja/mtype967.a(ringbuf.o)
 .comment       0x0000000000000000       0x2b obj_cooja/mtype967.a(netstack.o)
 .comment       0x0000000000000000       0x2b obj_cooja/mtype967.a(packetbuf.o)
 .comment       0x0000000000000000       0x2b obj_cooja/mtype967.a(queuebuf.o)
 .comment       0x0000000000000000       0x2b obj_cooja/mtype967.a(sicslowpan.o)
 .comment       0x0000000000000000       0x2b obj_cooja/mtype967.a(tcpip.o)
 .comment       0x0000000000000000       0x2b obj_cooja/mtype967.a(uip-debug.o)
 .comment       0x0000000000000000       0x2b obj_cooja/mtype967.a(uip-ds6-route.o)
 .comment       0x0000000000000000       0x2b obj_cooja/mtype967.a(uip-ds6-nbr.o)
 .comment       0x0000000000000000       0x2b obj_cooja/mtype967.a(uip-ds6.o)
 .comment       0x0000000000000000       0x2b obj_cooja/mtype967.a(uip-nd6.o)
 .comment       0x0000000000000000       0x2b obj_cooja/mtype967.a(uip-packetqueue)
 .comment       0x0000000000000000       0x2b obj_cooja/mtype967.a(uip-udp-packet.)
 .comment       0x0000000000000000       0x2b obj_cooja/mtype967.a(uip6.o)
 .comment       0x0000000000000000       0x2b obj_cooja/mtype967.a(simEnvChange.o)
 .comment       0x0000000000000000       0x2b obj_cooja/mtype967.a(cooja_mt.o)
 .comment       0x0000000000000000       0x2b obj_cooja/mtype967.a(cooja_mtarch.o)
 .comment       0x0000000000000000       0x2b obj_cooja/mtype967.a(rtimer-arch.o)
 .comment       0x0000000000000000       0x2b obj_cooja/mtype967.a(watchdog.o)
 .comment       0x0000000000000000       0x2b obj_cooja/mtype967.a(beep.o)
 .comment       0x0000000000000000       0x2b obj_cooja/mtype967.a(button-sensor.o)
 .comment       0x0000000000000000       0x2b obj_cooja/mtype967.a(leds-arch.o)
 .comment       0x0000000000000000       0x2b obj_cooja/mtype967.a(moteid.o)
 .comment       0x0000000000000000       0x2b obj_cooja/mtype967.a(pir-sensor.o)
 .comment       0x0000000000000000       0x2b obj_cooja/mtype967.a(rs232.o)
 .comment       0x0000000000000000       0x2b obj_cooja/mtype967.a(vib-sensor.o)
 .comment       0x0000000000000000       0x2b obj_cooja/mtype967.a(clock.o)
 .comment       0x0000000000000000       0x2b obj_cooja/mtype967.a(log.o)
 .comment       0x0000000000000000       0x2b obj_cooja/mtype967.a(cfs-cooja.o)
 .comment       0x0000000000000000       0x2b obj_cooja/mtype967.a(cooja-radio.o)
 .comment       0x0000000000000000       0x2b obj_cooja/mtype967.a(sensors.o)
 .comment       0x0000000000000000       0x2b obj_cooja/mtype967.a(rimestats.o)
 .comment       0x0000000000000000       0x2b obj_cooja/mtype967.a(frame802154.o)
 .comment       0x0000000000000000       0x2b obj_cooja/mtype967.a(rpl.o)
 .comment       0x0000000000000000       0x2b obj_cooja/mtype967.a(rpl-dag.o)
 .comment       0x0000000000000000       0x2b obj_cooja/mtype967.a(rpl-icmp6.o)
 .comment       0x0000000000000000       0x2b obj_cooja/mtype967.a(rpl-timers.o)
 .comment       0x0000000000000000       0x2b obj_cooja/mtype967.a(rpl-mrhof.o)
 .comment       0x0000000000000000       0x2b obj_cooja/mtype967.a(rpl-ext-header.)
 .comment       0x0000000000000000       0x2b obj_cooja/mtype967.a(timer.o)
 .comment       0x0000000000000000       0x2b obj_cooja/mtype967.a(energest.o)
 .comment       0x0000000000000000       0x2b obj_cooja/mtype967.a(rtimer.o)
 .comment       0x0000000000000000       0x2b obj_cooja/mtype967.a(stimer.o)
 .comment       0x0000000000000000       0x2b obj_cooja/mtype967.a(nbr-table.o)
 .comment       0x0000000000000000       0x2b obj_cooja/mtype967.a(uip-icmp6.o)
 .comment       0x0000000000000000       0x2b /usr/lib/gcc/i686-linux-gnu/4.6/crtendS.o

.debug
 *(.debug)

.line
 *(.line)

.debug_srcinfo
 *(.debug_srcinfo)

.debug_sfnames
 *(.debug_sfnames)

.debug_aranges  0x0000000000000000      0x760
 *(.debug_aranges)
 .debug_aranges
                0x0000000000000000       0x20 udp-client.co
 .debug_aranges
                0x0000000000000020       0x20 obj_cooja/mtype967.o
 .debug_aranges
                0x0000000000000040       0x20 obj_cooja/mtype967.a(rimeaddr.o)
 .debug_aranges
                0x0000000000000060       0x20 obj_cooja/mtype967.a(nullrdc.o)
 .debug_aranges
                0x0000000000000080       0x20 obj_cooja/mtype967.a(mac.o)
 .debug_aranges
                0x00000000000000a0       0x20 obj_cooja/mtype967.a(framer-802154.o)
 .debug_aranges
                0x00000000000000c0       0x20 obj_cooja/mtype967.a(csma.o)
 .debug_aranges
                0x00000000000000e0       0x20 obj_cooja/mtype967.a(process.o)
 .debug_aranges
                0x0000000000000100       0x20 obj_cooja/mtype967.a(autostart.o)
 .debug_aranges
                0x0000000000000120       0x20 obj_cooja/mtype967.a(serial-line.o)
 .debug_aranges
                0x0000000000000140       0x20 obj_cooja/mtype967.a(memb.o)
 .debug_aranges
                0x0000000000000160       0x20 obj_cooja/mtype967.a(list.o)
 .debug_aranges
                0x0000000000000180       0x20 obj_cooja/mtype967.a(etimer.o)
 .debug_aranges
                0x00000000000001a0       0x20 obj_cooja/mtype967.a(ctimer.o)
 .debug_aranges
                0x00000000000001c0       0x20 obj_cooja/mtype967.a(random.o)
 .debug_aranges
                0x00000000000001e0       0x20 obj_cooja/mtype967.a(ringbuf.o)
 .debug_aranges
                0x0000000000000200       0x20 obj_cooja/mtype967.a(netstack.o)
 .debug_aranges
                0x0000000000000220       0x20 obj_cooja/mtype967.a(packetbuf.o)
 .debug_aranges
                0x0000000000000240       0x20 obj_cooja/mtype967.a(queuebuf.o)
 .debug_aranges
                0x0000000000000260       0x20 obj_cooja/mtype967.a(sicslowpan.o)
 .debug_aranges
                0x0000000000000280       0x20 obj_cooja/mtype967.a(tcpip.o)
 .debug_aranges
                0x00000000000002a0       0x20 obj_cooja/mtype967.a(uip-debug.o)
 .debug_aranges
                0x00000000000002c0       0x20 obj_cooja/mtype967.a(uip-ds6-route.o)
 .debug_aranges
                0x00000000000002e0       0x20 obj_cooja/mtype967.a(uip-ds6-nbr.o)
 .debug_aranges
                0x0000000000000300       0x20 obj_cooja/mtype967.a(uip-ds6.o)
 .debug_aranges
                0x0000000000000320       0x20 obj_cooja/mtype967.a(uip-nd6.o)
 .debug_aranges
                0x0000000000000340       0x20 obj_cooja/mtype967.a(uip-packetqueue)
 .debug_aranges
                0x0000000000000360       0x20 obj_cooja/mtype967.a(uip-udp-packet.)
 .debug_aranges
                0x0000000000000380       0x20 obj_cooja/mtype967.a(uip6.o)
 .debug_aranges
                0x00000000000003a0       0x20 obj_cooja/mtype967.a(simEnvChange.o)
 .debug_aranges
                0x00000000000003c0       0x20 obj_cooja/mtype967.a(cooja_mt.o)
 .debug_aranges
                0x00000000000003e0       0x20 obj_cooja/mtype967.a(cooja_mtarch.o)
 .debug_aranges
                0x0000000000000400       0x20 obj_cooja/mtype967.a(rtimer-arch.o)
 .debug_aranges
                0x0000000000000420       0x20 obj_cooja/mtype967.a(watchdog.o)
 .debug_aranges
                0x0000000000000440       0x20 obj_cooja/mtype967.a(beep.o)
 .debug_aranges
                0x0000000000000460       0x20 obj_cooja/mtype967.a(button-sensor.o)
 .debug_aranges
                0x0000000000000480       0x20 obj_cooja/mtype967.a(leds-arch.o)
 .debug_aranges
                0x00000000000004a0       0x20 obj_cooja/mtype967.a(moteid.o)
 .debug_aranges
                0x00000000000004c0       0x20 obj_cooja/mtype967.a(pir-sensor.o)
 .debug_aranges
                0x00000000000004e0       0x20 obj_cooja/mtype967.a(rs232.o)
 .debug_aranges
                0x0000000000000500       0x20 obj_cooja/mtype967.a(vib-sensor.o)
 .debug_aranges
                0x0000000000000520       0x20 obj_cooja/mtype967.a(clock.o)
 .debug_aranges
                0x0000000000000540       0x20 obj_cooja/mtype967.a(log.o)
 .debug_aranges
                0x0000000000000560       0x20 obj_cooja/mtype967.a(cfs-cooja.o)
 .debug_aranges
                0x0000000000000580       0x20 obj_cooja/mtype967.a(cooja-radio.o)
 .debug_aranges
                0x00000000000005a0       0x20 obj_cooja/mtype967.a(sensors.o)
 .debug_aranges
                0x00000000000005c0       0x20 obj_cooja/mtype967.a(frame802154.o)
 .debug_aranges
                0x00000000000005e0       0x20 obj_cooja/mtype967.a(rpl.o)
 .debug_aranges
                0x0000000000000600       0x20 obj_cooja/mtype967.a(rpl-dag.o)
 .debug_aranges
                0x0000000000000620       0x20 obj_cooja/mtype967.a(rpl-icmp6.o)
 .debug_aranges
                0x0000000000000640       0x20 obj_cooja/mtype967.a(rpl-timers.o)
 .debug_aranges
                0x0000000000000660       0x20 obj_cooja/mtype967.a(rpl-mrhof.o)
 .debug_aranges
                0x0000000000000680       0x20 obj_cooja/mtype967.a(rpl-ext-header.)
 .debug_aranges
                0x00000000000006a0       0x20 obj_cooja/mtype967.a(timer.o)
 .debug_aranges
                0x00000000000006c0       0x20 obj_cooja/mtype967.a(energest.o)
 .debug_aranges
                0x00000000000006e0       0x20 obj_cooja/mtype967.a(rtimer.o)
 .debug_aranges
                0x0000000000000700       0x20 obj_cooja/mtype967.a(stimer.o)
 .debug_aranges
                0x0000000000000720       0x20 obj_cooja/mtype967.a(nbr-table.o)
 .debug_aranges
                0x0000000000000740       0x20 obj_cooja/mtype967.a(uip-icmp6.o)

.debug_pubnames
 *(.debug_pubnames)

.debug_info     0x0000000000000000    0x19b77
 *(.debug_info .gnu.linkonce.wi.*)
 .debug_info    0x0000000000000000      0x759 udp-client.co
 .debug_info    0x0000000000000759     0x3ac8 obj_cooja/mtype967.o
 .debug_info    0x0000000000004221      0x165 obj_cooja/mtype967.a(rimeaddr.o)
 .debug_info    0x0000000000004386      0xc19 obj_cooja/mtype967.a(nullrdc.o)
 .debug_info    0x0000000000004f9f      0x110 obj_cooja/mtype967.a(mac.o)
 .debug_info    0x00000000000050af      0x5ef obj_cooja/mtype967.a(framer-802154.o)
 .debug_info    0x000000000000569e      0xb70 obj_cooja/mtype967.a(csma.o)
 .debug_info    0x000000000000620e      0x4fe obj_cooja/mtype967.a(process.o)
 .debug_info    0x000000000000670c      0x1b5 obj_cooja/mtype967.a(autostart.o)
 .debug_info    0x00000000000068c1      0x2f2 obj_cooja/mtype967.a(serial-line.o)
 .debug_info    0x0000000000006bb3      0x1a1 obj_cooja/mtype967.a(memb.o)
 .debug_info    0x0000000000006d54      0x31f obj_cooja/mtype967.a(list.o)
 .debug_info    0x0000000000007073      0x4b1 obj_cooja/mtype967.a(etimer.o)
 .debug_info    0x0000000000007524      0x453 obj_cooja/mtype967.a(ctimer.o)
 .debug_info    0x0000000000007977       0xb4 obj_cooja/mtype967.a(random.o)
 .debug_info    0x0000000000007a2b      0x1bf obj_cooja/mtype967.a(ringbuf.o)
 .debug_info    0x0000000000007bea      0x3b6 obj_cooja/mtype967.a(netstack.o)
 .debug_info    0x0000000000007fa0      0x5b6 obj_cooja/mtype967.a(packetbuf.o)
 .debug_info    0x0000000000008556      0x69a obj_cooja/mtype967.a(queuebuf.o)
 .debug_info    0x0000000000008bf0      0xe5f obj_cooja/mtype967.a(sicslowpan.o)
 .debug_info    0x0000000000009a4f     0x1741 obj_cooja/mtype967.a(tcpip.o)
 .debug_info    0x000000000000b190      0x1b8 obj_cooja/mtype967.a(uip-debug.o)
 .debug_info    0x000000000000b348      0xcaf obj_cooja/mtype967.a(uip-ds6-route.o)
 .debug_info    0x000000000000bff7      0xb8e obj_cooja/mtype967.a(uip-ds6-nbr.o)
 .debug_info    0x000000000000cb85      0xaf6 obj_cooja/mtype967.a(uip-ds6.o)
 .debug_info    0x000000000000d67b      0x9de obj_cooja/mtype967.a(uip-nd6.o)
 .debug_info    0x000000000000e059      0x4bc obj_cooja/mtype967.a(uip-packetqueue)
 .debug_info    0x000000000000e515      0x394 obj_cooja/mtype967.a(uip-udp-packet.)
 .debug_info    0x000000000000e8a9      0xf26 obj_cooja/mtype967.a(uip6.o)
 .debug_info    0x000000000000f7cf      0x164 obj_cooja/mtype967.a(simEnvChange.o)
 .debug_info    0x000000000000f933      0x1f9 obj_cooja/mtype967.a(cooja_mt.o)
 .debug_info    0x000000000000fb2c      0x327 obj_cooja/mtype967.a(cooja_mtarch.o)
 .debug_info    0x000000000000fe53      0x182 obj_cooja/mtype967.a(rtimer-arch.o)
 .debug_info    0x000000000000ffd5       0x8f obj_cooja/mtype967.a(watchdog.o)
 .debug_info    0x0000000000010064      0x21d obj_cooja/mtype967.a(beep.o)
 .debug_info    0x0000000000010281      0x277 obj_cooja/mtype967.a(button-sensor.o)
 .debug_info    0x00000000000104f8      0x144 obj_cooja/mtype967.a(leds-arch.o)
 .debug_info    0x000000000001063c      0x112 obj_cooja/mtype967.a(moteid.o)
 .debug_info    0x000000000001074e      0x232 obj_cooja/mtype967.a(pir-sensor.o)
 .debug_info    0x0000000000010980      0x24e obj_cooja/mtype967.a(rs232.o)
 .debug_info    0x0000000000010bce      0x232 obj_cooja/mtype967.a(vib-sensor.o)
 .debug_info    0x0000000000010e00      0x168 obj_cooja/mtype967.a(clock.o)
 .debug_info    0x0000000000010f68      0x2df obj_cooja/mtype967.a(log.o)
 .debug_info    0x0000000000011247      0x412 obj_cooja/mtype967.a(cfs-cooja.o)
 .debug_info    0x0000000000011659      0x97f obj_cooja/mtype967.a(cooja-radio.o)
 .debug_info    0x0000000000011fd8      0x394 obj_cooja/mtype967.a(sensors.o)
 .debug_info    0x000000000001236c      0x146 obj_cooja/mtype967.a(rimestats.o)
 .debug_info    0x00000000000124b2      0x46b obj_cooja/mtype967.a(frame802154.o)
 .debug_info    0x000000000001291d      0xce5 obj_cooja/mtype967.a(rpl.o)
 .debug_info    0x0000000000013602     0x18cf obj_cooja/mtype967.a(rpl-dag.o)
 .debug_info    0x0000000000014ed1     0x1591 obj_cooja/mtype967.a(rpl-icmp6.o)
 .debug_info    0x0000000000016462      0xcd5 obj_cooja/mtype967.a(rpl-timers.o)
 .debug_info    0x0000000000017137      0xa50 obj_cooja/mtype967.a(rpl-mrhof.o)
 .debug_info    0x0000000000017b87      0xce0 obj_cooja/mtype967.a(rpl-ext-header.)
 .debug_info    0x0000000000018867      0x17d obj_cooja/mtype967.a(timer.o)
 .debug_info    0x00000000000189e4       0xf1 obj_cooja/mtype967.a(energest.o)
 .debug_info    0x0000000000018ad5      0x1b7 obj_cooja/mtype967.a(rtimer.o)
 .debug_info    0x0000000000018c8c      0x18e obj_cooja/mtype967.a(stimer.o)
 .debug_info    0x0000000000018e1a      0x843 obj_cooja/mtype967.a(nbr-table.o)
 .debug_info    0x000000000001965d      0x51a obj_cooja/mtype967.a(uip-icmp6.o)

.debug_abbrev   0x0000000000000000     0x55d3
 *(.debug_abbrev)
 .debug_abbrev  0x0000000000000000      0x1a4 udp-client.co
 .debug_abbrev  0x00000000000001a4      0x28b obj_cooja/mtype967.o
 .debug_abbrev  0x000000000000042f       0xd2 obj_cooja/mtype967.a(rimeaddr.o)
 .debug_abbrev  0x0000000000000501      0x2c2 obj_cooja/mtype967.a(nullrdc.o)
 .debug_abbrev  0x00000000000007c3       0xa0 obj_cooja/mtype967.a(mac.o)
 .debug_abbrev  0x0000000000000863      0x1b7 obj_cooja/mtype967.a(framer-802154.o)
 .debug_abbrev  0x0000000000000a1a      0x2b3 obj_cooja/mtype967.a(csma.o)
 .debug_abbrev  0x0000000000000ccd      0x1fb obj_cooja/mtype967.a(process.o)
 .debug_abbrev  0x0000000000000ec8       0xf5 obj_cooja/mtype967.a(autostart.o)
 .debug_abbrev  0x0000000000000fbd      0x18e obj_cooja/mtype967.a(serial-line.o)
 .debug_abbrev  0x000000000000114b       0xdb obj_cooja/mtype967.a(memb.o)
 .debug_abbrev  0x0000000000001226      0x11c obj_cooja/mtype967.a(list.o)
 .debug_abbrev  0x0000000000001342      0x1cc obj_cooja/mtype967.a(etimer.o)
 .debug_abbrev  0x000000000000150e      0x195 obj_cooja/mtype967.a(ctimer.o)
 .debug_abbrev  0x00000000000016a3       0x67 obj_cooja/mtype967.a(random.o)
 .debug_abbrev  0x000000000000170a       0xd2 obj_cooja/mtype967.a(ringbuf.o)
 .debug_abbrev  0x00000000000017dc       0xda obj_cooja/mtype967.a(netstack.o)
 .debug_abbrev  0x00000000000018b6      0x1be obj_cooja/mtype967.a(packetbuf.o)
 .debug_abbrev  0x0000000000001a74      0x1b6 obj_cooja/mtype967.a(queuebuf.o)
 .debug_abbrev  0x0000000000001c2a      0x27c obj_cooja/mtype967.a(sicslowpan.o)
 .debug_abbrev  0x0000000000001ea6      0x2e7 obj_cooja/mtype967.a(tcpip.o)
 .debug_abbrev  0x000000000000218d       0xc8 obj_cooja/mtype967.a(uip-debug.o)
 .debug_abbrev  0x0000000000002255      0x287 obj_cooja/mtype967.a(uip-ds6-route.o)
 .debug_abbrev  0x00000000000024dc      0x27b obj_cooja/mtype967.a(uip-ds6-nbr.o)
 .debug_abbrev  0x0000000000002757      0x1e8 obj_cooja/mtype967.a(uip-ds6.o)
 .debug_abbrev  0x000000000000293f      0x212 obj_cooja/mtype967.a(uip-nd6.o)
 .debug_abbrev  0x0000000000002b51      0x17d obj_cooja/mtype967.a(uip-packetqueue)
 .debug_abbrev  0x0000000000002cce      0x189 obj_cooja/mtype967.a(uip-udp-packet.)
 .debug_abbrev  0x0000000000002e57      0x259 obj_cooja/mtype967.a(uip6.o)
 .debug_abbrev  0x00000000000030b0       0xc0 obj_cooja/mtype967.a(simEnvChange.o)
 .debug_abbrev  0x0000000000003170       0xe0 obj_cooja/mtype967.a(cooja_mt.o)
 .debug_abbrev  0x0000000000003250      0x126 obj_cooja/mtype967.a(cooja_mtarch.o)
 .debug_abbrev  0x0000000000003376       0xa9 obj_cooja/mtype967.a(rtimer-arch.o)
 .debug_abbrev  0x000000000000341f       0x29 obj_cooja/mtype967.a(watchdog.o)
 .debug_abbrev  0x0000000000003448       0xda obj_cooja/mtype967.a(beep.o)
 .debug_abbrev  0x0000000000003522       0xe6 obj_cooja/mtype967.a(button-sensor.o)
 .debug_abbrev  0x0000000000003608       0xd5 obj_cooja/mtype967.a(leds-arch.o)
 .debug_abbrev  0x00000000000036dd       0x83 obj_cooja/mtype967.a(moteid.o)
 .debug_abbrev  0x0000000000003760       0xca obj_cooja/mtype967.a(pir-sensor.o)
 .debug_abbrev  0x000000000000382a      0x13a obj_cooja/mtype967.a(rs232.o)
 .debug_abbrev  0x0000000000003964       0xca obj_cooja/mtype967.a(vib-sensor.o)
 .debug_abbrev  0x0000000000003a2e       0xe2 obj_cooja/mtype967.a(clock.o)
 .debug_abbrev  0x0000000000003b10      0x11e obj_cooja/mtype967.a(log.o)
 .debug_abbrev  0x0000000000003c2e      0x133 obj_cooja/mtype967.a(cfs-cooja.o)
 .debug_abbrev  0x0000000000003d61      0x24f obj_cooja/mtype967.a(cooja-radio.o)
 .debug_abbrev  0x0000000000003fb0      0x19c obj_cooja/mtype967.a(sensors.o)
 .debug_abbrev  0x000000000000414c       0x5d obj_cooja/mtype967.a(rimestats.o)
 .debug_abbrev  0x00000000000041a9      0x13f obj_cooja/mtype967.a(frame802154.o)
 .debug_abbrev  0x00000000000042e8      0x1b4 obj_cooja/mtype967.a(rpl.o)
 .debug_abbrev  0x000000000000449c      0x2b0 obj_cooja/mtype967.a(rpl-dag.o)
 .debug_abbrev  0x000000000000474c      0x2ad obj_cooja/mtype967.a(rpl-icmp6.o)
 .debug_abbrev  0x00000000000049f9      0x240 obj_cooja/mtype967.a(rpl-timers.o)
 .debug_abbrev  0x0000000000004c39      0x19c obj_cooja/mtype967.a(rpl-mrhof.o)
 .debug_abbrev  0x0000000000004dd5      0x1f0 obj_cooja/mtype967.a(rpl-ext-header.)
 .debug_abbrev  0x0000000000004fc5       0xd2 obj_cooja/mtype967.a(timer.o)
 .debug_abbrev  0x0000000000005097       0x8d obj_cooja/mtype967.a(energest.o)
 .debug_abbrev  0x0000000000005124      0x11b obj_cooja/mtype967.a(rtimer.o)
 .debug_abbrev  0x000000000000523f       0xb6 obj_cooja/mtype967.a(stimer.o)
 .debug_abbrev  0x00000000000052f5      0x1a7 obj_cooja/mtype967.a(nbr-table.o)
 .debug_abbrev  0x000000000000549c      0x137 obj_cooja/mtype967.a(uip-icmp6.o)

.debug_line     0x0000000000000000     0x68d4
 *(.debug_line)
 .debug_line    0x0000000000000000      0x1d9 udp-client.co
 .debug_line    0x00000000000001d9      0x471 obj_cooja/mtype967.o
 .debug_line    0x000000000000064a       0x83 obj_cooja/mtype967.a(rimeaddr.o)
 .debug_line    0x00000000000006cd      0x28d obj_cooja/mtype967.a(nullrdc.o)
 .debug_line    0x000000000000095a       0x78 obj_cooja/mtype967.a(mac.o)
 .debug_line    0x00000000000009d2      0x180 obj_cooja/mtype967.a(framer-802154.o)
 .debug_line    0x0000000000000b52      0x288 obj_cooja/mtype967.a(csma.o)
 .debug_line    0x0000000000000dda      0x17b obj_cooja/mtype967.a(process.o)
 .debug_line    0x0000000000000f55       0xae obj_cooja/mtype967.a(autostart.o)
 .debug_line    0x0000000000001003      0x11c obj_cooja/mtype967.a(serial-line.o)
 .debug_line    0x000000000000111f       0xb4 obj_cooja/mtype967.a(memb.o)
 .debug_line    0x00000000000011d3      0x10b obj_cooja/mtype967.a(list.o)
 .debug_line    0x00000000000012de      0x18f obj_cooja/mtype967.a(etimer.o)
 .debug_line    0x000000000000146d      0x17a obj_cooja/mtype967.a(ctimer.o)
 .debug_line    0x00000000000015e7       0x4f obj_cooja/mtype967.a(random.o)
 .debug_line    0x0000000000001636       0xac obj_cooja/mtype967.a(ringbuf.o)
 .debug_line    0x00000000000016e2       0xbc obj_cooja/mtype967.a(netstack.o)
 .debug_line    0x000000000000179e      0x16e obj_cooja/mtype967.a(packetbuf.o)
 .debug_line    0x000000000000190c      0x132 obj_cooja/mtype967.a(queuebuf.o)
 .debug_line    0x0000000000001a3e      0x668 obj_cooja/mtype967.a(sicslowpan.o)